ARM GAS  C:\Users\Miks\AppData\Local\Temp\ccvXKx7K.s 			page 1


   1              		.cpu cortex-m4
   2              		.arch armv7e-m
   3              		.fpu fpv4-sp-d16
   4              		.eabi_attribute 27, 1
   5              		.eabi_attribute 28, 1
   6              		.eabi_attribute 20, 1
   7              		.eabi_attribute 21, 1
   8              		.eabi_attribute 23, 3
   9              		.eabi_attribute 24, 1
  10              		.eabi_attribute 25, 1
  11              		.eabi_attribute 26, 1
  12              		.eabi_attribute 30, 1
  13              		.eabi_attribute 34, 1
  14              		.eabi_attribute 18, 4
  15              		.file	"25flash.c"
  16              		.text
  17              	.Ltext0:
  18              		.cfi_sections	.debug_frame
  19              		.file 1 "Core/Src/25flash.c"
  20              		.section	.text.MX25FLASH_SPI_Write,"ax",%progbits
  21              		.align	1
  22              		.global	MX25FLASH_SPI_Write
  23              		.syntax unified
  24              		.thumb
  25              		.thumb_func
  27              	MX25FLASH_SPI_Write:
  28              	.LVL0:
  29              	.LFB239:
   1:Core/Src/25flash.c **** #include "25flash.h"
   2:Core/Src/25flash.c **** 
   3:Core/Src/25flash.c **** void MX25FLASH_SPI_Write (uint8_t *data, uint16_t len){
  30              		.loc 1 3 55 view -0
  31              		.cfi_startproc
  32              		@ args = 0, pretend = 0, frame = 0
  33              		@ frame_needed = 0, uses_anonymous_args = 0
  34              		.loc 1 3 55 is_stmt 0 view .LVU1
  35 0000 08B5     		push	{r3, lr}
  36              		.cfi_def_cfa_offset 8
  37              		.cfi_offset 3, -8
  38              		.cfi_offset 14, -4
  39 0002 0A46     		mov	r2, r1
   4:Core/Src/25flash.c **** 	HAL_SPI_Transmit(&FLASH_SPI, data, len, 2000);
  40              		.loc 1 4 2 is_stmt 1 view .LVU2
  41 0004 4FF4FA63 		mov	r3, #2000
  42 0008 0146     		mov	r1, r0
  43              	.LVL1:
  44              		.loc 1 4 2 is_stmt 0 view .LVU3
  45 000a 0248     		ldr	r0, .L3
  46              	.LVL2:
  47              		.loc 1 4 2 view .LVU4
  48 000c FFF7FEFF 		bl	HAL_SPI_Transmit
  49              	.LVL3:
   5:Core/Src/25flash.c **** }
  50              		.loc 1 5 1 view .LVU5
  51 0010 08BD     		pop	{r3, pc}
  52              	.L4:
  53 0012 00BF     		.align	2
ARM GAS  C:\Users\Miks\AppData\Local\Temp\ccvXKx7K.s 			page 2


  54              	.L3:
  55 0014 00000000 		.word	hspi1
  56              		.cfi_endproc
  57              	.LFE239:
  59              		.section	.text.MX25FLASH_SPI_Read,"ax",%progbits
  60              		.align	1
  61              		.global	MX25FLASH_SPI_Read
  62              		.syntax unified
  63              		.thumb
  64              		.thumb_func
  66              	MX25FLASH_SPI_Read:
  67              	.LVL4:
  68              	.LFB240:
   6:Core/Src/25flash.c **** 
   7:Core/Src/25flash.c **** HAL_StatusTypeDef MX25FLASH_SPI_Read (uint8_t *data, uint16_t len){
  69              		.loc 1 7 67 is_stmt 1 view -0
  70              		.cfi_startproc
  71              		@ args = 0, pretend = 0, frame = 0
  72              		@ frame_needed = 0, uses_anonymous_args = 0
  73              		.loc 1 7 67 is_stmt 0 view .LVU7
  74 0000 08B5     		push	{r3, lr}
  75              		.cfi_def_cfa_offset 8
  76              		.cfi_offset 3, -8
  77              		.cfi_offset 14, -4
  78 0002 0A46     		mov	r2, r1
   8:Core/Src/25flash.c **** 	return HAL_SPI_Receive(&FLASH_SPI, data, len, 5000);
  79              		.loc 1 8 2 is_stmt 1 view .LVU8
  80              		.loc 1 8 9 is_stmt 0 view .LVU9
  81 0004 41F28833 		movw	r3, #5000
  82 0008 0146     		mov	r1, r0
  83              	.LVL5:
  84              		.loc 1 8 9 view .LVU10
  85 000a 0248     		ldr	r0, .L7
  86              	.LVL6:
  87              		.loc 1 8 9 view .LVU11
  88 000c FFF7FEFF 		bl	HAL_SPI_Receive
  89              	.LVL7:
   9:Core/Src/25flash.c **** }
  90              		.loc 1 9 1 view .LVU12
  91 0010 08BD     		pop	{r3, pc}
  92              	.L8:
  93 0012 00BF     		.align	2
  94              	.L7:
  95 0014 00000000 		.word	hspi1
  96              		.cfi_endproc
  97              	.LFE240:
  99              		.section	.text.MX25FLASH_Reset,"ax",%progbits
 100              		.align	1
 101              		.global	MX25FLASH_Reset
 102              		.syntax unified
 103              		.thumb
 104              		.thumb_func
 106              	MX25FLASH_Reset:
 107              	.LFB241:
  10:Core/Src/25flash.c **** 
  11:Core/Src/25flash.c **** void MX25FLASH_Reset(void){
 108              		.loc 1 11 27 is_stmt 1 view -0
ARM GAS  C:\Users\Miks\AppData\Local\Temp\ccvXKx7K.s 			page 3


 109              		.cfi_startproc
 110              		@ args = 0, pretend = 0, frame = 8
 111              		@ frame_needed = 0, uses_anonymous_args = 0
 112 0000 10B5     		push	{r4, lr}
 113              		.cfi_def_cfa_offset 8
 114              		.cfi_offset 4, -8
 115              		.cfi_offset 14, -4
 116 0002 82B0     		sub	sp, sp, #8
 117              		.cfi_def_cfa_offset 16
  12:Core/Src/25flash.c **** 	uint8_t tData[2];
 118              		.loc 1 12 2 view .LVU14
  13:Core/Src/25flash.c **** 
  14:Core/Src/25flash.c **** 	tData[0] = 0x66;  // enable Reset
 119              		.loc 1 14 2 view .LVU15
 120              		.loc 1 14 11 is_stmt 0 view .LVU16
 121 0004 6623     		movs	r3, #102
 122 0006 8DF80430 		strb	r3, [sp, #4]
  15:Core/Src/25flash.c **** 	tData[1] = 0x99;  // Reset
 123              		.loc 1 15 2 is_stmt 1 view .LVU17
 124              		.loc 1 15 11 is_stmt 0 view .LVU18
 125 000a 9923     		movs	r3, #153
 126 000c 8DF80530 		strb	r3, [sp, #5]
  16:Core/Src/25flash.c ****     FLASH_CS_LOW();
 127              		.loc 1 16 5 is_stmt 1 view .LVU19
 128 0010 094C     		ldr	r4, .L11
 129 0012 0022     		movs	r2, #0
 130 0014 1021     		movs	r1, #16
 131 0016 2046     		mov	r0, r4
 132 0018 FFF7FEFF 		bl	HAL_GPIO_WritePin
 133              	.LVL8:
  17:Core/Src/25flash.c **** 	MX25FLASH_SPI_Write(tData, 2);
 134              		.loc 1 17 2 view .LVU20
 135 001c 0221     		movs	r1, #2
 136 001e 01A8     		add	r0, sp, #4
 137 0020 FFF7FEFF 		bl	MX25FLASH_SPI_Write
 138              	.LVL9:
  18:Core/Src/25flash.c **** 	FLASH_CS_HIGH(); // pull the HIGH
 139              		.loc 1 18 2 view .LVU21
 140 0024 0122     		movs	r2, #1
 141 0026 1021     		movs	r1, #16
 142 0028 2046     		mov	r0, r4
 143 002a FFF7FEFF 		bl	HAL_GPIO_WritePin
 144              	.LVL10:
  19:Core/Src/25flash.c ****     HAL_Delay(100);
 145              		.loc 1 19 5 view .LVU22
 146 002e 6420     		movs	r0, #100
 147 0030 FFF7FEFF 		bl	HAL_Delay
 148              	.LVL11:
  20:Core/Src/25flash.c **** }
 149              		.loc 1 20 1 is_stmt 0 view .LVU23
 150 0034 02B0     		add	sp, sp, #8
 151              		.cfi_def_cfa_offset 8
 152              		@ sp needed
 153 0036 10BD     		pop	{r4, pc}
 154              	.L12:
 155              		.align	2
 156              	.L11:
ARM GAS  C:\Users\Miks\AppData\Local\Temp\ccvXKx7K.s 			page 4


 157 0038 00080240 		.word	1073874944
 158              		.cfi_endproc
 159              	.LFE241:
 161              		.section	.text.MX25FLASH_ReadID,"ax",%progbits
 162              		.align	1
 163              		.global	MX25FLASH_ReadID
 164              		.syntax unified
 165              		.thumb
 166              		.thumb_func
 168              	MX25FLASH_ReadID:
 169              	.LFB242:
  21:Core/Src/25flash.c **** 
  22:Core/Src/25flash.c **** uint32_t MX25FLASH_ReadID(void){
 170              		.loc 1 22 32 is_stmt 1 view -0
 171              		.cfi_startproc
 172              		@ args = 0, pretend = 0, frame = 8
 173              		@ frame_needed = 0, uses_anonymous_args = 0
 174 0000 10B5     		push	{r4, lr}
 175              		.cfi_def_cfa_offset 8
 176              		.cfi_offset 4, -8
 177              		.cfi_offset 14, -4
 178 0002 82B0     		sub	sp, sp, #8
 179              		.cfi_def_cfa_offset 16
  23:Core/Src/25flash.c **** 	uint8_t tData = 0x9f;  // Read ID
 180              		.loc 1 23 2 view .LVU25
 181              		.loc 1 23 10 is_stmt 0 view .LVU26
 182 0004 9F23     		movs	r3, #159
 183 0006 8DF80730 		strb	r3, [sp, #7]
  24:Core/Src/25flash.c **** 	uint8_t rData[3];
 184              		.loc 1 24 2 is_stmt 1 view .LVU27
  25:Core/Src/25flash.c **** 	FLASH_CS_LOW();  // pull the CS LOW
 185              		.loc 1 25 2 view .LVU28
 186 000a 104C     		ldr	r4, .L15
 187 000c 0022     		movs	r2, #0
 188 000e 1021     		movs	r1, #16
 189 0010 2046     		mov	r0, r4
 190 0012 FFF7FEFF 		bl	HAL_GPIO_WritePin
 191              	.LVL12:
  26:Core/Src/25flash.c **** 	MX25FLASH_SPI_Write(&tData, 1);
 192              		.loc 1 26 2 view .LVU29
 193 0016 0121     		movs	r1, #1
 194 0018 0DF10700 		add	r0, sp, #7
 195 001c FFF7FEFF 		bl	MX25FLASH_SPI_Write
 196              	.LVL13:
  27:Core/Src/25flash.c **** 	MX25FLASH_SPI_Read(rData, 3);
 197              		.loc 1 27 2 view .LVU30
 198 0020 0321     		movs	r1, #3
 199 0022 01A8     		add	r0, sp, #4
 200 0024 FFF7FEFF 		bl	MX25FLASH_SPI_Read
 201              	.LVL14:
  28:Core/Src/25flash.c **** 	FLASH_CS_HIGH();  // pull the HIGH
 202              		.loc 1 28 2 view .LVU31
 203 0028 0122     		movs	r2, #1
 204 002a 1021     		movs	r1, #16
 205 002c 2046     		mov	r0, r4
 206 002e FFF7FEFF 		bl	HAL_GPIO_WritePin
 207              	.LVL15:
ARM GAS  C:\Users\Miks\AppData\Local\Temp\ccvXKx7K.s 			page 5


  29:Core/Src/25flash.c **** 	return ((rData[0]<<16)|(rData[1]<<8)|rData[2]); // MFN ID : MEM ID : CAPACITY ID
 208              		.loc 1 29 2 view .LVU32
 209              		.loc 1 29 16 is_stmt 0 view .LVU33
 210 0032 9DF80420 		ldrb	r2, [sp, #4]	@ zero_extendqisi2
 211              		.loc 1 29 31 view .LVU34
 212 0036 9DF80530 		ldrb	r3, [sp, #5]	@ zero_extendqisi2
 213              		.loc 1 29 34 view .LVU35
 214 003a 1B02     		lsls	r3, r3, #8
 215              		.loc 1 29 24 view .LVU36
 216 003c 43EA0243 		orr	r3, r3, r2, lsl #16
 217              		.loc 1 29 44 view .LVU37
 218 0040 9DF80600 		ldrb	r0, [sp, #6]	@ zero_extendqisi2
  30:Core/Src/25flash.c **** }
 219              		.loc 1 30 1 view .LVU38
 220 0044 1843     		orrs	r0, r0, r3
 221 0046 02B0     		add	sp, sp, #8
 222              		.cfi_def_cfa_offset 8
 223              		@ sp needed
 224 0048 10BD     		pop	{r4, pc}
 225              	.L16:
 226 004a 00BF     		.align	2
 227              	.L15:
 228 004c 00080240 		.word	1073874944
 229              		.cfi_endproc
 230              	.LFE242:
 232              		.section	.text.MX25FLASH_Read,"ax",%progbits
 233              		.align	1
 234              		.global	MX25FLASH_Read
 235              		.syntax unified
 236              		.thumb
 237              		.thumb_func
 239              	MX25FLASH_Read:
 240              	.LVL16:
 241              	.LFB243:
  31:Core/Src/25flash.c **** 
  32:Core/Src/25flash.c **** uint8_t MX25FLASH_Read(uint32_t address){
 242              		.loc 1 32 41 is_stmt 1 view -0
 243              		.cfi_startproc
 244              		@ args = 0, pretend = 0, frame = 8
 245              		@ frame_needed = 0, uses_anonymous_args = 0
 246              		.loc 1 32 41 is_stmt 0 view .LVU40
 247 0000 10B5     		push	{r4, lr}
 248              		.cfi_def_cfa_offset 8
 249              		.cfi_offset 4, -8
 250              		.cfi_offset 14, -4
 251 0002 82B0     		sub	sp, sp, #8
 252              		.cfi_def_cfa_offset 16
  33:Core/Src/25flash.c ****     uint8_t tData[4];
 253              		.loc 1 33 5 is_stmt 1 view .LVU41
  34:Core/Src/25flash.c **** 	tData[0] = 0x03;
 254              		.loc 1 34 2 view .LVU42
 255              		.loc 1 34 11 is_stmt 0 view .LVU43
 256 0004 0323     		movs	r3, #3
 257 0006 8DF80430 		strb	r3, [sp, #4]
  35:Core/Src/25flash.c ****     tData[1] = (address >> 16) & 0xFF;  // Most significant byte
 258              		.loc 1 35 5 is_stmt 1 view .LVU44
 259              		.loc 1 35 25 is_stmt 0 view .LVU45
ARM GAS  C:\Users\Miks\AppData\Local\Temp\ccvXKx7K.s 			page 6


 260 000a 030C     		lsrs	r3, r0, #16
 261              		.loc 1 35 14 view .LVU46
 262 000c 8DF80530 		strb	r3, [sp, #5]
  36:Core/Src/25flash.c ****     tData[2] = (address >> 8) & 0xFF;
 263              		.loc 1 36 5 is_stmt 1 view .LVU47
 264              		.loc 1 36 25 is_stmt 0 view .LVU48
 265 0010 030A     		lsrs	r3, r0, #8
 266              		.loc 1 36 14 view .LVU49
 267 0012 8DF80630 		strb	r3, [sp, #6]
  37:Core/Src/25flash.c ****     tData[3] = address & 0xFF;          // Least significant byte
 268              		.loc 1 37 5 is_stmt 1 view .LVU50
 269              		.loc 1 37 14 is_stmt 0 view .LVU51
 270 0016 8DF80700 		strb	r0, [sp, #7]
  38:Core/Src/25flash.c **** 	uint8_t rData[1];
 271              		.loc 1 38 2 is_stmt 1 view .LVU52
  39:Core/Src/25flash.c **** 	FLASH_CS_LOW();  // pull the CS LOW
 272              		.loc 1 39 2 view .LVU53
 273 001a 0C4C     		ldr	r4, .L19
 274 001c 0022     		movs	r2, #0
 275 001e 1021     		movs	r1, #16
 276 0020 2046     		mov	r0, r4
 277              	.LVL17:
 278              		.loc 1 39 2 is_stmt 0 view .LVU54
 279 0022 FFF7FEFF 		bl	HAL_GPIO_WritePin
 280              	.LVL18:
  40:Core/Src/25flash.c ****     MX25FLASH_SPI_Write(tData, 4);
 281              		.loc 1 40 5 is_stmt 1 view .LVU55
 282 0026 0421     		movs	r1, #4
 283 0028 0DEB0100 		add	r0, sp, r1
 284 002c FFF7FEFF 		bl	MX25FLASH_SPI_Write
 285              	.LVL19:
  41:Core/Src/25flash.c **** 	MX25FLASH_SPI_Read(rData, 1);
 286              		.loc 1 41 2 view .LVU56
 287 0030 0121     		movs	r1, #1
 288 0032 6846     		mov	r0, sp
 289 0034 FFF7FEFF 		bl	MX25FLASH_SPI_Read
 290              	.LVL20:
  42:Core/Src/25flash.c **** 	FLASH_CS_HIGH();  // pull the HIGH
 291              		.loc 1 42 2 view .LVU57
 292 0038 0122     		movs	r2, #1
 293 003a 1021     		movs	r1, #16
 294 003c 2046     		mov	r0, r4
 295 003e FFF7FEFF 		bl	HAL_GPIO_WritePin
 296              	.LVL21:
  43:Core/Src/25flash.c ****     return rData[0];
 297              		.loc 1 43 5 view .LVU58
  44:Core/Src/25flash.c **** }
 298              		.loc 1 44 1 is_stmt 0 view .LVU59
 299 0042 9DF80000 		ldrb	r0, [sp]	@ zero_extendqisi2
 300 0046 02B0     		add	sp, sp, #8
 301              		.cfi_def_cfa_offset 8
 302              		@ sp needed
 303 0048 10BD     		pop	{r4, pc}
 304              	.L20:
 305 004a 00BF     		.align	2
 306              	.L19:
 307 004c 00080240 		.word	1073874944
ARM GAS  C:\Users\Miks\AppData\Local\Temp\ccvXKx7K.s 			page 7


 308              		.cfi_endproc
 309              	.LFE243:
 311              		.section	.text.MX25FLASH_WE,"ax",%progbits
 312              		.align	1
 313              		.global	MX25FLASH_WE
 314              		.syntax unified
 315              		.thumb
 316              		.thumb_func
 318              	MX25FLASH_WE:
 319              	.LFB245:
  45:Core/Src/25flash.c **** 
  46:Core/Src/25flash.c **** void MX25FLASH_Program_Page(uint16_t page, uint8_t data[256]){
  47:Core/Src/25flash.c **** 	MX25FLASH_WE();
  48:Core/Src/25flash.c ****     uint8_t tData[260];
  49:Core/Src/25flash.c **** 	uint32_t address = page * 0x100;
  50:Core/Src/25flash.c **** 	tData[0] = 0x02;
  51:Core/Src/25flash.c ****     tData[1] = (address >> 16) & 0xFF;  // Most significant byte
  52:Core/Src/25flash.c ****     tData[2] = (address >> 8) & 0xFF;
  53:Core/Src/25flash.c ****     tData[3] = address & 0xFF;          // Least significant byte
  54:Core/Src/25flash.c **** 	memcpy(&tData[4], data, 256); 
  55:Core/Src/25flash.c **** 	FLASH_CS_LOW();  // pull the CS LOW
  56:Core/Src/25flash.c ****     MX25FLASH_SPI_Write(tData, 260);
  57:Core/Src/25flash.c **** 	FLASH_CS_HIGH();  // pull the HIGH
  58:Core/Src/25flash.c **** 	MX25FLASH_WFE();
  59:Core/Src/25flash.c **** }
  60:Core/Src/25flash.c **** 
  61:Core/Src/25flash.c **** void MX25FLASH_WE(void){
 320              		.loc 1 61 24 is_stmt 1 view -0
 321              		.cfi_startproc
 322              		@ args = 0, pretend = 0, frame = 8
 323              		@ frame_needed = 0, uses_anonymous_args = 0
 324 0000 10B5     		push	{r4, lr}
 325              		.cfi_def_cfa_offset 8
 326              		.cfi_offset 4, -8
 327              		.cfi_offset 14, -4
 328 0002 82B0     		sub	sp, sp, #8
 329              		.cfi_def_cfa_offset 16
  62:Core/Src/25flash.c ****     uint8_t cmd = 0x06;
 330              		.loc 1 62 5 view .LVU61
 331              		.loc 1 62 13 is_stmt 0 view .LVU62
 332 0004 0623     		movs	r3, #6
 333 0006 8DF80730 		strb	r3, [sp, #7]
  63:Core/Src/25flash.c ****     FLASH_CS_LOW();
 334              		.loc 1 63 5 is_stmt 1 view .LVU63
 335 000a 094C     		ldr	r4, .L23
 336 000c 0022     		movs	r2, #0
 337 000e 1021     		movs	r1, #16
 338 0010 2046     		mov	r0, r4
 339 0012 FFF7FEFF 		bl	HAL_GPIO_WritePin
 340              	.LVL22:
  64:Core/Src/25flash.c ****     MX25FLASH_SPI_Write(&cmd, 1);
 341              		.loc 1 64 5 view .LVU64
 342 0016 0121     		movs	r1, #1
 343 0018 0DF10700 		add	r0, sp, #7
 344 001c FFF7FEFF 		bl	MX25FLASH_SPI_Write
 345              	.LVL23:
  65:Core/Src/25flash.c ****     FLASH_CS_HIGH();
ARM GAS  C:\Users\Miks\AppData\Local\Temp\ccvXKx7K.s 			page 8


 346              		.loc 1 65 5 view .LVU65
 347 0020 0122     		movs	r2, #1
 348 0022 1021     		movs	r1, #16
 349 0024 2046     		mov	r0, r4
 350 0026 FFF7FEFF 		bl	HAL_GPIO_WritePin
 351              	.LVL24:
  66:Core/Src/25flash.c **** }
 352              		.loc 1 66 1 is_stmt 0 view .LVU66
 353 002a 02B0     		add	sp, sp, #8
 354              		.cfi_def_cfa_offset 8
 355              		@ sp needed
 356 002c 10BD     		pop	{r4, pc}
 357              	.L24:
 358 002e 00BF     		.align	2
 359              	.L23:
 360 0030 00080240 		.word	1073874944
 361              		.cfi_endproc
 362              	.LFE245:
 364              		.section	.text.MX25FLASH_Read_LogBlock,"ax",%progbits
 365              		.align	1
 366              		.global	MX25FLASH_Read_LogBlock
 367              		.syntax unified
 368              		.thumb
 369              		.thumb_func
 371              	MX25FLASH_Read_LogBlock:
 372              	.LVL25:
 373              	.LFB249:
  67:Core/Src/25flash.c **** 
  68:Core/Src/25flash.c **** uint8_t MX25FLASH_Sector_Erase(uint32_t sector){
  69:Core/Src/25flash.c **** 	MX25FLASH_WE();
  70:Core/Src/25flash.c ****     uint8_t cmd[4];
  71:Core/Src/25flash.c ****     cmd[0] = 0x20;  // 4KB Sector Erase
  72:Core/Src/25flash.c ****     cmd[1] = (sector >> 16) & 0xFF;
  73:Core/Src/25flash.c ****     cmd[2] = (sector >> 8) & 0xFF;
  74:Core/Src/25flash.c ****     cmd[3] = sector & 0xFF;
  75:Core/Src/25flash.c **** 
  76:Core/Src/25flash.c ****     FLASH_CS_LOW();
  77:Core/Src/25flash.c ****     MX25FLASH_SPI_Write(cmd, 4);
  78:Core/Src/25flash.c ****     FLASH_CS_HIGH();
  79:Core/Src/25flash.c **** 	return MX25FLASH_WFE();
  80:Core/Src/25flash.c **** }
  81:Core/Src/25flash.c **** 
  82:Core/Src/25flash.c **** uint8_t _MX25FLASH_Sector_Erase(uint32_t sector){
  83:Core/Src/25flash.c **** 	MX25FLASH_WE();
  84:Core/Src/25flash.c ****     uint8_t cmd[4];
  85:Core/Src/25flash.c ****     sector = (sector << 4);
  86:Core/Src/25flash.c ****     cmd[0] = 0x20;  // 4KB Sector Erase
  87:Core/Src/25flash.c ****     cmd[1] = (sector >> 16) & 0xFF;
  88:Core/Src/25flash.c ****     cmd[2] = (sector >> 8) & 0xFF;
  89:Core/Src/25flash.c ****     cmd[3] = sector & 0xFF;
  90:Core/Src/25flash.c **** 
  91:Core/Src/25flash.c ****     FLASH_CS_LOW();
  92:Core/Src/25flash.c ****     MX25FLASH_SPI_Write(cmd, 4);
  93:Core/Src/25flash.c ****     FLASH_CS_HIGH();
  94:Core/Src/25flash.c **** 	return MX25FLASH_WFE();
  95:Core/Src/25flash.c **** }
  96:Core/Src/25flash.c **** 
ARM GAS  C:\Users\Miks\AppData\Local\Temp\ccvXKx7K.s 			page 9


  97:Core/Src/25flash.c **** uint8_t MX25FLASH_Program_Sector(uint32_t sector, uint8_t *data){
  98:Core/Src/25flash.c ****     MX25FLASH_WE();
  99:Core/Src/25flash.c ****     for (uint8_t pg = 0; pg < 16; pg++){
 100:Core/Src/25flash.c ****         uint8_t tData[260];
 101:Core/Src/25flash.c ****         uint32_t address = sector*0x1000 + pg * 0x100;
 102:Core/Src/25flash.c ****         tData[0] = 0x02;
 103:Core/Src/25flash.c ****         tData[1] = (address >> 16) & 0xFF;  // Most significant byte
 104:Core/Src/25flash.c ****         tData[2] = (address >> 8) & 0xFF;
 105:Core/Src/25flash.c ****         tData[3] = address & 0xFF;          // Least significant byte
 106:Core/Src/25flash.c ****         memcpy(&tData[4], &data[pg*256], 256); 
 107:Core/Src/25flash.c ****         FLASH_CS_LOW();  // pull the CS LOW
 108:Core/Src/25flash.c ****         MX25FLASH_SPI_Write(tData, 260);
 109:Core/Src/25flash.c ****         FLASH_CS_HIGH();  // pull the HIGH
 110:Core/Src/25flash.c ****     }
 111:Core/Src/25flash.c ****     return MX25FLASH_WFE();
 112:Core/Src/25flash.c **** }
 113:Core/Src/25flash.c **** 
 114:Core/Src/25flash.c **** void MX25FLASH_Read_LogBlock(uint32_t sector, uint8_t *data){
 374              		.loc 1 114 61 is_stmt 1 view -0
 375              		.cfi_startproc
 376              		@ args = 0, pretend = 0, frame = 0
 377              		@ frame_needed = 0, uses_anonymous_args = 0
 378              		.loc 1 114 61 is_stmt 0 view .LVU68
 379 0000 70B5     		push	{r4, r5, r6, lr}
 380              		.cfi_def_cfa_offset 16
 381              		.cfi_offset 4, -16
 382              		.cfi_offset 5, -12
 383              		.cfi_offset 6, -8
 384              		.cfi_offset 14, -4
 385 0002 0646     		mov	r6, r0
 386 0004 0D46     		mov	r5, r1
 115:Core/Src/25flash.c ****     for (uint32_t addr = 0; addr < 512; addr++){
 387              		.loc 1 115 5 is_stmt 1 view .LVU69
 388              	.LBB2:
 389              		.loc 1 115 10 view .LVU70
 390              	.LVL26:
 391              		.loc 1 115 19 is_stmt 0 view .LVU71
 392 0006 0024     		movs	r4, #0
 393              		.loc 1 115 5 view .LVU72
 394 0008 05E0     		b	.L26
 395              	.LVL27:
 396              	.L27:
 116:Core/Src/25flash.c ****         data[addr] = MX25FLASH_Read(sector*0x200+addr);
 397              		.loc 1 116 9 is_stmt 1 view .LVU73
 398              		.loc 1 116 22 is_stmt 0 view .LVU74
 399 000a 04EB4620 		add	r0, r4, r6, lsl #9
 400 000e FFF7FEFF 		bl	MX25FLASH_Read
 401              	.LVL28:
 402              		.loc 1 116 20 discriminator 1 view .LVU75
 403 0012 2855     		strb	r0, [r5, r4]
 115:Core/Src/25flash.c ****     for (uint32_t addr = 0; addr < 512; addr++){
 404              		.loc 1 115 45 is_stmt 1 discriminator 3 view .LVU76
 405 0014 0134     		adds	r4, r4, #1
 406              	.LVL29:
 407              	.L26:
 115:Core/Src/25flash.c ****     for (uint32_t addr = 0; addr < 512; addr++){
 408              		.loc 1 115 34 discriminator 1 view .LVU77
ARM GAS  C:\Users\Miks\AppData\Local\Temp\ccvXKx7K.s 			page 10


 409 0016 B4F5007F 		cmp	r4, #512
 410 001a F6D3     		bcc	.L27
 411              	.LBE2:
 117:Core/Src/25flash.c ****     }
 118:Core/Src/25flash.c **** }
 412              		.loc 1 118 1 is_stmt 0 view .LVU78
 413 001c 70BD     		pop	{r4, r5, r6, pc}
 414              		.loc 1 118 1 view .LVU79
 415              		.cfi_endproc
 416              	.LFE249:
 418              		.section	.text.MX25FLASH_Read_Sector,"ax",%progbits
 419              		.align	1
 420              		.global	MX25FLASH_Read_Sector
 421              		.syntax unified
 422              		.thumb
 423              		.thumb_func
 425              	MX25FLASH_Read_Sector:
 426              	.LVL30:
 427              	.LFB250:
 119:Core/Src/25flash.c **** 
 120:Core/Src/25flash.c **** void MX25FLASH_Read_Sector(uint32_t sector, uint8_t *data){
 428              		.loc 1 120 59 is_stmt 1 view -0
 429              		.cfi_startproc
 430              		@ args = 0, pretend = 0, frame = 0
 431              		@ frame_needed = 0, uses_anonymous_args = 0
 432              		.loc 1 120 59 is_stmt 0 view .LVU81
 433 0000 70B5     		push	{r4, r5, r6, lr}
 434              		.cfi_def_cfa_offset 16
 435              		.cfi_offset 4, -16
 436              		.cfi_offset 5, -12
 437              		.cfi_offset 6, -8
 438              		.cfi_offset 14, -4
 439 0002 0646     		mov	r6, r0
 440 0004 0D46     		mov	r5, r1
 121:Core/Src/25flash.c ****     for (uint32_t addr = 0; addr < 4096; addr++){
 441              		.loc 1 121 5 is_stmt 1 view .LVU82
 442              	.LBB3:
 443              		.loc 1 121 10 view .LVU83
 444              	.LVL31:
 445              		.loc 1 121 19 is_stmt 0 view .LVU84
 446 0006 0024     		movs	r4, #0
 447              		.loc 1 121 5 view .LVU85
 448 0008 05E0     		b	.L30
 449              	.LVL32:
 450              	.L31:
 122:Core/Src/25flash.c ****         data[addr] = MX25FLASH_Read(sector*0x1000+addr);
 451              		.loc 1 122 9 is_stmt 1 view .LVU86
 452              		.loc 1 122 22 is_stmt 0 view .LVU87
 453 000a 04EB0630 		add	r0, r4, r6, lsl #12
 454 000e FFF7FEFF 		bl	MX25FLASH_Read
 455              	.LVL33:
 456              		.loc 1 122 20 discriminator 1 view .LVU88
 457 0012 2855     		strb	r0, [r5, r4]
 121:Core/Src/25flash.c ****     for (uint32_t addr = 0; addr < 4096; addr++){
 458              		.loc 1 121 46 is_stmt 1 discriminator 3 view .LVU89
 459 0014 0134     		adds	r4, r4, #1
 460              	.LVL34:
ARM GAS  C:\Users\Miks\AppData\Local\Temp\ccvXKx7K.s 			page 11


 461              	.L30:
 121:Core/Src/25flash.c ****     for (uint32_t addr = 0; addr < 4096; addr++){
 462              		.loc 1 121 34 discriminator 1 view .LVU90
 463 0016 B4F5805F 		cmp	r4, #4096
 464 001a F6D3     		bcc	.L31
 465              	.LBE3:
 123:Core/Src/25flash.c ****     }
 124:Core/Src/25flash.c **** }
 466              		.loc 1 124 1 is_stmt 0 view .LVU91
 467 001c 70BD     		pop	{r4, r5, r6, pc}
 468              		.loc 1 124 1 view .LVU92
 469              		.cfi_endproc
 470              	.LFE250:
 472              		.section	.text.MX25FLASH_Continious_Read,"ax",%progbits
 473              		.align	1
 474              		.global	MX25FLASH_Continious_Read
 475              		.syntax unified
 476              		.thumb
 477              		.thumb_func
 479              	MX25FLASH_Continious_Read:
 480              	.LVL35:
 481              	.LFB251:
 125:Core/Src/25flash.c **** 
 126:Core/Src/25flash.c **** void MX25FLASH_Continious_Read(uint32_t address, uint8_t *data, uint32_t len){
 482              		.loc 1 126 78 is_stmt 1 view -0
 483              		.cfi_startproc
 484              		@ args = 0, pretend = 0, frame = 8
 485              		@ frame_needed = 0, uses_anonymous_args = 0
 486              		.loc 1 126 78 is_stmt 0 view .LVU94
 487 0000 70B5     		push	{r4, r5, r6, lr}
 488              		.cfi_def_cfa_offset 16
 489              		.cfi_offset 4, -16
 490              		.cfi_offset 5, -12
 491              		.cfi_offset 6, -8
 492              		.cfi_offset 14, -4
 493 0002 82B0     		sub	sp, sp, #8
 494              		.cfi_def_cfa_offset 24
 495 0004 0C46     		mov	r4, r1
 496 0006 1546     		mov	r5, r2
 127:Core/Src/25flash.c ****     uint8_t tData[4];
 497              		.loc 1 127 5 is_stmt 1 view .LVU95
 128:Core/Src/25flash.c ****     tData[0] = 0x03;
 498              		.loc 1 128 5 view .LVU96
 499              		.loc 1 128 14 is_stmt 0 view .LVU97
 500 0008 0323     		movs	r3, #3
 501 000a 8DF80430 		strb	r3, [sp, #4]
 129:Core/Src/25flash.c ****     tData[1] = (address >> 16) & 0xFF;  // Most significant byte
 502              		.loc 1 129 5 is_stmt 1 view .LVU98
 503              		.loc 1 129 25 is_stmt 0 view .LVU99
 504 000e 030C     		lsrs	r3, r0, #16
 505              		.loc 1 129 14 view .LVU100
 506 0010 8DF80530 		strb	r3, [sp, #5]
 130:Core/Src/25flash.c ****     tData[2] = (address >> 8) & 0xFF;
 507              		.loc 1 130 5 is_stmt 1 view .LVU101
 508              		.loc 1 130 25 is_stmt 0 view .LVU102
 509 0014 030A     		lsrs	r3, r0, #8
 510              		.loc 1 130 14 view .LVU103
ARM GAS  C:\Users\Miks\AppData\Local\Temp\ccvXKx7K.s 			page 12


 511 0016 8DF80630 		strb	r3, [sp, #6]
 131:Core/Src/25flash.c ****     tData[3] = address & 0xFF;          // Least significant byte
 512              		.loc 1 131 5 is_stmt 1 view .LVU104
 513              		.loc 1 131 14 is_stmt 0 view .LVU105
 514 001a 8DF80700 		strb	r0, [sp, #7]
 132:Core/Src/25flash.c **** 	FLASH_CS_LOW();  // pull the CS LOW
 515              		.loc 1 132 2 is_stmt 1 view .LVU106
 516 001e 0C4E     		ldr	r6, .L35
 517 0020 0022     		movs	r2, #0
 518              	.LVL36:
 519              		.loc 1 132 2 is_stmt 0 view .LVU107
 520 0022 1021     		movs	r1, #16
 521              	.LVL37:
 522              		.loc 1 132 2 view .LVU108
 523 0024 3046     		mov	r0, r6
 524              	.LVL38:
 525              		.loc 1 132 2 view .LVU109
 526 0026 FFF7FEFF 		bl	HAL_GPIO_WritePin
 527              	.LVL39:
 133:Core/Src/25flash.c ****     MX25FLASH_SPI_Write(tData, 4);
 528              		.loc 1 133 5 is_stmt 1 view .LVU110
 529 002a 0421     		movs	r1, #4
 530 002c 0DEB0100 		add	r0, sp, r1
 531 0030 FFF7FEFF 		bl	MX25FLASH_SPI_Write
 532              	.LVL40:
 134:Core/Src/25flash.c **** 	HAL_SPI_Receive(&FLASH_SPI, data, len, 5000);
 533              		.loc 1 134 2 view .LVU111
 534 0034 41F28833 		movw	r3, #5000
 535 0038 AAB2     		uxth	r2, r5
 536 003a 2146     		mov	r1, r4
 537 003c 0548     		ldr	r0, .L35+4
 538 003e FFF7FEFF 		bl	HAL_SPI_Receive
 539              	.LVL41:
 135:Core/Src/25flash.c **** 	FLASH_CS_HIGH();  // pull the HIGH
 540              		.loc 1 135 2 view .LVU112
 541 0042 0122     		movs	r2, #1
 542 0044 1021     		movs	r1, #16
 543 0046 3046     		mov	r0, r6
 544 0048 FFF7FEFF 		bl	HAL_GPIO_WritePin
 545              	.LVL42:
 136:Core/Src/25flash.c **** }
 546              		.loc 1 136 1 is_stmt 0 view .LVU113
 547 004c 02B0     		add	sp, sp, #8
 548              		.cfi_def_cfa_offset 16
 549              		@ sp needed
 550 004e 70BD     		pop	{r4, r5, r6, pc}
 551              	.LVL43:
 552              	.L36:
 553              		.loc 1 136 1 view .LVU114
 554              		.align	2
 555              	.L35:
 556 0050 00080240 		.word	1073874944
 557 0054 00000000 		.word	hspi1
 558              		.cfi_endproc
 559              	.LFE251:
 561              		.section	.text.MX25FLASH_WFE,"ax",%progbits
 562              		.align	1
ARM GAS  C:\Users\Miks\AppData\Local\Temp\ccvXKx7K.s 			page 13


 563              		.global	MX25FLASH_WFE
 564              		.syntax unified
 565              		.thumb
 566              		.thumb_func
 568              	MX25FLASH_WFE:
 569              	.LFB252:
 137:Core/Src/25flash.c **** 
 138:Core/Src/25flash.c **** 
 139:Core/Src/25flash.c **** uint8_t MX25FLASH_WFE(void){
 570              		.loc 1 139 28 is_stmt 1 view -0
 571              		.cfi_startproc
 572              		@ args = 0, pretend = 0, frame = 8
 573              		@ frame_needed = 0, uses_anonymous_args = 0
 574 0000 30B5     		push	{r4, r5, lr}
 575              		.cfi_def_cfa_offset 12
 576              		.cfi_offset 4, -12
 577              		.cfi_offset 5, -8
 578              		.cfi_offset 14, -4
 579 0002 83B0     		sub	sp, sp, #12
 580              		.cfi_def_cfa_offset 24
 140:Core/Src/25flash.c ****     uint8_t cmd = 0x05;
 581              		.loc 1 140 5 view .LVU116
 582              		.loc 1 140 13 is_stmt 0 view .LVU117
 583 0004 0523     		movs	r3, #5
 584 0006 8DF80730 		strb	r3, [sp, #7]
 141:Core/Src/25flash.c **** 	uint32_t tmr = HAL_GetTick();
 585              		.loc 1 141 2 is_stmt 1 view .LVU118
 586              		.loc 1 141 17 is_stmt 0 view .LVU119
 587 000a FFF7FEFF 		bl	HAL_GetTick
 588              	.LVL44:
 589 000e 0546     		mov	r5, r0
 590              	.LVL45:
 591              	.L39:
 142:Core/Src/25flash.c ****     uint8_t status;
 592              		.loc 1 142 5 is_stmt 1 view .LVU120
 143:Core/Src/25flash.c ****     do {
 593              		.loc 1 143 5 view .LVU121
 144:Core/Src/25flash.c ****         FLASH_CS_LOW();
 594              		.loc 1 144 9 view .LVU122
 595 0010 114C     		ldr	r4, .L42
 596 0012 0022     		movs	r2, #0
 597 0014 1021     		movs	r1, #16
 598 0016 2046     		mov	r0, r4
 599 0018 FFF7FEFF 		bl	HAL_GPIO_WritePin
 600              	.LVL46:
 145:Core/Src/25flash.c ****         MX25FLASH_SPI_Write(&cmd, 1);
 601              		.loc 1 145 9 view .LVU123
 602 001c 0121     		movs	r1, #1
 603 001e 0DF10700 		add	r0, sp, #7
 604 0022 FFF7FEFF 		bl	MX25FLASH_SPI_Write
 605              	.LVL47:
 146:Core/Src/25flash.c ****         MX25FLASH_SPI_Read(&status, 1);
 606              		.loc 1 146 9 view .LVU124
 607 0026 0121     		movs	r1, #1
 608 0028 0DF10600 		add	r0, sp, #6
 609 002c FFF7FEFF 		bl	MX25FLASH_SPI_Read
 610              	.LVL48:
ARM GAS  C:\Users\Miks\AppData\Local\Temp\ccvXKx7K.s 			page 14


 147:Core/Src/25flash.c ****         FLASH_CS_HIGH();
 611              		.loc 1 147 9 view .LVU125
 612 0030 0122     		movs	r2, #1
 613 0032 1021     		movs	r1, #16
 614 0034 2046     		mov	r0, r4
 615 0036 FFF7FEFF 		bl	HAL_GPIO_WritePin
 616              	.LVL49:
 148:Core/Src/25flash.c **** 		if(HAL_GetTick() - tmr > FLASH_TIMEOUT){
 617              		.loc 1 148 3 view .LVU126
 618              		.loc 1 148 6 is_stmt 0 view .LVU127
 619 003a FFF7FEFF 		bl	HAL_GetTick
 620              	.LVL50:
 621              		.loc 1 148 20 discriminator 1 view .LVU128
 622 003e 401B     		subs	r0, r0, r5
 623              		.loc 1 148 5 discriminator 1 view .LVU129
 624 0040 B0F5FA7F 		cmp	r0, #500
 625 0044 05D8     		bhi	.L40
 149:Core/Src/25flash.c **** 			return FL_FAIL;
 150:Core/Src/25flash.c **** 		}
 151:Core/Src/25flash.c ****     } while (status & 0x01);  // Wait while WIP bit is set
 626              		.loc 1 151 14 is_stmt 1 view .LVU130
 627              		.loc 1 151 21 is_stmt 0 view .LVU131
 628 0046 9DF80600 		ldrb	r0, [sp, #6]	@ zero_extendqisi2
 629              		.loc 1 151 14 view .LVU132
 630 004a 10F00100 		ands	r0, r0, #1
 631 004e DFD1     		bne	.L39
 632 0050 00E0     		b	.L38
 633              	.L40:
 149:Core/Src/25flash.c **** 			return FL_FAIL;
 634              		.loc 1 149 11 view .LVU133
 635 0052 0120     		movs	r0, #1
 636              	.L38:
 152:Core/Src/25flash.c ****     return FL_OK;
 153:Core/Src/25flash.c **** }
 637              		.loc 1 153 1 view .LVU134
 638 0054 03B0     		add	sp, sp, #12
 639              		.cfi_def_cfa_offset 12
 640              		@ sp needed
 641 0056 30BD     		pop	{r4, r5, pc}
 642              	.LVL51:
 643              	.L43:
 644              		.loc 1 153 1 view .LVU135
 645              		.align	2
 646              	.L42:
 647 0058 00080240 		.word	1073874944
 648              		.cfi_endproc
 649              	.LFE252:
 651              		.section	.text.MX25FLASH_Program_Page,"ax",%progbits
 652              		.align	1
 653              		.global	MX25FLASH_Program_Page
 654              		.syntax unified
 655              		.thumb
 656              		.thumb_func
 658              	MX25FLASH_Program_Page:
 659              	.LVL52:
 660              	.LFB244:
  46:Core/Src/25flash.c **** 	MX25FLASH_WE();
ARM GAS  C:\Users\Miks\AppData\Local\Temp\ccvXKx7K.s 			page 15


 661              		.loc 1 46 62 is_stmt 1 view -0
 662              		.cfi_startproc
 663              		@ args = 0, pretend = 0, frame = 264
 664              		@ frame_needed = 0, uses_anonymous_args = 0
  46:Core/Src/25flash.c **** 	MX25FLASH_WE();
 665              		.loc 1 46 62 is_stmt 0 view .LVU137
 666 0000 70B5     		push	{r4, r5, r6, lr}
 667              		.cfi_def_cfa_offset 16
 668              		.cfi_offset 4, -16
 669              		.cfi_offset 5, -12
 670              		.cfi_offset 6, -8
 671              		.cfi_offset 14, -4
 672 0002 C2B0     		sub	sp, sp, #264
 673              		.cfi_def_cfa_offset 280
 674 0004 0546     		mov	r5, r0
 675 0006 0E46     		mov	r6, r1
  47:Core/Src/25flash.c ****     uint8_t tData[260];
 676              		.loc 1 47 2 is_stmt 1 view .LVU138
 677 0008 FFF7FEFF 		bl	MX25FLASH_WE
 678              	.LVL53:
  48:Core/Src/25flash.c **** 	uint32_t address = page * 0x100;
 679              		.loc 1 48 5 view .LVU139
  49:Core/Src/25flash.c **** 	tData[0] = 0x02;
 680              		.loc 1 49 2 view .LVU140
  49:Core/Src/25flash.c **** 	tData[0] = 0x02;
 681              		.loc 1 49 26 is_stmt 0 view .LVU141
 682 000c 2B02     		lsls	r3, r5, #8
 683              	.LVL54:
  50:Core/Src/25flash.c ****     tData[1] = (address >> 16) & 0xFF;  // Most significant byte
 684              		.loc 1 50 2 is_stmt 1 view .LVU142
  50:Core/Src/25flash.c ****     tData[1] = (address >> 16) & 0xFF;  // Most significant byte
 685              		.loc 1 50 11 is_stmt 0 view .LVU143
 686 000e 01AC     		add	r4, sp, #4
 687 0010 0222     		movs	r2, #2
 688 0012 8DF80420 		strb	r2, [sp, #4]
  51:Core/Src/25flash.c ****     tData[2] = (address >> 8) & 0xFF;
 689              		.loc 1 51 5 is_stmt 1 view .LVU144
  51:Core/Src/25flash.c ****     tData[2] = (address >> 8) & 0xFF;
 690              		.loc 1 51 25 is_stmt 0 view .LVU145
 691 0016 2A0A     		lsrs	r2, r5, #8
  51:Core/Src/25flash.c ****     tData[2] = (address >> 8) & 0xFF;
 692              		.loc 1 51 14 view .LVU146
 693 0018 8DF80520 		strb	r2, [sp, #5]
  52:Core/Src/25flash.c ****     tData[3] = address & 0xFF;          // Least significant byte
 694              		.loc 1 52 5 is_stmt 1 view .LVU147
  52:Core/Src/25flash.c ****     tData[3] = address & 0xFF;          // Least significant byte
 695              		.loc 1 52 14 is_stmt 0 view .LVU148
 696 001c 8DF80650 		strb	r5, [sp, #6]
  53:Core/Src/25flash.c **** 	memcpy(&tData[4], data, 256); 
 697              		.loc 1 53 5 is_stmt 1 view .LVU149
  53:Core/Src/25flash.c **** 	memcpy(&tData[4], data, 256); 
 698              		.loc 1 53 14 is_stmt 0 view .LVU150
 699 0020 8DF80730 		strb	r3, [sp, #7]
  54:Core/Src/25flash.c **** 	FLASH_CS_LOW();  // pull the CS LOW
 700              		.loc 1 54 2 is_stmt 1 view .LVU151
 701 0024 4FF48072 		mov	r2, #256
 702 0028 3146     		mov	r1, r6
ARM GAS  C:\Users\Miks\AppData\Local\Temp\ccvXKx7K.s 			page 16


 703 002a 02A8     		add	r0, sp, #8
 704 002c FFF7FEFF 		bl	memcpy
 705              	.LVL55:
  55:Core/Src/25flash.c ****     MX25FLASH_SPI_Write(tData, 260);
 706              		.loc 1 55 2 view .LVU152
 707 0030 094D     		ldr	r5, .L46
 708              	.LVL56:
  55:Core/Src/25flash.c ****     MX25FLASH_SPI_Write(tData, 260);
 709              		.loc 1 55 2 is_stmt 0 view .LVU153
 710 0032 0022     		movs	r2, #0
 711 0034 1021     		movs	r1, #16
 712 0036 2846     		mov	r0, r5
 713 0038 FFF7FEFF 		bl	HAL_GPIO_WritePin
 714              	.LVL57:
  56:Core/Src/25flash.c **** 	FLASH_CS_HIGH();  // pull the HIGH
 715              		.loc 1 56 5 is_stmt 1 view .LVU154
 716 003c 4FF48271 		mov	r1, #260
 717 0040 2046     		mov	r0, r4
 718 0042 FFF7FEFF 		bl	MX25FLASH_SPI_Write
 719              	.LVL58:
  57:Core/Src/25flash.c **** 	MX25FLASH_WFE();
 720              		.loc 1 57 2 view .LVU155
 721 0046 0122     		movs	r2, #1
 722 0048 1021     		movs	r1, #16
 723 004a 2846     		mov	r0, r5
 724 004c FFF7FEFF 		bl	HAL_GPIO_WritePin
 725              	.LVL59:
  58:Core/Src/25flash.c **** }
 726              		.loc 1 58 2 view .LVU156
 727 0050 FFF7FEFF 		bl	MX25FLASH_WFE
 728              	.LVL60:
  59:Core/Src/25flash.c **** 
 729              		.loc 1 59 1 is_stmt 0 view .LVU157
 730 0054 42B0     		add	sp, sp, #264
 731              		.cfi_def_cfa_offset 16
 732              		@ sp needed
 733 0056 70BD     		pop	{r4, r5, r6, pc}
 734              	.LVL61:
 735              	.L47:
  59:Core/Src/25flash.c **** 
 736              		.loc 1 59 1 view .LVU158
 737              		.align	2
 738              	.L46:
 739 0058 00080240 		.word	1073874944
 740              		.cfi_endproc
 741              	.LFE244:
 743              		.section	.text.MX25FLASH_Sector_Erase,"ax",%progbits
 744              		.align	1
 745              		.global	MX25FLASH_Sector_Erase
 746              		.syntax unified
 747              		.thumb
 748              		.thumb_func
 750              	MX25FLASH_Sector_Erase:
 751              	.LVL62:
 752              	.LFB246:
  68:Core/Src/25flash.c **** 	MX25FLASH_WE();
 753              		.loc 1 68 48 is_stmt 1 view -0
ARM GAS  C:\Users\Miks\AppData\Local\Temp\ccvXKx7K.s 			page 17


 754              		.cfi_startproc
 755              		@ args = 0, pretend = 0, frame = 8
 756              		@ frame_needed = 0, uses_anonymous_args = 0
  68:Core/Src/25flash.c **** 	MX25FLASH_WE();
 757              		.loc 1 68 48 is_stmt 0 view .LVU160
 758 0000 10B5     		push	{r4, lr}
 759              		.cfi_def_cfa_offset 8
 760              		.cfi_offset 4, -8
 761              		.cfi_offset 14, -4
 762 0002 82B0     		sub	sp, sp, #8
 763              		.cfi_def_cfa_offset 16
 764 0004 0446     		mov	r4, r0
  69:Core/Src/25flash.c ****     uint8_t cmd[4];
 765              		.loc 1 69 2 is_stmt 1 view .LVU161
 766 0006 FFF7FEFF 		bl	MX25FLASH_WE
 767              	.LVL63:
  70:Core/Src/25flash.c ****     cmd[0] = 0x20;  // 4KB Sector Erase
 768              		.loc 1 70 5 view .LVU162
  71:Core/Src/25flash.c ****     cmd[1] = (sector >> 16) & 0xFF;
 769              		.loc 1 71 5 view .LVU163
  71:Core/Src/25flash.c ****     cmd[1] = (sector >> 16) & 0xFF;
 770              		.loc 1 71 12 is_stmt 0 view .LVU164
 771 000a 2023     		movs	r3, #32
 772 000c 8DF80430 		strb	r3, [sp, #4]
  72:Core/Src/25flash.c ****     cmd[2] = (sector >> 8) & 0xFF;
 773              		.loc 1 72 5 is_stmt 1 view .LVU165
  72:Core/Src/25flash.c ****     cmd[2] = (sector >> 8) & 0xFF;
 774              		.loc 1 72 22 is_stmt 0 view .LVU166
 775 0010 230C     		lsrs	r3, r4, #16
  72:Core/Src/25flash.c ****     cmd[2] = (sector >> 8) & 0xFF;
 776              		.loc 1 72 12 view .LVU167
 777 0012 8DF80530 		strb	r3, [sp, #5]
  73:Core/Src/25flash.c ****     cmd[3] = sector & 0xFF;
 778              		.loc 1 73 5 is_stmt 1 view .LVU168
  73:Core/Src/25flash.c ****     cmd[3] = sector & 0xFF;
 779              		.loc 1 73 22 is_stmt 0 view .LVU169
 780 0016 230A     		lsrs	r3, r4, #8
  73:Core/Src/25flash.c ****     cmd[3] = sector & 0xFF;
 781              		.loc 1 73 12 view .LVU170
 782 0018 8DF80630 		strb	r3, [sp, #6]
  74:Core/Src/25flash.c **** 
 783              		.loc 1 74 5 is_stmt 1 view .LVU171
  74:Core/Src/25flash.c **** 
 784              		.loc 1 74 12 is_stmt 0 view .LVU172
 785 001c 8DF80740 		strb	r4, [sp, #7]
  76:Core/Src/25flash.c ****     MX25FLASH_SPI_Write(cmd, 4);
 786              		.loc 1 76 5 is_stmt 1 view .LVU173
 787 0020 094C     		ldr	r4, .L50
 788              	.LVL64:
  76:Core/Src/25flash.c ****     MX25FLASH_SPI_Write(cmd, 4);
 789              		.loc 1 76 5 is_stmt 0 view .LVU174
 790 0022 0022     		movs	r2, #0
 791 0024 1021     		movs	r1, #16
 792 0026 2046     		mov	r0, r4
 793 0028 FFF7FEFF 		bl	HAL_GPIO_WritePin
 794              	.LVL65:
  77:Core/Src/25flash.c ****     FLASH_CS_HIGH();
ARM GAS  C:\Users\Miks\AppData\Local\Temp\ccvXKx7K.s 			page 18


 795              		.loc 1 77 5 is_stmt 1 view .LVU175
 796 002c 0421     		movs	r1, #4
 797 002e 0DEB0100 		add	r0, sp, r1
 798 0032 FFF7FEFF 		bl	MX25FLASH_SPI_Write
 799              	.LVL66:
  78:Core/Src/25flash.c **** 	return MX25FLASH_WFE();
 800              		.loc 1 78 5 view .LVU176
 801 0036 0122     		movs	r2, #1
 802 0038 1021     		movs	r1, #16
 803 003a 2046     		mov	r0, r4
 804 003c FFF7FEFF 		bl	HAL_GPIO_WritePin
 805              	.LVL67:
  79:Core/Src/25flash.c **** }
 806              		.loc 1 79 2 view .LVU177
  79:Core/Src/25flash.c **** }
 807              		.loc 1 79 9 is_stmt 0 view .LVU178
 808 0040 FFF7FEFF 		bl	MX25FLASH_WFE
 809              	.LVL68:
  80:Core/Src/25flash.c **** 
 810              		.loc 1 80 1 view .LVU179
 811 0044 02B0     		add	sp, sp, #8
 812              		.cfi_def_cfa_offset 8
 813              		@ sp needed
 814 0046 10BD     		pop	{r4, pc}
 815              	.L51:
 816              		.align	2
 817              	.L50:
 818 0048 00080240 		.word	1073874944
 819              		.cfi_endproc
 820              	.LFE246:
 822              		.section	.text._MX25FLASH_Sector_Erase,"ax",%progbits
 823              		.align	1
 824              		.global	_MX25FLASH_Sector_Erase
 825              		.syntax unified
 826              		.thumb
 827              		.thumb_func
 829              	_MX25FLASH_Sector_Erase:
 830              	.LVL69:
 831              	.LFB247:
  82:Core/Src/25flash.c **** 	MX25FLASH_WE();
 832              		.loc 1 82 49 is_stmt 1 view -0
 833              		.cfi_startproc
 834              		@ args = 0, pretend = 0, frame = 8
 835              		@ frame_needed = 0, uses_anonymous_args = 0
  82:Core/Src/25flash.c **** 	MX25FLASH_WE();
 836              		.loc 1 82 49 is_stmt 0 view .LVU181
 837 0000 10B5     		push	{r4, lr}
 838              		.cfi_def_cfa_offset 8
 839              		.cfi_offset 4, -8
 840              		.cfi_offset 14, -4
 841 0002 82B0     		sub	sp, sp, #8
 842              		.cfi_def_cfa_offset 16
 843 0004 0446     		mov	r4, r0
  83:Core/Src/25flash.c ****     uint8_t cmd[4];
 844              		.loc 1 83 2 is_stmt 1 view .LVU182
 845 0006 FFF7FEFF 		bl	MX25FLASH_WE
 846              	.LVL70:
ARM GAS  C:\Users\Miks\AppData\Local\Temp\ccvXKx7K.s 			page 19


  84:Core/Src/25flash.c ****     sector = (sector << 4);
 847              		.loc 1 84 5 view .LVU183
  85:Core/Src/25flash.c ****     cmd[0] = 0x20;  // 4KB Sector Erase
 848              		.loc 1 85 5 view .LVU184
  85:Core/Src/25flash.c ****     cmd[0] = 0x20;  // 4KB Sector Erase
 849              		.loc 1 85 12 is_stmt 0 view .LVU185
 850 000a 2301     		lsls	r3, r4, #4
 851              	.LVL71:
  86:Core/Src/25flash.c ****     cmd[1] = (sector >> 16) & 0xFF;
 852              		.loc 1 86 5 is_stmt 1 view .LVU186
  86:Core/Src/25flash.c ****     cmd[1] = (sector >> 16) & 0xFF;
 853              		.loc 1 86 12 is_stmt 0 view .LVU187
 854 000c 2022     		movs	r2, #32
 855 000e 8DF80420 		strb	r2, [sp, #4]
  87:Core/Src/25flash.c ****     cmd[2] = (sector >> 8) & 0xFF;
 856              		.loc 1 87 5 is_stmt 1 view .LVU188
  87:Core/Src/25flash.c ****     cmd[2] = (sector >> 8) & 0xFF;
 857              		.loc 1 87 22 is_stmt 0 view .LVU189
 858 0012 C4F30F32 		ubfx	r2, r4, #12, #16
  87:Core/Src/25flash.c ****     cmd[2] = (sector >> 8) & 0xFF;
 859              		.loc 1 87 12 view .LVU190
 860 0016 8DF80520 		strb	r2, [sp, #5]
  88:Core/Src/25flash.c ****     cmd[3] = sector & 0xFF;
 861              		.loc 1 88 5 is_stmt 1 view .LVU191
  88:Core/Src/25flash.c ****     cmd[3] = sector & 0xFF;
 862              		.loc 1 88 22 is_stmt 0 view .LVU192
 863 001a C4F31714 		ubfx	r4, r4, #4, #24
  88:Core/Src/25flash.c ****     cmd[3] = sector & 0xFF;
 864              		.loc 1 88 12 view .LVU193
 865 001e 8DF80640 		strb	r4, [sp, #6]
  89:Core/Src/25flash.c **** 
 866              		.loc 1 89 5 is_stmt 1 view .LVU194
  89:Core/Src/25flash.c **** 
 867              		.loc 1 89 12 is_stmt 0 view .LVU195
 868 0022 8DF80730 		strb	r3, [sp, #7]
  91:Core/Src/25flash.c ****     MX25FLASH_SPI_Write(cmd, 4);
 869              		.loc 1 91 5 is_stmt 1 view .LVU196
 870 0026 0A4C     		ldr	r4, .L54
 871 0028 0022     		movs	r2, #0
 872 002a 1021     		movs	r1, #16
 873 002c 2046     		mov	r0, r4
 874 002e FFF7FEFF 		bl	HAL_GPIO_WritePin
 875              	.LVL72:
  92:Core/Src/25flash.c ****     FLASH_CS_HIGH();
 876              		.loc 1 92 5 view .LVU197
 877 0032 0421     		movs	r1, #4
 878 0034 0DEB0100 		add	r0, sp, r1
 879 0038 FFF7FEFF 		bl	MX25FLASH_SPI_Write
 880              	.LVL73:
  93:Core/Src/25flash.c **** 	return MX25FLASH_WFE();
 881              		.loc 1 93 5 view .LVU198
 882 003c 0122     		movs	r2, #1
 883 003e 1021     		movs	r1, #16
 884 0040 2046     		mov	r0, r4
 885 0042 FFF7FEFF 		bl	HAL_GPIO_WritePin
 886              	.LVL74:
  94:Core/Src/25flash.c **** }
ARM GAS  C:\Users\Miks\AppData\Local\Temp\ccvXKx7K.s 			page 20


 887              		.loc 1 94 2 view .LVU199
  94:Core/Src/25flash.c **** }
 888              		.loc 1 94 9 is_stmt 0 view .LVU200
 889 0046 FFF7FEFF 		bl	MX25FLASH_WFE
 890              	.LVL75:
  95:Core/Src/25flash.c **** 
 891              		.loc 1 95 1 view .LVU201
 892 004a 02B0     		add	sp, sp, #8
 893              		.cfi_def_cfa_offset 8
 894              		@ sp needed
 895 004c 10BD     		pop	{r4, pc}
 896              	.L55:
 897 004e 00BF     		.align	2
 898              	.L54:
 899 0050 00080240 		.word	1073874944
 900              		.cfi_endproc
 901              	.LFE247:
 903              		.section	.text.MX25FLASH_Program_Sector,"ax",%progbits
 904              		.align	1
 905              		.global	MX25FLASH_Program_Sector
 906              		.syntax unified
 907              		.thumb
 908              		.thumb_func
 910              	MX25FLASH_Program_Sector:
 911              	.LVL76:
 912              	.LFB248:
  97:Core/Src/25flash.c ****     MX25FLASH_WE();
 913              		.loc 1 97 65 is_stmt 1 view -0
 914              		.cfi_startproc
 915              		@ args = 0, pretend = 0, frame = 264
 916              		@ frame_needed = 0, uses_anonymous_args = 0
  97:Core/Src/25flash.c ****     MX25FLASH_WE();
 917              		.loc 1 97 65 is_stmt 0 view .LVU203
 918 0000 2DE9F041 		push	{r4, r5, r6, r7, r8, lr}
 919              		.cfi_def_cfa_offset 24
 920              		.cfi_offset 4, -24
 921              		.cfi_offset 5, -20
 922              		.cfi_offset 6, -16
 923              		.cfi_offset 7, -12
 924              		.cfi_offset 8, -8
 925              		.cfi_offset 14, -4
 926 0004 C2B0     		sub	sp, sp, #264
 927              		.cfi_def_cfa_offset 288
 928 0006 8046     		mov	r8, r0
 929 0008 0F46     		mov	r7, r1
  98:Core/Src/25flash.c ****     for (uint8_t pg = 0; pg < 16; pg++){
 930              		.loc 1 98 5 is_stmt 1 view .LVU204
 931 000a FFF7FEFF 		bl	MX25FLASH_WE
 932              	.LVL77:
  99:Core/Src/25flash.c ****         uint8_t tData[260];
 933              		.loc 1 99 5 view .LVU205
 934              	.LBB4:
  99:Core/Src/25flash.c ****         uint8_t tData[260];
 935              		.loc 1 99 10 view .LVU206
  99:Core/Src/25flash.c ****         uint8_t tData[260];
 936              		.loc 1 99 18 is_stmt 0 view .LVU207
 937 000e 0024     		movs	r4, #0
ARM GAS  C:\Users\Miks\AppData\Local\Temp\ccvXKx7K.s 			page 21


  99:Core/Src/25flash.c ****         uint8_t tData[260];
 938              		.loc 1 99 5 view .LVU208
 939 0010 26E0     		b	.L57
 940              	.LVL78:
 941              	.L58:
 942              	.LBB5:
 100:Core/Src/25flash.c ****         uint32_t address = sector*0x1000 + pg * 0x100;
 943              		.loc 1 100 9 is_stmt 1 view .LVU209
 101:Core/Src/25flash.c ****         tData[0] = 0x02;
 944              		.loc 1 101 9 view .LVU210
 101:Core/Src/25flash.c ****         tData[0] = 0x02;
 945              		.loc 1 101 47 is_stmt 0 view .LVU211
 946 0012 2102     		lsls	r1, r4, #8
 101:Core/Src/25flash.c ****         tData[0] = 0x02;
 947              		.loc 1 101 18 view .LVU212
 948 0014 01EB0833 		add	r3, r1, r8, lsl #12
 949              	.LVL79:
 102:Core/Src/25flash.c ****         tData[1] = (address >> 16) & 0xFF;  // Most significant byte
 950              		.loc 1 102 9 is_stmt 1 view .LVU213
 102:Core/Src/25flash.c ****         tData[1] = (address >> 16) & 0xFF;  // Most significant byte
 951              		.loc 1 102 18 is_stmt 0 view .LVU214
 952 0018 01AE     		add	r6, sp, #4
 953 001a 0222     		movs	r2, #2
 954 001c 8DF80420 		strb	r2, [sp, #4]
 103:Core/Src/25flash.c ****         tData[2] = (address >> 8) & 0xFF;
 955              		.loc 1 103 9 is_stmt 1 view .LVU215
 103:Core/Src/25flash.c ****         tData[2] = (address >> 8) & 0xFF;
 956              		.loc 1 103 29 is_stmt 0 view .LVU216
 957 0020 1A0C     		lsrs	r2, r3, #16
 103:Core/Src/25flash.c ****         tData[2] = (address >> 8) & 0xFF;
 958              		.loc 1 103 18 view .LVU217
 959 0022 8DF80520 		strb	r2, [sp, #5]
 104:Core/Src/25flash.c ****         tData[3] = address & 0xFF;          // Least significant byte
 960              		.loc 1 104 9 is_stmt 1 view .LVU218
 104:Core/Src/25flash.c ****         tData[3] = address & 0xFF;          // Least significant byte
 961              		.loc 1 104 29 is_stmt 0 view .LVU219
 962 0026 1A0A     		lsrs	r2, r3, #8
 104:Core/Src/25flash.c ****         tData[3] = address & 0xFF;          // Least significant byte
 963              		.loc 1 104 18 view .LVU220
 964 0028 8DF80620 		strb	r2, [sp, #6]
 105:Core/Src/25flash.c ****         memcpy(&tData[4], &data[pg*256], 256); 
 965              		.loc 1 105 9 is_stmt 1 view .LVU221
 105:Core/Src/25flash.c ****         memcpy(&tData[4], &data[pg*256], 256); 
 966              		.loc 1 105 18 is_stmt 0 view .LVU222
 967 002c 8DF80730 		strb	r3, [sp, #7]
 106:Core/Src/25flash.c ****         FLASH_CS_LOW();  // pull the CS LOW
 968              		.loc 1 106 9 is_stmt 1 view .LVU223
 969 0030 4FF48072 		mov	r2, #256
 970 0034 3944     		add	r1, r1, r7
 971 0036 02A8     		add	r0, sp, #8
 972 0038 FFF7FEFF 		bl	memcpy
 973              	.LVL80:
 107:Core/Src/25flash.c ****         MX25FLASH_SPI_Write(tData, 260);
 974              		.loc 1 107 9 view .LVU224
 975 003c 0C4D     		ldr	r5, .L60
 976 003e 0022     		movs	r2, #0
 977 0040 1021     		movs	r1, #16
ARM GAS  C:\Users\Miks\AppData\Local\Temp\ccvXKx7K.s 			page 22


 978 0042 2846     		mov	r0, r5
 979 0044 FFF7FEFF 		bl	HAL_GPIO_WritePin
 980              	.LVL81:
 108:Core/Src/25flash.c ****         FLASH_CS_HIGH();  // pull the HIGH
 981              		.loc 1 108 9 view .LVU225
 982 0048 4FF48271 		mov	r1, #260
 983 004c 3046     		mov	r0, r6
 984 004e FFF7FEFF 		bl	MX25FLASH_SPI_Write
 985              	.LVL82:
 109:Core/Src/25flash.c ****     }
 986              		.loc 1 109 9 view .LVU226
 987 0052 0122     		movs	r2, #1
 988 0054 1021     		movs	r1, #16
 989 0056 2846     		mov	r0, r5
 990 0058 FFF7FEFF 		bl	HAL_GPIO_WritePin
 991              	.LVL83:
 992              	.LBE5:
  99:Core/Src/25flash.c ****         uint8_t tData[260];
 993              		.loc 1 99 37 discriminator 3 view .LVU227
 994 005c 0134     		adds	r4, r4, #1
 995              	.LVL84:
  99:Core/Src/25flash.c ****         uint8_t tData[260];
 996              		.loc 1 99 37 is_stmt 0 discriminator 3 view .LVU228
 997 005e E4B2     		uxtb	r4, r4
 998              	.LVL85:
 999              	.L57:
  99:Core/Src/25flash.c ****         uint8_t tData[260];
 1000              		.loc 1 99 29 is_stmt 1 discriminator 1 view .LVU229
 1001 0060 0F2C     		cmp	r4, #15
 1002 0062 D6D9     		bls	.L58
 1003              	.LBE4:
 111:Core/Src/25flash.c **** }
 1004              		.loc 1 111 5 view .LVU230
 111:Core/Src/25flash.c **** }
 1005              		.loc 1 111 12 is_stmt 0 view .LVU231
 1006 0064 FFF7FEFF 		bl	MX25FLASH_WFE
 1007              	.LVL86:
 112:Core/Src/25flash.c **** 
 1008              		.loc 1 112 1 view .LVU232
 1009 0068 42B0     		add	sp, sp, #264
 1010              		.cfi_def_cfa_offset 24
 1011              		@ sp needed
 1012 006a BDE8F081 		pop	{r4, r5, r6, r7, r8, pc}
 1013              	.LVL87:
 1014              	.L61:
 112:Core/Src/25flash.c **** 
 1015              		.loc 1 112 1 view .LVU233
 1016 006e 00BF     		.align	2
 1017              	.L60:
 1018 0070 00080240 		.word	1073874944
 1019              		.cfi_endproc
 1020              	.LFE248:
 1022              		.text
 1023              	.Letext0:
 1024              		.file 2 "C:/Users/Miks/AppData/Roaming/Code/User/globalStorage/bmd.stm32-for-vscode/@xpack-dev-too
 1025              		.file 3 "C:/Users/Miks/AppData/Roaming/Code/User/globalStorage/bmd.stm32-for-vscode/@xpack-dev-too
 1026              		.file 4 "Drivers/CMSIS/Device/ST/STM32F4xx/Include/stm32f405xx.h"
ARM GAS  C:\Users\Miks\AppData\Local\Temp\ccvXKx7K.s 			page 23


 1027              		.file 5 "Drivers/STM32F4xx_HAL_Driver/Inc/stm32f4xx_hal_def.h"
 1028              		.file 6 "Drivers/STM32F4xx_HAL_Driver/Inc/stm32f4xx_hal_gpio.h"
 1029              		.file 7 "Drivers/STM32F4xx_HAL_Driver/Inc/stm32f4xx_hal_dma.h"
 1030              		.file 8 "Drivers/STM32F4xx_HAL_Driver/Inc/stm32f4xx_hal_spi.h"
 1031              		.file 9 "Drivers/STM32F4xx_HAL_Driver/Inc/stm32f4xx_hal.h"
 1032              		.file 10 "C:/Users/Miks/AppData/Roaming/Code/User/globalStorage/bmd.stm32-for-vscode/@xpack-dev-to
 1033              		.file 11 "Core/Inc/25flash.h"
 1034              		.file 12 "<built-in>"
ARM GAS  C:\Users\Miks\AppData\Local\Temp\ccvXKx7K.s 			page 24


DEFINED SYMBOLS
                            *ABS*:00000000 25flash.c
C:\Users\Miks\AppData\Local\Temp\ccvXKx7K.s:21     .text.MX25FLASH_SPI_Write:00000000 $t
C:\Users\Miks\AppData\Local\Temp\ccvXKx7K.s:27     .text.MX25FLASH_SPI_Write:00000000 MX25FLASH_SPI_Write
C:\Users\Miks\AppData\Local\Temp\ccvXKx7K.s:55     .text.MX25FLASH_SPI_Write:00000014 $d
C:\Users\Miks\AppData\Local\Temp\ccvXKx7K.s:60     .text.MX25FLASH_SPI_Read:00000000 $t
C:\Users\Miks\AppData\Local\Temp\ccvXKx7K.s:66     .text.MX25FLASH_SPI_Read:00000000 MX25FLASH_SPI_Read
C:\Users\Miks\AppData\Local\Temp\ccvXKx7K.s:95     .text.MX25FLASH_SPI_Read:00000014 $d
C:\Users\Miks\AppData\Local\Temp\ccvXKx7K.s:100    .text.MX25FLASH_Reset:00000000 $t
C:\Users\Miks\AppData\Local\Temp\ccvXKx7K.s:106    .text.MX25FLASH_Reset:00000000 MX25FLASH_Reset
C:\Users\Miks\AppData\Local\Temp\ccvXKx7K.s:157    .text.MX25FLASH_Reset:00000038 $d
C:\Users\Miks\AppData\Local\Temp\ccvXKx7K.s:162    .text.MX25FLASH_ReadID:00000000 $t
C:\Users\Miks\AppData\Local\Temp\ccvXKx7K.s:168    .text.MX25FLASH_ReadID:00000000 MX25FLASH_ReadID
C:\Users\Miks\AppData\Local\Temp\ccvXKx7K.s:228    .text.MX25FLASH_ReadID:0000004c $d
C:\Users\Miks\AppData\Local\Temp\ccvXKx7K.s:233    .text.MX25FLASH_Read:00000000 $t
C:\Users\Miks\AppData\Local\Temp\ccvXKx7K.s:239    .text.MX25FLASH_Read:00000000 MX25FLASH_Read
C:\Users\Miks\AppData\Local\Temp\ccvXKx7K.s:307    .text.MX25FLASH_Read:0000004c $d
C:\Users\Miks\AppData\Local\Temp\ccvXKx7K.s:312    .text.MX25FLASH_WE:00000000 $t
C:\Users\Miks\AppData\Local\Temp\ccvXKx7K.s:318    .text.MX25FLASH_WE:00000000 MX25FLASH_WE
C:\Users\Miks\AppData\Local\Temp\ccvXKx7K.s:360    .text.MX25FLASH_WE:00000030 $d
C:\Users\Miks\AppData\Local\Temp\ccvXKx7K.s:365    .text.MX25FLASH_Read_LogBlock:00000000 $t
C:\Users\Miks\AppData\Local\Temp\ccvXKx7K.s:371    .text.MX25FLASH_Read_LogBlock:00000000 MX25FLASH_Read_LogBlock
C:\Users\Miks\AppData\Local\Temp\ccvXKx7K.s:419    .text.MX25FLASH_Read_Sector:00000000 $t
C:\Users\Miks\AppData\Local\Temp\ccvXKx7K.s:425    .text.MX25FLASH_Read_Sector:00000000 MX25FLASH_Read_Sector
C:\Users\Miks\AppData\Local\Temp\ccvXKx7K.s:473    .text.MX25FLASH_Continious_Read:00000000 $t
C:\Users\Miks\AppData\Local\Temp\ccvXKx7K.s:479    .text.MX25FLASH_Continious_Read:00000000 MX25FLASH_Continious_Read
C:\Users\Miks\AppData\Local\Temp\ccvXKx7K.s:556    .text.MX25FLASH_Continious_Read:00000050 $d
C:\Users\Miks\AppData\Local\Temp\ccvXKx7K.s:562    .text.MX25FLASH_WFE:00000000 $t
C:\Users\Miks\AppData\Local\Temp\ccvXKx7K.s:568    .text.MX25FLASH_WFE:00000000 MX25FLASH_WFE
C:\Users\Miks\AppData\Local\Temp\ccvXKx7K.s:647    .text.MX25FLASH_WFE:00000058 $d
C:\Users\Miks\AppData\Local\Temp\ccvXKx7K.s:652    .text.MX25FLASH_Program_Page:00000000 $t
C:\Users\Miks\AppData\Local\Temp\ccvXKx7K.s:658    .text.MX25FLASH_Program_Page:00000000 MX25FLASH_Program_Page
C:\Users\Miks\AppData\Local\Temp\ccvXKx7K.s:739    .text.MX25FLASH_Program_Page:00000058 $d
C:\Users\Miks\AppData\Local\Temp\ccvXKx7K.s:744    .text.MX25FLASH_Sector_Erase:00000000 $t
C:\Users\Miks\AppData\Local\Temp\ccvXKx7K.s:750    .text.MX25FLASH_Sector_Erase:00000000 MX25FLASH_Sector_Erase
C:\Users\Miks\AppData\Local\Temp\ccvXKx7K.s:818    .text.MX25FLASH_Sector_Erase:00000048 $d
C:\Users\Miks\AppData\Local\Temp\ccvXKx7K.s:823    .text._MX25FLASH_Sector_Erase:00000000 $t
C:\Users\Miks\AppData\Local\Temp\ccvXKx7K.s:829    .text._MX25FLASH_Sector_Erase:00000000 _MX25FLASH_Sector_Erase
C:\Users\Miks\AppData\Local\Temp\ccvXKx7K.s:899    .text._MX25FLASH_Sector_Erase:00000050 $d
C:\Users\Miks\AppData\Local\Temp\ccvXKx7K.s:904    .text.MX25FLASH_Program_Sector:00000000 $t
C:\Users\Miks\AppData\Local\Temp\ccvXKx7K.s:910    .text.MX25FLASH_Program_Sector:00000000 MX25FLASH_Program_Sector
C:\Users\Miks\AppData\Local\Temp\ccvXKx7K.s:1018   .text.MX25FLASH_Program_Sector:00000070 $d

UNDEFINED SYMBOLS
HAL_SPI_Transmit
hspi1
HAL_SPI_Receive
HAL_GPIO_WritePin
HAL_Delay
HAL_GetTick
memcpy
