ARM GAS  C:\Users\kroko\AppData\Local\Temp\cccz4Otv.s 			page 1


   1              		.cpu cortex-m4
   2              		.arch armv7e-m
   3              		.fpu fpv4-sp-d16
   4              		.eabi_attribute 27, 1
   5              		.eabi_attribute 28, 1
   6              		.eabi_attribute 20, 1
   7              		.eabi_attribute 21, 1
   8              		.eabi_attribute 23, 3
   9              		.eabi_attribute 24, 1
  10              		.eabi_attribute 25, 1
  11              		.eabi_attribute 26, 1
  12              		.eabi_attribute 30, 1
  13              		.eabi_attribute 34, 1
  14              		.eabi_attribute 18, 4
  15              		.file	"neopixel.c"
  16              		.text
  17              	.Ltext0:
  18              		.cfi_sections	.debug_frame
  19              		.file 1 "Core/Src/neopixel.c"
  20              		.section	.text.LED_Set_Color,"ax",%progbits
  21              		.align	1
  22              		.global	LED_Set_Color
  23              		.syntax unified
  24              		.thumb
  25              		.thumb_func
  27              	LED_Set_Color:
  28              	.LVL0:
  29              	.LFB239:
   1:Core/Src/neopixel.c **** #include "neopixel.h"
   2:Core/Src/neopixel.c **** 
   3:Core/Src/neopixel.c **** PixelRGB_t pixel[NUM_PX] = {0};
   4:Core/Src/neopixel.c **** uint32_t dmaBuffer[DMA_BUFF] = {0};
   5:Core/Src/neopixel.c **** 
   6:Core/Src/neopixel.c **** 
   7:Core/Src/neopixel.c **** void LED_Set_Color(uint8_t r, uint8_t g, uint8_t b){
  30              		.loc 1 7 52 view -0
  31              		.cfi_startproc
  32              		@ args = 0, pretend = 0, frame = 0
  33              		@ frame_needed = 0, uses_anonymous_args = 0
  34              		.loc 1 7 52 is_stmt 0 view .LVU1
  35 0000 08B5     		push	{r3, lr}
  36              		.cfi_def_cfa_offset 8
  37              		.cfi_offset 3, -8
  38              		.cfi_offset 14, -4
   8:Core/Src/neopixel.c ****   pixel[0].color.r = r;
  39              		.loc 1 8 3 is_stmt 1 view .LVU2
  40              		.loc 1 8 20 is_stmt 0 view .LVU3
  41 0002 104B     		ldr	r3, .L8
  42 0004 5870     		strb	r0, [r3, #1]
   9:Core/Src/neopixel.c ****   pixel[0].color.b = b;
  43              		.loc 1 9 3 is_stmt 1 view .LVU4
  44              		.loc 1 9 20 is_stmt 0 view .LVU5
  45 0006 1A70     		strb	r2, [r3]
  10:Core/Src/neopixel.c ****   pixel[0].color.g = g;
  46              		.loc 1 10 3 is_stmt 1 view .LVU6
  47              		.loc 1 10 20 is_stmt 0 view .LVU7
  48 0008 9970     		strb	r1, [r3, #2]
ARM GAS  C:\Users\kroko\AppData\Local\Temp\cccz4Otv.s 			page 2


  11:Core/Src/neopixel.c **** 
  12:Core/Src/neopixel.c ****   uint32_t *pBuff;
  49              		.loc 1 12 3 is_stmt 1 view .LVU8
  13:Core/Src/neopixel.c ****   pBuff = dmaBuffer;
  50              		.loc 1 13 3 view .LVU9
  51              	.LVL1:
  14:Core/Src/neopixel.c ****   int8_t j;
  52              		.loc 1 14 3 view .LVU10
  15:Core/Src/neopixel.c ****   for (j = 23; j >= 0; j--){
  53              		.loc 1 15 3 view .LVU11
  54              		.loc 1 15 10 is_stmt 0 view .LVU12
  55 000a 1723     		movs	r3, #23
  13:Core/Src/neopixel.c ****   pBuff = dmaBuffer;
  56              		.loc 1 13 9 view .LVU13
  57 000c 0E49     		ldr	r1, .L8+4
  58              	.LVL2:
  59              		.loc 1 15 3 view .LVU14
  60 000e 04E0     		b	.L2
  61              	.LVL3:
  62              	.L3:
  16:Core/Src/neopixel.c ****     if ((pixel[0].data >> j) & 0x01){
  17:Core/Src/neopixel.c ****       *pBuff = NEOPIXEL_1;
  18:Core/Src/neopixel.c ****     }
  19:Core/Src/neopixel.c ****     else{
  20:Core/Src/neopixel.c ****       *pBuff = NEOPIXEL_0;
  63              		.loc 1 20 7 is_stmt 1 view .LVU15
  64              		.loc 1 20 14 is_stmt 0 view .LVU16
  65 0010 1E22     		movs	r2, #30
  66 0012 0A60     		str	r2, [r1]
  67              	.L4:
  21:Core/Src/neopixel.c ****     }
  22:Core/Src/neopixel.c ****     pBuff++;
  68              		.loc 1 22 5 is_stmt 1 view .LVU17
  69              		.loc 1 22 10 is_stmt 0 view .LVU18
  70 0014 0431     		adds	r1, r1, #4
  71              	.LVL4:
  15:Core/Src/neopixel.c ****     if ((pixel[0].data >> j) & 0x01){
  72              		.loc 1 15 25 is_stmt 1 discriminator 2 view .LVU19
  73 0016 013B     		subs	r3, r3, #1
  74              	.LVL5:
  15:Core/Src/neopixel.c ****     if ((pixel[0].data >> j) & 0x01){
  75              		.loc 1 15 25 is_stmt 0 discriminator 2 view .LVU20
  76 0018 5BB2     		sxtb	r3, r3
  77              	.LVL6:
  78              	.L2:
  15:Core/Src/neopixel.c ****     if ((pixel[0].data >> j) & 0x01){
  79              		.loc 1 15 18 is_stmt 1 discriminator 1 view .LVU21
  80 001a 002B     		cmp	r3, #0
  81 001c 08DB     		blt	.L7
  16:Core/Src/neopixel.c ****     if ((pixel[0].data >> j) & 0x01){
  82              		.loc 1 16 5 view .LVU22
  16:Core/Src/neopixel.c ****     if ((pixel[0].data >> j) & 0x01){
  83              		.loc 1 16 18 is_stmt 0 view .LVU23
  84 001e 094A     		ldr	r2, .L8
  85 0020 1268     		ldr	r2, [r2]
  16:Core/Src/neopixel.c ****     if ((pixel[0].data >> j) & 0x01){
  86              		.loc 1 16 24 view .LVU24
ARM GAS  C:\Users\kroko\AppData\Local\Temp\cccz4Otv.s 			page 3


  87 0022 DA40     		lsrs	r2, r2, r3
  16:Core/Src/neopixel.c ****     if ((pixel[0].data >> j) & 0x01){
  88              		.loc 1 16 8 view .LVU25
  89 0024 12F0010F 		tst	r2, #1
  90 0028 F2D0     		beq	.L3
  17:Core/Src/neopixel.c ****     }
  91              		.loc 1 17 7 is_stmt 1 view .LVU26
  17:Core/Src/neopixel.c ****     }
  92              		.loc 1 17 14 is_stmt 0 view .LVU27
  93 002a 3C22     		movs	r2, #60
  94 002c 0A60     		str	r2, [r1]
  95 002e F1E7     		b	.L4
  96              	.L7:
  23:Core/Src/neopixel.c ****   }
  24:Core/Src/neopixel.c ****   dmaBuffer[DMA_BUFF - 1] = 0;
  97              		.loc 1 24 3 is_stmt 1 view .LVU28
  98              		.loc 1 24 27 is_stmt 0 view .LVU29
  99 0030 054A     		ldr	r2, .L8+4
 100 0032 0021     		movs	r1, #0
 101              	.LVL7:
 102              		.loc 1 24 27 view .LVU30
 103 0034 C2F82411 		str	r1, [r2, #292]
  25:Core/Src/neopixel.c **** 
  26:Core/Src/neopixel.c ****   HAL_TIM_PWM_Start_DMA(&NEOPIXEL_TIM, NEOPIXEL_CH, dmaBuffer, DMA_BUFF);
 104              		.loc 1 26 3 is_stmt 1 view .LVU31
 105 0038 4A23     		movs	r3, #74
 106              	.LVL8:
 107              		.loc 1 26 3 is_stmt 0 view .LVU32
 108 003a 0448     		ldr	r0, .L8+8
 109              	.LVL9:
 110              		.loc 1 26 3 view .LVU33
 111 003c FFF7FEFF 		bl	HAL_TIM_PWM_Start_DMA
 112              	.LVL10:
  27:Core/Src/neopixel.c **** }
 113              		.loc 1 27 1 view .LVU34
 114 0040 08BD     		pop	{r3, pc}
 115              	.L9:
 116 0042 00BF     		.align	2
 117              	.L8:
 118 0044 00000000 		.word	pixel
 119 0048 00000000 		.word	dmaBuffer
 120 004c 00000000 		.word	htim3
 121              		.cfi_endproc
 122              	.LFE239:
 124              		.section	.text.HAL_TIM_PWM_PulseFinishedCallback,"ax",%progbits
 125              		.align	1
 126              		.global	HAL_TIM_PWM_PulseFinishedCallback
 127              		.syntax unified
 128              		.thumb
 129              		.thumb_func
 131              	HAL_TIM_PWM_PulseFinishedCallback:
 132              	.LVL11:
 133              	.LFB240:
  28:Core/Src/neopixel.c **** 
  29:Core/Src/neopixel.c **** void HAL_TIM_PWM_PulseFinishedCallback(TIM_HandleTypeDef *htim){
 134              		.loc 1 29 64 is_stmt 1 view -0
 135              		.cfi_startproc
ARM GAS  C:\Users\kroko\AppData\Local\Temp\cccz4Otv.s 			page 4


 136              		@ args = 0, pretend = 0, frame = 0
 137              		@ frame_needed = 0, uses_anonymous_args = 0
 138              		.loc 1 29 64 is_stmt 0 view .LVU36
 139 0000 08B5     		push	{r3, lr}
 140              		.cfi_def_cfa_offset 8
 141              		.cfi_offset 3, -8
 142              		.cfi_offset 14, -4
  30:Core/Src/neopixel.c ****   HAL_TIM_PWM_Stop_DMA(htim, NEOPIXEL_CH);
 143              		.loc 1 30 3 is_stmt 1 view .LVU37
 144 0002 0021     		movs	r1, #0
 145 0004 FFF7FEFF 		bl	HAL_TIM_PWM_Stop_DMA
 146              	.LVL12:
  31:Core/Src/neopixel.c **** }
 147              		.loc 1 31 1 is_stmt 0 view .LVU38
 148 0008 08BD     		pop	{r3, pc}
 149              		.cfi_endproc
 150              	.LFE240:
 152              		.global	dmaBuffer
 153              		.section	.bss.dmaBuffer,"aw",%nobits
 154              		.align	2
 157              	dmaBuffer:
 158 0000 00000000 		.space	296
 158      00000000 
 158      00000000 
 158      00000000 
 158      00000000 
 159              		.global	pixel
 160              		.section	.bss.pixel,"aw",%nobits
 161              		.align	2
 164              	pixel:
 165 0000 00000000 		.space	4
 166              		.text
 167              	.Letext0:
 168              		.file 2 "C:/Program Files (x86)/Arm GNU Toolchain arm-none-eabi/14.2 rel1/arm-none-eabi/include/ma
 169              		.file 3 "C:/Program Files (x86)/Arm GNU Toolchain arm-none-eabi/14.2 rel1/arm-none-eabi/include/sy
 170              		.file 4 "Drivers/CMSIS/Device/ST/STM32F4xx/Include/stm32f405xx.h"
 171              		.file 5 "Drivers/STM32F4xx_HAL_Driver/Inc/stm32f4xx_hal_def.h"
 172              		.file 6 "Drivers/STM32F4xx_HAL_Driver/Inc/stm32f4xx_hal_dma.h"
 173              		.file 7 "Drivers/STM32F4xx_HAL_Driver/Inc/stm32f4xx_hal_tim.h"
 174              		.file 8 "Core/Inc/neopixel.h"
ARM GAS  C:\Users\kroko\AppData\Local\Temp\cccz4Otv.s 			page 5


DEFINED SYMBOLS
                            *ABS*:00000000 neopixel.c
C:\Users\kroko\AppData\Local\Temp\cccz4Otv.s:21     .text.LED_Set_Color:00000000 $t
C:\Users\kroko\AppData\Local\Temp\cccz4Otv.s:27     .text.LED_Set_Color:00000000 LED_Set_Color
C:\Users\kroko\AppData\Local\Temp\cccz4Otv.s:118    .text.LED_Set_Color:00000044 $d
C:\Users\kroko\AppData\Local\Temp\cccz4Otv.s:164    .bss.pixel:00000000 pixel
C:\Users\kroko\AppData\Local\Temp\cccz4Otv.s:157    .bss.dmaBuffer:00000000 dmaBuffer
C:\Users\kroko\AppData\Local\Temp\cccz4Otv.s:125    .text.HAL_TIM_PWM_PulseFinishedCallback:00000000 $t
C:\Users\kroko\AppData\Local\Temp\cccz4Otv.s:131    .text.HAL_TIM_PWM_PulseFinishedCallback:00000000 HAL_TIM_PWM_PulseFinishedCallback
C:\Users\kroko\AppData\Local\Temp\cccz4Otv.s:154    .bss.dmaBuffer:00000000 $d
C:\Users\kroko\AppData\Local\Temp\cccz4Otv.s:161    .bss.pixel:00000000 $d

UNDEFINED SYMBOLS
HAL_TIM_PWM_Start_DMA
htim3
HAL_TIM_PWM_Stop_DMA
