Archive member included to satisfy reference by file (symbol)

C:/Program Files (x86)/Arm GNU Toolchain arm-none-eabi/14.2 rel1/bin/../lib/gcc/arm-none-eabi/14.2.1/thumb/v7e-m+fp/hard\libc_nano.a(libc_a-exit.o)
                              C:/Program Files (x86)/Arm GNU Toolchain arm-none-eabi/14.2 rel1/bin/../lib/gcc/arm-none-eabi/14.2.1/thumb/v7e-m+fp/hard/crt0.o (exit)
C:/Program Files (x86)/Arm GNU Toolchain arm-none-eabi/14.2 rel1/bin/../lib/gcc/arm-none-eabi/14.2.1/thumb/v7e-m+fp/hard\libc_nano.a(libc_a-findfp.o)
                              C:/Program Files (x86)/Arm GNU Toolchain arm-none-eabi/14.2 rel1/bin/../lib/gcc/arm-none-eabi/14.2.1/thumb/v7e-m+fp/hard\libc_nano.a(libc_a-exit.o) (__stdio_exit_handler)
C:/Program Files (x86)/Arm GNU Toolchain arm-none-eabi/14.2 rel1/bin/../lib/gcc/arm-none-eabi/14.2.1/thumb/v7e-m+fp/hard\libc_nano.a(libc_a-fwalk.o)
                              C:/Program Files (x86)/Arm GNU Toolchain arm-none-eabi/14.2 rel1/bin/../lib/gcc/arm-none-eabi/14.2.1/thumb/v7e-m+fp/hard\libc_nano.a(libc_a-findfp.o) (_fwalk_sglue)
C:/Program Files (x86)/Arm GNU Toolchain arm-none-eabi/14.2 rel1/bin/../lib/gcc/arm-none-eabi/14.2.1/thumb/v7e-m+fp/hard\libc_nano.a(libc_a-stdio.o)
                              C:/Program Files (x86)/Arm GNU Toolchain arm-none-eabi/14.2 rel1/bin/../lib/gcc/arm-none-eabi/14.2.1/thumb/v7e-m+fp/hard\libc_nano.a(libc_a-findfp.o) (__sread)
C:/Program Files (x86)/Arm GNU Toolchain arm-none-eabi/14.2 rel1/bin/../lib/gcc/arm-none-eabi/14.2.1/thumb/v7e-m+fp/hard\libc_nano.a(libc_a-memset.o)
                              C:/Program Files (x86)/Arm GNU Toolchain arm-none-eabi/14.2 rel1/bin/../lib/gcc/arm-none-eabi/14.2.1/thumb/v7e-m+fp/hard/crt0.o (memset)
C:/Program Files (x86)/Arm GNU Toolchain arm-none-eabi/14.2 rel1/bin/../lib/gcc/arm-none-eabi/14.2.1/thumb/v7e-m+fp/hard\libc_nano.a(libc_a-closer.o)
                              C:/Program Files (x86)/Arm GNU Toolchain arm-none-eabi/14.2 rel1/bin/../lib/gcc/arm-none-eabi/14.2.1/thumb/v7e-m+fp/hard\libc_nano.a(libc_a-stdio.o) (_close_r)
C:/Program Files (x86)/Arm GNU Toolchain arm-none-eabi/14.2 rel1/bin/../lib/gcc/arm-none-eabi/14.2.1/thumb/v7e-m+fp/hard\libc_nano.a(libc_a-reent.o)
                              C:/Program Files (x86)/Arm GNU Toolchain arm-none-eabi/14.2 rel1/bin/../lib/gcc/arm-none-eabi/14.2.1/thumb/v7e-m+fp/hard\libc_nano.a(libc_a-closer.o) (errno)
C:/Program Files (x86)/Arm GNU Toolchain arm-none-eabi/14.2 rel1/bin/../lib/gcc/arm-none-eabi/14.2.1/thumb/v7e-m+fp/hard\libc_nano.a(libc_a-impure.o)
                              C:/Program Files (x86)/Arm GNU Toolchain arm-none-eabi/14.2 rel1/bin/../lib/gcc/arm-none-eabi/14.2.1/thumb/v7e-m+fp/hard\libc_nano.a(libc_a-reent.o) (_impure_ptr)
C:/Program Files (x86)/Arm GNU Toolchain arm-none-eabi/14.2 rel1/bin/../lib/gcc/arm-none-eabi/14.2.1/thumb/v7e-m+fp/hard\libc_nano.a(libc_a-lseekr.o)
                              C:/Program Files (x86)/Arm GNU Toolchain arm-none-eabi/14.2 rel1/bin/../lib/gcc/arm-none-eabi/14.2.1/thumb/v7e-m+fp/hard\libc_nano.a(libc_a-stdio.o) (_lseek_r)
C:/Program Files (x86)/Arm GNU Toolchain arm-none-eabi/14.2 rel1/bin/../lib/gcc/arm-none-eabi/14.2.1/thumb/v7e-m+fp/hard\libc_nano.a(libc_a-readr.o)
                              C:/Program Files (x86)/Arm GNU Toolchain arm-none-eabi/14.2 rel1/bin/../lib/gcc/arm-none-eabi/14.2.1/thumb/v7e-m+fp/hard\libc_nano.a(libc_a-stdio.o) (_read_r)
C:/Program Files (x86)/Arm GNU Toolchain arm-none-eabi/14.2 rel1/bin/../lib/gcc/arm-none-eabi/14.2.1/thumb/v7e-m+fp/hard\libc_nano.a(libc_a-writer.o)
                              C:/Program Files (x86)/Arm GNU Toolchain arm-none-eabi/14.2 rel1/bin/../lib/gcc/arm-none-eabi/14.2.1/thumb/v7e-m+fp/hard\libc_nano.a(libc_a-stdio.o) (_write_r)
C:/Program Files (x86)/Arm GNU Toolchain arm-none-eabi/14.2 rel1/bin/../lib/gcc/arm-none-eabi/14.2.1/thumb/v7e-m+fp/hard\libc_nano.a(libc_a-errno.o)
                              build/debug/syscalls.o (__errno)
C:/Program Files (x86)/Arm GNU Toolchain arm-none-eabi/14.2 rel1/bin/../lib/gcc/arm-none-eabi/14.2.1/thumb/v7e-m+fp/hard\libc_nano.a(libc_a-init.o)
                              C:/Program Files (x86)/Arm GNU Toolchain arm-none-eabi/14.2 rel1/bin/../lib/gcc/arm-none-eabi/14.2.1/thumb/v7e-m+fp/hard/crt0.o (__libc_init_array)
C:/Program Files (x86)/Arm GNU Toolchain arm-none-eabi/14.2 rel1/bin/../lib/gcc/arm-none-eabi/14.2.1/thumb/v7e-m+fp/hard\libc_nano.a(libc_a-lock.o)
                              C:/Program Files (x86)/Arm GNU Toolchain arm-none-eabi/14.2 rel1/bin/../lib/gcc/arm-none-eabi/14.2.1/thumb/v7e-m+fp/hard\libc_nano.a(libc_a-findfp.o) (__retarget_lock_init_recursive)
C:/Program Files (x86)/Arm GNU Toolchain arm-none-eabi/14.2 rel1/bin/../lib/gcc/arm-none-eabi/14.2.1/thumb/v7e-m+fp/hard\libc_nano.a(libc_a-memcpy-stub.o)
                              build/debug/25flash.o (memcpy)
[...]
Memory Configuration

Name             Origin             Length             Attributes
RAM              0x20000000         0x00020000         xrw
CCMRAM           0x10000000         0x00010000         xrw
FLASH            0x08000000         0x00100000         xr
*default*        0x00000000         0xffffffff

Linker script and memory map

LOAD C:/Program Files (x86)/Arm GNU Toolchain arm-none-eabi/14.2 rel1/bin/../lib/gcc/arm-none-eabi/14.2.1/thumb/v7e-m+fp/hard/crti.o
LOAD C:/Program Files (x86)/Arm GNU Toolchain arm-none-eabi/14.2 rel1/bin/../lib/gcc/arm-none-eabi/14.2.1/thumb/v7e-m+fp/hard/crtbegin.o
LOAD C:/Program Files (x86)/Arm GNU Toolchain arm-none-eabi/14.2 rel1/bin/../lib/gcc/arm-none-eabi/14.2.1/thumb/v7e-m+fp/hard/crt0.o
LOAD build/debug/25flash.o
LOAD build/debug/BMP388.o
LOAD build/debug/GNSS.o
LOAD build/debug/SX1262.o
LOAD build/debug/diskio.o
LOAD build/debug/ee24.o
LOAD build/debug/fatfs.o
LOAD build/debug/ff.o
LOAD build/debug/ff_gen_drv.o
LOAD build/debug/lsm6dso.o
LOAD build/debug/lsm6dso_reg.o
LOAD build/debug/main.o
LOAD build/debug/neopixel.o
LOAD build/debug/servo.o
LOAD build/debug/stm32f4xx_hal.o
LOAD build/debug/stm32f4xx_hal_adc.o
LOAD build/debug/stm32f4xx_hal_adc_ex.o
LOAD build/debug/stm32f4xx_hal_cortex.o
LOAD build/debug/stm32f4xx_hal_crc.o
LOAD build/debug/stm32f4xx_hal_dma.o
LOAD build/debug/stm32f4xx_hal_dma_ex.o
LOAD build/debug/stm32f4xx_hal_exti.o
LOAD build/debug/stm32f4xx_hal_flash.o
LOAD build/debug/stm32f4xx_hal_flash_ex.o
LOAD build/debug/stm32f4xx_hal_flash_ramfunc.o
LOAD build/debug/stm32f4xx_hal_gpio.o
LOAD build/debug/stm32f4xx_hal_i2c.o
LOAD build/debug/stm32f4xx_hal_i2c_ex.o
LOAD build/debug/stm32f4xx_hal_msp.o
LOAD build/debug/stm32f4xx_hal_pcd.o
LOAD build/debug/stm32f4xx_hal_pcd_ex.o
LOAD build/debug/stm32f4xx_hal_pwr.o
LOAD build/debug/stm32f4xx_hal_pwr_ex.o
LOAD build/debug/stm32f4xx_hal_rcc.o
LOAD build/debug/stm32f4xx_hal_rcc_ex.o
LOAD build/debug/stm32f4xx_hal_rtc.o
LOAD build/debug/stm32f4xx_hal_rtc_ex.o
LOAD build/debug/stm32f4xx_hal_spi.o
LOAD build/debug/stm32f4xx_hal_tim.o
LOAD build/debug/stm32f4xx_hal_tim_ex.o
LOAD build/debug/stm32f4xx_hal_uart.o
LOAD build/debug/stm32f4xx_it.o
LOAD build/debug/stm32f4xx_ll_usb.o
LOAD build/debug/syscall.o
LOAD build/debug/syscalls.o
LOAD build/debug/sysmem.o
LOAD build/debug/system_stm32f4xx.o
LOAD build/debug/usb_device.o
LOAD build/debug/usbd_conf.o
LOAD build/debug/usbd_core.o
LOAD build/debug/usbd_ctlreq.o
LOAD build/debug/usbd_desc.o
LOAD build/debug/usbd_ioreq.o
LOAD build/debug/usbd_msc.o
LOAD build/debug/usbd_msc_bot.o
LOAD build/debug/usbd_msc_data.o
LOAD build/debug/usbd_msc_scsi.o
LOAD build/debug/usbd_storage_if.o
LOAD build/debug/user_diskio.o
LOAD build/debug/startup_stm32f405xx.o
LOAD C:/Program Files (x86)/Arm GNU Toolchain arm-none-eabi/14.2 rel1/bin/../lib/gcc/arm-none-eabi/14.2.1/thumb/v7e-m+fp/hard\libc_nano.a
LOAD C:/Program Files (x86)/Arm GNU Toolchain arm-none-eabi/14.2 rel1/bin/../lib/gcc/arm-none-eabi/14.2.1/thumb/v7e-m+fp/hard\libm.a
LOAD C:/Program Files (x86)/Arm GNU Toolchain arm-none-eabi/14.2 rel1/bin/../lib/gcc/arm-none-eabi/14.2.1/thumb/v7e-m+fp/hard\libnosys.a
START GROUP
LOAD C:/Program Files (x86)/Arm GNU Toolchain arm-none-eabi/14.2 rel1/bin/../lib/gcc/arm-none-eabi/14.2.1/thumb/v7e-m+fp/hard\libgcc.a
LOAD C:/Program Files (x86)/Arm GNU Toolchain arm-none-eabi/14.2 rel1/bin/../lib/gcc/arm-none-eabi/14.2.1/thumb/v7e-m+fp/hard\libc_nano.a
END GROUP
START GROUP
LOAD C:/Program Files (x86)/Arm GNU Toolchain arm-none-eabi/14.2 rel1/bin/../lib/gcc/arm-none-eabi/14.2.1/thumb/v7e-m+fp/hard\libgcc.a
LOAD C:/Program Files (x86)/Arm GNU Toolchain arm-none-eabi/14.2 rel1/bin/../lib/gcc/arm-none-eabi/14.2.1/thumb/v7e-m+fp/hard\libc_nano.a
END GROUP
LOAD C:/Program Files (x86)/Arm GNU Toolchain arm-none-eabi/14.2 rel1/bin/../lib/gcc/arm-none-eabi/14.2.1/thumb/v7e-m+fp/hard/crtend.o
LOAD C:/Program Files (x86)/Arm GNU Toolchain arm-none-eabi/14.2 rel1/bin/../lib/gcc/arm-none-eabi/14.2.1/thumb/v7e-m+fp/hard/crtn.o
                0x20020000                        _estack = (ORIGIN (RAM) + LENGTH (RAM))
                0x00000200                        _Min_Heap_Size = 0x200
                0x00000400                        _Min_Stack_Size = 0x400

.isr_vector     0x08000000      0x188
                0x08000000                        . = ALIGN (0x4)
 *(.isr_vector)
 .isr_vector    0x08000000      0x188 build/debug/startup_stm32f405xx.o
                0x08000000                g_pfnVectors
                0x08000188                        . = ALIGN (0x4)

.text           0x08000188     0xb400
                0x08000188                        . = ALIGN (0x4)
 *(.text)
 .text          0x08000188      0x378 C:/Program Files (x86)/Arm GNU Toolchain arm-none-eabi/14.2 rel1/bin/../lib/gcc/arm-none-eabi/14.2.1/thumb/v7e-m+fp/hard\libgcc.a(_arm_addsubdf3.o)
                0x08000188                __aeabi_drsub
                0x08000190                __aeabi_dsub
                0x08000190                __subdf3
                0x08000194                __aeabi_dadd
                0x08000194                __adddf3
                0x0800040c                __floatunsidf
                0x0800040c                __aeabi_ui2d
                0x0800042c                __floatsidf
                0x0800042c                __aeabi_i2d
                0x08000450                __aeabi_f2d
                0x08000450                __extendsfdf2
                0x08000494                __floatundidf
                0x08000494                __aeabi_ul2d
                0x080004a4                __floatdidf
                0x080004a4                __aeabi_l2d
 .text          0x08000500      0x424 C:/Program Files (x86)/Arm GNU Toolchain arm-none-eabi/14.2 rel1/bin/../lib/gcc/arm-none-eabi/14.2.1/thumb/v7e-m+fp/hard\libgcc.a(_arm_muldivdf3.o)
                0x08000500                __aeabi_dmul
                0x08000500                __muldf3
                0x08000754                __divdf3
                0x08000754                __aeabi_ddiv
 .text          0x08000924       0x50 C:/Program Files (x86)/Arm GNU Toolchain arm-none-eabi/14.2 rel1/bin/../lib/gcc/arm-none-eabi/14.2.1/thumb/v7e-m+fp/hard\libgcc.a(_arm_fixdfsi.o)
                0x08000924                __aeabi_d2iz
                0x08000924                __fixdfsi
 .text          0x08000974       0x40 C:/Program Files (x86)/Arm GNU Toolchain arm-none-eabi/14.2 rel1/bin/../lib/gcc/arm-none-eabi/14.2.1/thumb/v7e-m+fp/hard\libgcc.a(_arm_fixunsdfsi.o)
                0x08000974                __aeabi_d2uiz
                0x08000974                __fixunsdfsi
 .text          0x080009b4       0x30 C:/Program Files (x86)/Arm GNU Toolchain arm-none-eabi/14.2 rel1/bin/../lib/gcc/arm-none-eabi/14.2.1/thumb/v7e-m+fp/hard\libgcc.a(_aeabi_uldivmod.o)
                0x080009b4                __aeabi_uldivmod
 .text          0x080009e4        0x4 C:/Program Files (x86)/Arm GNU Toolchain arm-none-eabi/14.2 rel1/bin/../lib/gcc/arm-none-eabi/14.2.1/thumb/v7e-m+fp/hard\libgcc.a(_dvmd_tls.o)
                0x080009e4                __aeabi_idiv0
                0x080009e4                __aeabi_ldiv0
 *(.text*)
 .text.deregister_tm_clones
                0x080009e8       0x1c C:/Program Files (x86)/Arm GNU Toolchain arm-none-eabi/14.2 rel1/bin/../lib/gcc/arm-none-eabi/14.2.1/thumb/v7e-m+fp/hard/crtbegin.o
 .text.register_tm_clones
                0x08000a04       0x24 C:/Program Files (x86)/Arm GNU Toolchain arm-none-eabi/14.2 rel1/bin/../lib/gcc/arm-none-eabi/14.2.1/thumb/v7e-m+fp/hard/crtbegin.o
 .text.__do_global_dtors_aux
                0x08000a28       0x28 C:/Program Files (x86)/Arm GNU Toolchain arm-none-eabi/14.2 rel1/bin/../lib/gcc/arm-none-eabi/14.2.1/thumb/v7e-m+fp/hard/crtbegin.o
 .text.frame_dummy
                0x08000a50       0x24 C:/Program Files (x86)/Arm GNU Toolchain arm-none-eabi/14.2 rel1/bin/../lib/gcc/arm-none-eabi/14.2.1/thumb/v7e-m+fp/hard/crtbegin.o
 .text.MX25FLASH_SPI_Write
                0x08000a74       0x18 build/debug/25flash.o
                0x08000a74                MX25FLASH_SPI_Write
 .text.MX25FLASH_SPI_Read
                0x08000a8c       0x18 build/debug/25flash.o
                0x08000a8c                MX25FLASH_SPI_Read
 .text.MX25FLASH_Reset
                0x08000aa4       0x3c build/debug/25flash.o
                0x08000aa4                MX25FLASH_Reset
 .text.MX25FLASH_WE
                0x08000ae0       0x34 build/debug/25flash.o
                0x08000ae0                MX25FLASH_WE
 .text.MX25FLASH_Continious_Read
                0x08000b14       0x58 build/debug/25flash.o
                0x08000b14                MX25FLASH_Continious_Read
 .text.MX25FLASH_WFE
                0x08000b6c       0x5c build/debug/25flash.o
                0x08000b6c                MX25FLASH_WFE
 .text.MX25FLASH_Program_Page
                0x08000bc8       0x5c build/debug/25flash.o
                0x08000bc8                MX25FLASH_Program_Page
 .text.MX25FLASH_Sector_Erase
                0x08000c24       0x4c build/debug/25flash.o
                0x08000c24                MX25FLASH_Sector_Erase
 .text._MX25FLASH_Sector_Erase
                0x08000c70       0x54 build/debug/25flash.o
                0x08000c70                _MX25FLASH_Sector_Erase
 .text.BMP388_SetTempOS
                0x08000cc4       0x18 build/debug/BMP388.o
                0x08000cc4                BMP388_SetTempOS
 .text.BMP388_SetPressOS
                0x08000cdc       0x16 build/debug/BMP388.o
                0x08000cdc                BMP388_SetPressOS
 .text.BMP388_SetIIRFilterCoeff
                0x08000cf2       0x10 build/debug/BMP388.o
                0x08000cf2                BMP388_SetIIRFilterCoeff
 .text.BMP388_SetOutputDataRate
                0x08000d02        0xe build/debug/BMP388.o
                0x08000d02                BMP388_SetOutputDataRate
 .text.BMP388_CompensateTemp
                0x08000d10       0x2e build/debug/BMP388.o
                0x08000d10                BMP388_CompensateTemp
 .text.BMP388_CompensatePress
                0x08000d3e       0x9a build/debug/BMP388.o
                0x08000d3e                BMP388_CompensatePress
 .text.BMP388_CompensateRawPressTemp
                0x08000dd8       0x2e build/debug/BMP388.o
                0x08000dd8                BMP388_CompensateRawPressTemp
 .text.BMP388_ReadBytes
                0x08000e06       0x1c build/debug/BMP388.o
                0x08000e06                BMP388_ReadBytes
 *fill*         0x08000e22        0x2 
 .text.BMP388_GetCalibData
                0x08000e24      0x1f0 build/debug/BMP388.o
                0x08000e24                BMP388_GetCalibData
 .text.BMP388_WriteBytes
                0x08001014       0x1c build/debug/BMP388.o
                0x08001014                BMP388_WriteBytes
 .text.BMP388_ReadRawPressTempTime
                0x08001030       0xbe build/debug/BMP388.o
                0x08001030                BMP388_ReadRawPressTempTime
 .text.BMP388_SoftReset
                0x080010ee       0x50 build/debug/BMP388.o
                0x080010ee                BMP388_SoftReset
 .text.BMP388_Init
                0x0800113e       0x32 build/debug/BMP388.o
                0x0800113e                BMP388_Init
 .text.GNSS_Init
                0x08001170       0x40 build/debug/GNSS.o
                0x08001170                GNSS_Init
 .text.GNSS_GetUniqID
                0x080011b0       0x24 build/debug/GNSS.o
                0x080011b0                GNSS_GetUniqID
 .text.GNSS_ParseUniqID
                0x080011d4       0x20 build/debug/GNSS.o
                0x080011d4                GNSS_ParseUniqID
 *fill*         0x080011f4        0x4 
 .text.GNSS_ParsePVTData
                0x080011f8      0x1b4 build/debug/GNSS.o
                0x080011f8                GNSS_ParsePVTData
 .text.GNSS_ParseNavigatorData
                0x080013ac       0x3c build/debug/GNSS.o
                0x080013ac                GNSS_ParseNavigatorData
 .text.GNSS_ParsePOSLLHData
                0x080013e8       0xf8 build/debug/GNSS.o
                0x080013e8                GNSS_ParsePOSLLHData
 .text.GNSS_ParseBuffer
                0x080014e0       0x7e build/debug/GNSS.o
                0x080014e0                GNSS_ParseBuffer
 *fill*         0x0800155e        0x2 
 .text.GNSS_LoadConfig
                0x08001560       0x44 build/debug/GNSS.o
                0x08001560                GNSS_LoadConfig
 .text.SX1262_CSLow
                0x080015a4       0x18 build/debug/SX1262.o
                0x080015a4                SX1262_CSLow
 .text.SX1262_CSHigh
                0x080015bc       0x18 build/debug/SX1262.o
                0x080015bc                SX1262_CSHigh
 .text.SX1262_BusyWait
                0x080015d4       0x28 build/debug/SX1262.o
                0x080015d4                SX1262_BusyWait
 .text.SX1262_Set_Command
                0x080015fc       0x4c build/debug/SX1262.o
                0x080015fc                SX1262_Set_Command
 .text.SX1262_HandleCallback
                0x08001648      0x128 build/debug/SX1262.o
                0x08001648                SX1262_HandleCallback
 .text.SX1262_Check_Correct
                0x08001770       0x48 build/debug/SX1262.o
                0x08001770                SX1262_Check_Correct
 .text.SX1262_setModeReceive
                0x080017b8       0x5c build/debug/SX1262.o
                0x080017b8                SX1262_setModeReceive
 .text.SX1262_Radio_essental_Config
                0x08001814      0x134 build/debug/SX1262.o
                0x08001814                SX1262_Radio_essental_Config
 .text.SX1262_Init
                0x08001948       0x68 build/debug/SX1262.o
                0x08001948                SX1262_Init
 .text.SX1262_SetFrequency
                0x080019b0       0x54 build/debug/SX1262.o
                0x080019b0                SX1262_SetFrequency
 .text.EE24_Delay
                0x08001a04        0x8 build/debug/ee24.o
                0x08001a04                EE24_Delay
 .text.EE24_Lock
                0x08001a0c       0x18 build/debug/ee24.o
                0x08001a0c                EE24_Lock
 .text.EE24_UnLock
                0x08001a24        0x6 build/debug/ee24.o
                0x08001a24                EE24_UnLock
 .text.EE24_Init
                0x08001a2a       0x44 build/debug/ee24.o
                0x08001a2a                EE24_Init
 .text.EE24_Read
                0x08001a6e       0x3a build/debug/ee24.o
                0x08001a6e                EE24_Read
 .text.MX_FATFS_Init
                0x08001aa8       0x1c build/debug/fatfs.o
                0x08001aa8                MX_FATFS_Init
 .text.FATFS_LinkDriverEx
                0x08001ac4       0x54 build/debug/ff_gen_drv.o
                0x08001ac4                FATFS_LinkDriverEx
 .text.FATFS_LinkDriver
                0x08001b18        0xa build/debug/ff_gen_drv.o
                0x08001b18                FATFS_LinkDriver
 .text.LSM6DSO_ACC_Enable
                0x08001b22       0x2a build/debug/lsm6dso.o
                0x08001b22                LSM6DSO_ACC_Enable
 .text.LSM6DSO_Init
                0x08001b4c       0x9c build/debug/lsm6dso.o
                0x08001b4c                LSM6DSO_Init
 .text.LSM6DSO_ReadID
                0x08001be8       0x12 build/debug/lsm6dso.o
                0x08001be8                LSM6DSO_ReadID
 *fill*         0x08001bfa        0x2 
 .text.LSM6DSO_ACC_GetSensitivity
                0x08001bfc       0x58 build/debug/lsm6dso.o
                0x08001bfc                LSM6DSO_ACC_GetSensitivity
 .text.LSM6DSO_ACC_GetAxes
                0x08001c54       0x7c build/debug/lsm6dso.o
                0x08001c54                LSM6DSO_ACC_GetAxes
 .text.lsm6dso_xl_full_scale_set
                0x08001cd0       0x32 build/debug/lsm6dso_reg.o
                0x08001cd0                lsm6dso_xl_full_scale_set
 .text.lsm6dso_xl_full_scale_get
                0x08001d02       0x44 build/debug/lsm6dso_reg.o
                0x08001d02                lsm6dso_xl_full_scale_get
 .text.lsm6dso_gy_full_scale_set
                0x08001d46       0x32 build/debug/lsm6dso_reg.o
                0x08001d46                lsm6dso_gy_full_scale_set
 .text.lsm6dso_block_data_update_set
                0x08001d78       0x32 build/debug/lsm6dso_reg.o
                0x08001d78                lsm6dso_block_data_update_set
 .text.lsm6dso_acceleration_raw_get
                0x08001daa       0x44 build/debug/lsm6dso_reg.o
                0x08001daa                lsm6dso_acceleration_raw_get
 .text.lsm6dso_mem_bank_set
                0x08001dee       0x32 build/debug/lsm6dso_reg.o
                0x08001dee                lsm6dso_mem_bank_set
 .text.lsm6dso_device_id_get
                0x08001e20        0xe build/debug/lsm6dso_reg.o
                0x08001e20                lsm6dso_device_id_get
 .text.lsm6dso_auto_increment_set
                0x08001e2e       0x32 build/debug/lsm6dso_reg.o
                0x08001e2e                lsm6dso_auto_increment_set
 .text.lsm6dso_i3c_disable_set
                0x08001e60       0x6a build/debug/lsm6dso_reg.o
                0x08001e60                lsm6dso_i3c_disable_set
 .text.lsm6dso_fifo_mode_set
                0x08001eca       0x32 build/debug/lsm6dso_reg.o
                0x08001eca                lsm6dso_fifo_mode_set
 .text.lsm6dso_fsm_enable_get
                0x08001efc       0x2a build/debug/lsm6dso_reg.o
                0x08001efc                lsm6dso_fsm_enable_get
 .text.lsm6dso_fsm_data_rate_get
                0x08001f26       0x5e build/debug/lsm6dso_reg.o
                0x08001f26                lsm6dso_fsm_data_rate_get
 .text.lsm6dso_xl_data_rate_set
                0x08001f84      0x10a build/debug/lsm6dso_reg.o
                0x08001f84                lsm6dso_xl_data_rate_set
 .text.lsm6dso_gy_data_rate_set
                0x0800208e      0x10a build/debug/lsm6dso_reg.o
                0x0800208e                lsm6dso_gy_data_rate_set
 .text.MX_GPIO_Init
                0x08002198      0x194 build/debug/main.o
 .text.MX_DMA_Init
                0x0800232c       0x58 build/debug/main.o
 .text.BUZZ     0x08002384       0x18 build/debug/main.o
                0x08002384                BUZZ
 .text.lsm6dso_write_reg
                0x0800239c       0x5c build/debug/main.o
                0x0800239c                lsm6dso_write_reg
 .text.lsm6dso_read_reg
                0x080023f8       0x60 build/debug/main.o
                0x080023f8                lsm6dso_read_reg
 .text.HAL_TIM_PeriodElapsedCallback
                0x08002458       0x3c build/debug/main.o
                0x08002458                HAL_TIM_PeriodElapsedCallback
 .text.Error_Handler
                0x08002494        0x4 build/debug/main.o
                0x08002494                Error_Handler
 .text.MX_ADC1_Init
                0x08002498       0x68 build/debug/main.o
 .text.MX_I2C1_Init
                0x08002500       0x38 build/debug/main.o
 .text.MX_I2C2_Init
                0x08002538       0x38 build/debug/main.o
 .text.MX_I2C3_Init
                0x08002570       0x38 build/debug/main.o
 .text.MX_RTC_Init
                0x080025a8       0x30 build/debug/main.o
 .text.MX_SPI1_Init
                0x080025d8       0x40 build/debug/main.o
 .text.MX_SPI2_Init
                0x08002618       0x44 build/debug/main.o
 .text.MX_SPI3_Init
                0x0800265c       0x40 build/debug/main.o
 .text.MX_TIM3_Init
                0x0800269c       0xa0 build/debug/main.o
 .text.MX_TIM4_Init
                0x0800273c       0xb8 build/debug/main.o
 .text.MX_TIM5_Init
                0x080027f4       0xf0 build/debug/main.o
 .text.MX_USART1_UART_Init
                0x080028e4       0x34 build/debug/main.o
 .text.MX_CRC_Init
                0x08002918       0x1c build/debug/main.o
 .text.MX_TIM7_Init
                0x08002934       0x48 build/debug/main.o
 .text.SystemClock_Config
                0x0800297c       0xac build/debug/main.o
                0x0800297c                SystemClock_Config
 .text.main     0x08002a28      0x248 build/debug/main.o
                0x08002a28                main
 .text.LED_Set_Color
                0x08002c70       0x50 build/debug/neopixel.o
                0x08002c70                LED_Set_Color
 .text.HAL_TIM_PWM_PulseFinishedCallback
                0x08002cc0        0xa build/debug/neopixel.o
                0x08002cc0                HAL_TIM_PWM_PulseFinishedCallback
 .text.Servo_Init
                0x08002cca       0x12 build/debug/servo.o
                0x08002cca                Servo_Init
 .text.map      0x08002cdc       0x18 build/debug/servo.o
                0x08002cdc                map
 .text.Servo_SetAngle
                0x08002cf4       0x54 build/debug/servo.o
                0x08002cf4                Servo_SetAngle
 .text.HAL_InitTick
                0x08002d48       0x4c build/debug/stm32f4xx_hal.o
                0x08002d48                HAL_InitTick
 .text.HAL_Init
                0x08002d94       0x34 build/debug/stm32f4xx_hal.o
                0x08002d94                HAL_Init
 .text.HAL_IncTick
                0x08002dc8       0x18 build/debug/stm32f4xx_hal.o
                0x08002dc8                HAL_IncTick
 .text.HAL_GetTick
                0x08002de0        0xc build/debug/stm32f4xx_hal.o
                0x08002de0                HAL_GetTick
 .text.HAL_Delay
                0x08002dec       0x28 build/debug/stm32f4xx_hal.o
                0x08002dec                HAL_Delay
 .text.ADC_Init
                0x08002e14      0x134 build/debug/stm32f4xx_hal_adc.o
 .text.HAL_ADC_Init
                0x08002f48       0x56 build/debug/stm32f4xx_hal_adc.o
                0x08002f48                HAL_ADC_Init
 *fill*         0x08002f9e        0x2 
 .text.HAL_ADC_ConfigChannel
                0x08002fa0      0x194 build/debug/stm32f4xx_hal_adc.o
                0x08002fa0                HAL_ADC_ConfigChannel
 .text.__NVIC_EnableIRQ
                0x08003134       0x1c build/debug/stm32f4xx_hal_cortex.o
 .text.__NVIC_SetPriority
                0x08003150       0x28 build/debug/stm32f4xx_hal_cortex.o
 .text.NVIC_EncodePriority
                0x08003178       0x3e build/debug/stm32f4xx_hal_cortex.o
 *fill*         0x080031b6        0x2 
 .text.HAL_NVIC_SetPriorityGrouping
                0x080031b8       0x24 build/debug/stm32f4xx_hal_cortex.o
                0x080031b8                HAL_NVIC_SetPriorityGrouping
 .text.HAL_NVIC_SetPriority
                0x080031dc       0x20 build/debug/stm32f4xx_hal_cortex.o
                0x080031dc                HAL_NVIC_SetPriority
 .text.HAL_NVIC_EnableIRQ
                0x080031fc        0x8 build/debug/stm32f4xx_hal_cortex.o
                0x080031fc                HAL_NVIC_EnableIRQ
 .text.HAL_SYSTICK_Config
                0x08003204       0x28 build/debug/stm32f4xx_hal_cortex.o
                0x08003204                HAL_SYSTICK_Config
 .text.HAL_CRC_Init
                0x0800322c       0x1e build/debug/stm32f4xx_hal_crc.o
                0x0800322c                HAL_CRC_Init
 .text.DMA_SetConfig
                0x0800324a       0x2c build/debug/stm32f4xx_hal_dma.o
 *fill*         0x08003276        0x2 
 .text.DMA_CalcBaseAndBitshift
                0x08003278       0x3c build/debug/stm32f4xx_hal_dma.o
 .text.DMA_CheckFifoParam
                0x080032b4       0x8e build/debug/stm32f4xx_hal_dma.o
 *fill*         0x08003342        0x2 
 .text.HAL_DMA_Init
                0x08003344       0xcc build/debug/stm32f4xx_hal_dma.o
                0x08003344                HAL_DMA_Init
 .text.HAL_DMA_Start_IT
                0x08003410       0x68 build/debug/stm32f4xx_hal_dma.o
                0x08003410                HAL_DMA_Start_IT
 .text.HAL_DMA_Abort
                0x08003478       0x92 build/debug/stm32f4xx_hal_dma.o
                0x08003478                HAL_DMA_Abort
 .text.HAL_DMA_Abort_IT
                0x0800350a       0x24 build/debug/stm32f4xx_hal_dma.o
                0x0800350a                HAL_DMA_Abort_IT
 *fill*         0x0800352e        0x2 
 .text.HAL_DMA_IRQHandler
                0x08003530      0x1dc build/debug/stm32f4xx_hal_dma.o
                0x08003530                HAL_DMA_IRQHandler
 .text.HAL_GPIO_Init
                0x0800370c      0x1ec build/debug/stm32f4xx_hal_gpio.o
                0x0800370c                HAL_GPIO_Init
 .text.HAL_GPIO_ReadPin
                0x080038f8        0xe build/debug/stm32f4xx_hal_gpio.o
                0x080038f8                HAL_GPIO_ReadPin
 .text.HAL_GPIO_WritePin
                0x08003906        0xc build/debug/stm32f4xx_hal_gpio.o
                0x08003906                HAL_GPIO_WritePin
 .text.HAL_GPIO_TogglePin
                0x08003912       0x12 build/debug/stm32f4xx_hal_gpio.o
                0x08003912                HAL_GPIO_TogglePin
 .text.I2C_IsAcknowledgeFailed
                0x08003924       0x32 build/debug/stm32f4xx_hal_i2c.o
 .text.I2C_WaitOnFlagUntilTimeout
                0x08003956       0xaa build/debug/stm32f4xx_hal_i2c.o
 .text.I2C_WaitOnMasterAddressFlagUntilTimeout
                0x08003a00       0xd6 build/debug/stm32f4xx_hal_i2c.o
 .text.I2C_WaitOnTXEFlagUntilTimeout
                0x08003ad6       0x5e build/debug/stm32f4xx_hal_i2c.o
 .text.I2C_RequestMemoryWrite
                0x08003b34       0xd8 build/debug/stm32f4xx_hal_i2c.o
 .text.I2C_RequestMemoryRead
                0x08003c0c      0x154 build/debug/stm32f4xx_hal_i2c.o
 .text.I2C_WaitOnBTFFlagUntilTimeout
                0x08003d60       0x5e build/debug/stm32f4xx_hal_i2c.o
 .text.I2C_WaitOnRXNEFlagUntilTimeout
                0x08003dbe       0x78 build/debug/stm32f4xx_hal_i2c.o
 *fill*         0x08003e36        0x2 
 .text.HAL_I2C_Init
                0x08003e38      0x1bc build/debug/stm32f4xx_hal_i2c.o
                0x08003e38                HAL_I2C_Init
 .text.HAL_I2C_Mem_Write
                0x08003ff4      0x160 build/debug/stm32f4xx_hal_i2c.o
                0x08003ff4                HAL_I2C_Mem_Write
 .text.HAL_I2C_Mem_Read
                0x08004154      0x2f8 build/debug/stm32f4xx_hal_i2c.o
                0x08004154                HAL_I2C_Mem_Read
 .text.HAL_I2C_IsDeviceReady
                0x0800444c      0x18c build/debug/stm32f4xx_hal_i2c.o
                0x0800444c                HAL_I2C_IsDeviceReady
 .text.HAL_MspInit
                0x080045d8       0x38 build/debug/stm32f4xx_hal_msp.o
                0x080045d8                HAL_MspInit
 .text.HAL_ADC_MspInit
                0x08004610       0x68 build/debug/stm32f4xx_hal_msp.o
                0x08004610                HAL_ADC_MspInit
 .text.HAL_CRC_MspInit
                0x08004678       0x30 build/debug/stm32f4xx_hal_msp.o
                0x08004678                HAL_CRC_MspInit
 .text.HAL_I2C_MspInit
                0x080046a8      0x168 build/debug/stm32f4xx_hal_msp.o
                0x080046a8                HAL_I2C_MspInit
 .text.HAL_RTC_MspInit
                0x08004810       0x48 build/debug/stm32f4xx_hal_msp.o
                0x08004810                HAL_RTC_MspInit
 .text.HAL_SPI_MspInit
                0x08004858      0x11c build/debug/stm32f4xx_hal_msp.o
                0x08004858                HAL_SPI_MspInit
 .text.HAL_TIM_Base_MspInit
                0x08004974      0x10c build/debug/stm32f4xx_hal_msp.o
                0x08004974                HAL_TIM_Base_MspInit
 .text.HAL_TIM_MspPostInit
                0x08004a80       0xc8 build/debug/stm32f4xx_hal_msp.o
                0x08004a80                HAL_TIM_MspPostInit
 .text.HAL_UART_MspInit
                0x08004b48       0xc0 build/debug/stm32f4xx_hal_msp.o
                0x08004b48                HAL_UART_MspInit
 .text.PCD_WriteEmptyTxFifo
                0x08004c08       0xd0 build/debug/stm32f4xx_hal_pcd.o
 .text.HAL_PCD_Init
                0x08004cd8      0x102 build/debug/stm32f4xx_hal_pcd.o
                0x08004cd8                HAL_PCD_Init
 .text.HAL_PCD_Start
                0x08004dda       0x44 build/debug/stm32f4xx_hal_pcd.o
                0x08004dda                HAL_PCD_Start
 *fill*         0x08004e1e        0x2 
 .text.PCD_EP_OutXfrComplete_int
                0x08004e20      0x104 build/debug/stm32f4xx_hal_pcd.o
 .text.PCD_EP_OutSetupPacket_int
                0x08004f24       0x50 build/debug/stm32f4xx_hal_pcd.o
 .text.HAL_PCD_SetAddress
                0x08004f74       0x26 build/debug/stm32f4xx_hal_pcd.o
                0x08004f74                HAL_PCD_SetAddress
 .text.HAL_PCD_EP_Open
                0x08004f9a       0x8c build/debug/stm32f4xx_hal_pcd.o
                0x08004f9a                HAL_PCD_EP_Open
 .text.HAL_PCD_EP_Close
                0x08005026       0x70 build/debug/stm32f4xx_hal_pcd.o
                0x08005026                HAL_PCD_EP_Close
 .text.HAL_PCD_EP_Receive
                0x08005096       0x4a build/debug/stm32f4xx_hal_pcd.o
                0x08005096                HAL_PCD_EP_Receive
 .text.HAL_PCD_EP_GetRxCount
                0x080050e0       0x12 build/debug/stm32f4xx_hal_pcd.o
                0x080050e0                HAL_PCD_EP_GetRxCount
 .text.HAL_PCD_EP_Transmit
                0x080050f2       0x4a build/debug/stm32f4xx_hal_pcd.o
                0x080050f2                HAL_PCD_EP_Transmit
 .text.HAL_PCD_EP_SetStall
                0x0800513c       0x86 build/debug/stm32f4xx_hal_pcd.o
                0x0800513c                HAL_PCD_EP_SetStall
 .text.HAL_PCD_EP_ClrStall
                0x080051c2       0x74 build/debug/stm32f4xx_hal_pcd.o
                0x080051c2                HAL_PCD_EP_ClrStall
 .text.HAL_PCD_EP_Abort
                0x08005236       0x34 build/debug/stm32f4xx_hal_pcd.o
                0x08005236                HAL_PCD_EP_Abort
 .text.HAL_PCD_IRQHandler
                0x0800526a      0x5be build/debug/stm32f4xx_hal_pcd.o
                0x0800526a                HAL_PCD_IRQHandler
 .text.HAL_PCD_EP_Flush
                0x08005828       0x36 build/debug/stm32f4xx_hal_pcd.o
                0x08005828                HAL_PCD_EP_Flush
 .text.HAL_PCDEx_SetTxFiFo
                0x0800585e       0x4c build/debug/stm32f4xx_hal_pcd_ex.o
                0x0800585e                HAL_PCDEx_SetTxFiFo
 .text.HAL_PCDEx_SetRxFiFo
                0x080058aa        0x8 build/debug/stm32f4xx_hal_pcd_ex.o
                0x080058aa                HAL_PCDEx_SetRxFiFo
 .text.HAL_PCDEx_LPM_Callback
                0x080058b2        0x2 build/debug/stm32f4xx_hal_pcd_ex.o
                0x080058b2                HAL_PCDEx_LPM_Callback
 .text.HAL_RCC_OscConfig
                0x080058b4      0x3f8 build/debug/stm32f4xx_hal_rcc.o
                0x080058b4                HAL_RCC_OscConfig
 .text.HAL_RCC_GetSysClockFreq
                0x08005cac       0xdc build/debug/stm32f4xx_hal_rcc.o
                0x08005cac                HAL_RCC_GetSysClockFreq
 .text.HAL_RCC_ClockConfig
                0x08005d88      0x160 build/debug/stm32f4xx_hal_rcc.o
                0x08005d88                HAL_RCC_ClockConfig
 .text.HAL_RCC_GetHCLKFreq
                0x08005ee8        0xc build/debug/stm32f4xx_hal_rcc.o
                0x08005ee8                HAL_RCC_GetHCLKFreq
 .text.HAL_RCC_GetPCLK1Freq
                0x08005ef4       0x20 build/debug/stm32f4xx_hal_rcc.o
                0x08005ef4                HAL_RCC_GetPCLK1Freq
 .text.HAL_RCC_GetPCLK2Freq
                0x08005f14       0x20 build/debug/stm32f4xx_hal_rcc.o
                0x08005f14                HAL_RCC_GetPCLK2Freq
 .text.HAL_RCCEx_PeriphCLKConfig
                0x08005f34      0x154 build/debug/stm32f4xx_hal_rcc_ex.o
                0x08005f34                HAL_RCCEx_PeriphCLKConfig
 .text.HAL_RTC_WaitForSynchro
                0x08006088       0x34 build/debug/stm32f4xx_hal_rtc.o
                0x08006088                HAL_RTC_WaitForSynchro
 .text.RTC_EnterInitMode
                0x080060bc       0x46 build/debug/stm32f4xx_hal_rtc.o
                0x080060bc                RTC_EnterInitMode
 .text.RTC_ExitInitMode
                0x08006102       0x2a build/debug/stm32f4xx_hal_rtc.o
                0x08006102                RTC_ExitInitMode
 .text.HAL_RTC_Init
                0x0800612c       0x9e build/debug/stm32f4xx_hal_rtc.o
                0x0800612c                HAL_RTC_Init
 *fill*         0x080061ca        0x2 
 .text.SPI_WaitFlagStateUntilTimeout
                0x080061cc       0xc8 build/debug/stm32f4xx_hal_spi.o
 .text.SPI_EndRxTxTransaction
                0x08006294       0x80 build/debug/stm32f4xx_hal_spi.o
 .text.SPI_EndRxTransaction
                0x08006314       0x8c build/debug/stm32f4xx_hal_spi.o
 .text.HAL_SPI_Init
                0x080063a0       0xbe build/debug/stm32f4xx_hal_spi.o
                0x080063a0                HAL_SPI_Init
 .text.HAL_SPI_Transmit
                0x0800645e      0x1c4 build/debug/stm32f4xx_hal_spi.o
                0x0800645e                HAL_SPI_Transmit
 .text.HAL_SPI_TransmitReceive
                0x08006622      0x252 build/debug/stm32f4xx_hal_spi.o
                0x08006622                HAL_SPI_TransmitReceive
 .text.HAL_SPI_Receive
                0x08006874      0x184 build/debug/stm32f4xx_hal_spi.o
                0x08006874                HAL_SPI_Receive
 .text.TIM_OC1_SetConfig
                0x080069f8       0x70 build/debug/stm32f4xx_hal_tim.o
 .text.TIM_OC3_SetConfig
                0x08006a68       0x70 build/debug/stm32f4xx_hal_tim.o
 .text.TIM_OC4_SetConfig
                0x08006ad8       0x50 build/debug/stm32f4xx_hal_tim.o
 .text.TIM_TI1_ConfigInputStage
                0x08006b28       0x26 build/debug/stm32f4xx_hal_tim.o
 .text.TIM_TI2_ConfigInputStage
                0x08006b4e       0x28 build/debug/stm32f4xx_hal_tim.o
 .text.TIM_ITRx_SetConfig
                0x08006b76       0x10 build/debug/stm32f4xx_hal_tim.o
 .text.HAL_TIM_Base_Stop
                0x08006b86       0x28 build/debug/stm32f4xx_hal_tim.o
                0x08006b86                HAL_TIM_Base_Stop
 *fill*         0x08006bae        0x2 
 .text.HAL_TIM_Base_Start_IT
                0x08006bb0       0x84 build/debug/stm32f4xx_hal_tim.o
                0x08006bb0                HAL_TIM_Base_Start_IT
 .text.HAL_TIM_OC_MspInit
                0x08006c34        0x2 build/debug/stm32f4xx_hal_tim.o
                0x08006c34                HAL_TIM_OC_MspInit
 .text.HAL_TIM_PWM_MspInit
                0x08006c36        0x2 build/debug/stm32f4xx_hal_tim.o
                0x08006c36                HAL_TIM_PWM_MspInit
 .text.HAL_TIM_OC_DelayElapsedCallback
                0x08006c38        0x2 build/debug/stm32f4xx_hal_tim.o
                0x08006c38                HAL_TIM_OC_DelayElapsedCallback
 .text.HAL_TIM_IC_CaptureCallback
                0x08006c3a        0x2 build/debug/stm32f4xx_hal_tim.o
                0x08006c3a                HAL_TIM_IC_CaptureCallback
 .text.TIM_DMADelayPulseCplt
                0x08006c3c       0x70 build/debug/stm32f4xx_hal_tim.o
 .text.HAL_TIM_PWM_PulseFinishedHalfCpltCallback
                0x08006cac        0x2 build/debug/stm32f4xx_hal_tim.o
                0x08006cac                HAL_TIM_PWM_PulseFinishedHalfCpltCallback
 .text.TIM_DMADelayPulseHalfCplt
                0x08006cae       0x3e build/debug/stm32f4xx_hal_tim.o
                0x08006cae                TIM_DMADelayPulseHalfCplt
 .text.HAL_TIM_TriggerCallback
                0x08006cec        0x2 build/debug/stm32f4xx_hal_tim.o
                0x08006cec                HAL_TIM_TriggerCallback
 .text.HAL_TIM_IRQHandler
                0x08006cee      0x15e build/debug/stm32f4xx_hal_tim.o
                0x08006cee                HAL_TIM_IRQHandler
 .text.HAL_TIM_ErrorCallback
                0x08006e4c        0x2 build/debug/stm32f4xx_hal_tim.o
                0x08006e4c                HAL_TIM_ErrorCallback
 .text.TIM_DMAError
                0x08006e4e       0x5c build/debug/stm32f4xx_hal_tim.o
                0x08006e4e                TIM_DMAError
 *fill*         0x08006eaa        0x2 
 .text.TIM_Base_SetConfig
                0x08006eac       0xd0 build/debug/stm32f4xx_hal_tim.o
                0x08006eac                TIM_Base_SetConfig
 .text.HAL_TIM_Base_Init
                0x08006f7c       0x58 build/debug/stm32f4xx_hal_tim.o
                0x08006f7c                HAL_TIM_Base_Init
 .text.HAL_TIM_OC_Init
                0x08006fd4       0x58 build/debug/stm32f4xx_hal_tim.o
                0x08006fd4                HAL_TIM_OC_Init
 .text.HAL_TIM_PWM_Init
                0x0800702c       0x58 build/debug/stm32f4xx_hal_tim.o
                0x0800702c                HAL_TIM_PWM_Init
 .text.TIM_OC2_SetConfig
                0x08007084       0x70 build/debug/stm32f4xx_hal_tim.o
                0x08007084                TIM_OC2_SetConfig
 .text.HAL_TIM_OC_ConfigChannel
                0x080070f4       0x5e build/debug/stm32f4xx_hal_tim.o
                0x080070f4                HAL_TIM_OC_ConfigChannel
 .text.HAL_TIM_PWM_ConfigChannel
                0x08007152       0xdc build/debug/stm32f4xx_hal_tim.o
                0x08007152                HAL_TIM_PWM_ConfigChannel
 .text.TIM_ETR_SetConfig
                0x0800722e       0x1a build/debug/stm32f4xx_hal_tim.o
                0x0800722e                TIM_ETR_SetConfig
 .text.HAL_TIM_ConfigClockSource
                0x08007248       0xfe build/debug/stm32f4xx_hal_tim.o
                0x08007248                HAL_TIM_ConfigClockSource
 .text.TIM_CCxChannelCmd
                0x08007346       0x1e build/debug/stm32f4xx_hal_tim.o
                0x08007346                TIM_CCxChannelCmd
 .text.HAL_TIM_PWM_Start
                0x08007364       0xfc build/debug/stm32f4xx_hal_tim.o
                0x08007364                HAL_TIM_PWM_Start
 .text.HAL_TIM_PWM_Start_DMA
                0x08007460      0x28c build/debug/stm32f4xx_hal_tim.o
                0x08007460                HAL_TIM_PWM_Start_DMA
 .text.HAL_TIM_PWM_Stop_DMA
                0x080076ec       0xf4 build/debug/stm32f4xx_hal_tim.o
                0x080076ec                HAL_TIM_PWM_Stop_DMA
 .text.HAL_TIMEx_MasterConfigSynchronization
                0x080077e0       0x8c build/debug/stm32f4xx_hal_tim_ex.o
                0x080077e0                HAL_TIMEx_MasterConfigSynchronization
 .text.HAL_TIMEx_CommutCallback
                0x0800786c        0x2 build/debug/stm32f4xx_hal_tim_ex.o
                0x0800786c                HAL_TIMEx_CommutCallback
 .text.HAL_TIMEx_BreakCallback
                0x0800786e        0x2 build/debug/stm32f4xx_hal_tim_ex.o
                0x0800786e                HAL_TIMEx_BreakCallback
 .text.UART_EndTxTransfer
                0x08007870       0x20 build/debug/stm32f4xx_hal_uart.o
 .text.UART_EndRxTransfer
                0x08007890       0x5c build/debug/stm32f4xx_hal_uart.o
 .text.UART_Transmit_IT
                0x080078ec       0x5e build/debug/stm32f4xx_hal_uart.o
 *fill*         0x0800794a        0x2 
 .text.UART_SetConfig
                0x0800794c      0x110 build/debug/stm32f4xx_hal_uart.o
 .text.HAL_UART_Init
                0x08007a5c       0x60 build/debug/stm32f4xx_hal_uart.o
                0x08007a5c                HAL_UART_Init
 .text.HAL_UART_Transmit_DMA
                0x08007abc       0x90 build/debug/stm32f4xx_hal_uart.o
                0x08007abc                HAL_UART_Transmit_DMA
 .text.HAL_UART_TxCpltCallback
                0x08007b4c        0x2 build/debug/stm32f4xx_hal_uart.o
                0x08007b4c                HAL_UART_TxCpltCallback
 .text.UART_DMATransmitCplt
                0x08007b4e       0x4c build/debug/stm32f4xx_hal_uart.o
 .text.UART_EndTransmit_IT
                0x08007b9a       0x1a build/debug/stm32f4xx_hal_uart.o
 .text.HAL_UART_TxHalfCpltCallback
                0x08007bb4        0x2 build/debug/stm32f4xx_hal_uart.o
                0x08007bb4                HAL_UART_TxHalfCpltCallback
 .text.UART_DMATxHalfCplt
                0x08007bb6        0xa build/debug/stm32f4xx_hal_uart.o
 .text.HAL_UART_RxCpltCallback
                0x08007bc0        0x2 build/debug/stm32f4xx_hal_uart.o
                0x08007bc0                HAL_UART_RxCpltCallback
 .text.HAL_UART_ErrorCallback
                0x08007bc2        0x2 build/debug/stm32f4xx_hal_uart.o
                0x08007bc2                HAL_UART_ErrorCallback
 .text.UART_DMAError
                0x08007bc4       0x54 build/debug/stm32f4xx_hal_uart.o
 .text.UART_DMAAbortOnError
                0x08007c18        0xe build/debug/stm32f4xx_hal_uart.o
 .text.HAL_UARTEx_RxEventCallback
                0x08007c26        0x2 build/debug/stm32f4xx_hal_uart.o
                0x08007c26                HAL_UARTEx_RxEventCallback
 .text.UART_Receive_IT
                0x08007c28       0xe4 build/debug/stm32f4xx_hal_uart.o
 .text.HAL_UART_IRQHandler
                0x08007d0c      0x2a0 build/debug/stm32f4xx_hal_uart.o
                0x08007d0c                HAL_UART_IRQHandler
 .text.UART_Start_Receive_IT
                0x08007fac       0x36 build/debug/stm32f4xx_hal_uart.o
                0x08007fac                UART_Start_Receive_IT
 .text.HAL_UART_Receive_IT
                0x08007fe2       0x24 build/debug/stm32f4xx_hal_uart.o
                0x08007fe2                HAL_UART_Receive_IT
 .text.NMI_Handler
                0x08008006        0x2 build/debug/stm32f4xx_it.o
                0x08008006                NMI_Handler
 .text.HardFault_Handler
                0x08008008        0x2 build/debug/stm32f4xx_it.o
                0x08008008                HardFault_Handler
 .text.MemManage_Handler
                0x0800800a        0x2 build/debug/stm32f4xx_it.o
                0x0800800a                MemManage_Handler
 .text.BusFault_Handler
                0x0800800c        0x2 build/debug/stm32f4xx_it.o
                0x0800800c                BusFault_Handler
 .text.UsageFault_Handler
                0x0800800e        0x2 build/debug/stm32f4xx_it.o
                0x0800800e                UsageFault_Handler
 .text.SVC_Handler
                0x08008010        0x2 build/debug/stm32f4xx_it.o
                0x08008010                SVC_Handler
 .text.DebugMon_Handler
                0x08008012        0x2 build/debug/stm32f4xx_it.o
                0x08008012                DebugMon_Handler
 .text.PendSV_Handler
                0x08008014        0x2 build/debug/stm32f4xx_it.o
                0x08008014                PendSV_Handler
 .text.SysTick_Handler
                0x08008016        0x8 build/debug/stm32f4xx_it.o
                0x08008016                SysTick_Handler
 *fill*         0x0800801e        0x2 
 .text.DMA1_Stream4_IRQHandler
                0x08008020       0x10 build/debug/stm32f4xx_it.o
                0x08008020                DMA1_Stream4_IRQHandler
 .text.TIM3_IRQHandler
                0x08008030       0x10 build/debug/stm32f4xx_it.o
                0x08008030                TIM3_IRQHandler
 .text.USART1_IRQHandler
                0x08008040       0x10 build/debug/stm32f4xx_it.o
                0x08008040                USART1_IRQHandler
 .text.TIM7_IRQHandler
                0x08008050       0x10 build/debug/stm32f4xx_it.o
                0x08008050                TIM7_IRQHandler
 .text.OTG_FS_IRQHandler
                0x08008060       0x10 build/debug/stm32f4xx_it.o
                0x08008060                OTG_FS_IRQHandler
 .text.DMA2_Stream7_IRQHandler
                0x08008070       0x10 build/debug/stm32f4xx_it.o
                0x08008070                DMA2_Stream7_IRQHandler
 .text.USB_CoreReset
                0x08008080       0x58 build/debug/stm32f4xx_ll_usb.o
 .text.USB_CoreInit
                0x080080d8       0x92 build/debug/stm32f4xx_ll_usb.o
                0x080080d8                USB_CoreInit
 *fill*         0x0800816a        0x2 
 .text.USB_SetTurnaroundTime
                0x0800816c       0xe4 build/debug/stm32f4xx_ll_usb.o
                0x0800816c                USB_SetTurnaroundTime
 .text.USB_EnableGlobalInt
                0x08008250        0xc build/debug/stm32f4xx_ll_usb.o
                0x08008250                USB_EnableGlobalInt
 .text.USB_DisableGlobalInt
                0x0800825c        0xc build/debug/stm32f4xx_ll_usb.o
                0x0800825c                USB_DisableGlobalInt
 .text.USB_FlushTxFifo
                0x08008268       0x4a build/debug/stm32f4xx_ll_usb.o
                0x08008268                USB_FlushTxFifo
 .text.USB_FlushRxFifo
                0x080082b2       0x46 build/debug/stm32f4xx_ll_usb.o
                0x080082b2                USB_FlushRxFifo
 .text.USB_SetDevSpeed
                0x080082f8        0xe build/debug/stm32f4xx_ll_usb.o
                0x080082f8                USB_SetDevSpeed
 *fill*         0x08008306        0x2 
 .text.USB_DevInit
                0x08008308      0x198 build/debug/stm32f4xx_ll_usb.o
                0x08008308                USB_DevInit
 .text.USB_GetDevSpeed
                0x080084a0       0x22 build/debug/stm32f4xx_ll_usb.o
                0x080084a0                USB_GetDevSpeed
 .text.USB_ActivateEndpoint
                0x080084c2       0x9a build/debug/stm32f4xx_ll_usb.o
                0x080084c2                USB_ActivateEndpoint
 .text.USB_DeactivateEndpoint
                0x0800855c       0xe0 build/debug/stm32f4xx_ll_usb.o
                0x0800855c                USB_DeactivateEndpoint
 .text.USB_EPStopXfer
                0x0800863c       0xbe build/debug/stm32f4xx_ll_usb.o
                0x0800863c                USB_EPStopXfer
 .text.USB_WritePacket
                0x080086fa       0x2e build/debug/stm32f4xx_ll_usb.o
                0x080086fa                USB_WritePacket
 .text.USB_EPStartXfer
                0x08008728      0x244 build/debug/stm32f4xx_ll_usb.o
                0x08008728                USB_EPStartXfer
 .text.USB_ReadPacket
                0x0800896c       0x46 build/debug/stm32f4xx_ll_usb.o
                0x0800896c                USB_ReadPacket
 .text.USB_EPSetStall
                0x080089b2       0x5a build/debug/stm32f4xx_ll_usb.o
                0x080089b2                USB_EPSetStall
 .text.USB_EPClearStall
                0x08008a0c       0x5c build/debug/stm32f4xx_ll_usb.o
                0x08008a0c                USB_EPClearStall
 .text.USB_SetDevAddress
                0x08008a68       0x20 build/debug/stm32f4xx_ll_usb.o
                0x08008a68                USB_SetDevAddress
 .text.USB_DevConnect
                0x08008a88       0x1c build/debug/stm32f4xx_ll_usb.o
                0x08008a88                USB_DevConnect
 .text.USB_DevDisconnect
                0x08008aa4       0x1c build/debug/stm32f4xx_ll_usb.o
                0x08008aa4                USB_DevDisconnect
 .text.USB_ReadInterrupts
                0x08008ac0        0x8 build/debug/stm32f4xx_ll_usb.o
                0x08008ac0                USB_ReadInterrupts
 .text.USB_ReadDevAllOutEpInterrupt
                0x08008ac8       0x10 build/debug/stm32f4xx_ll_usb.o
                0x08008ac8                USB_ReadDevAllOutEpInterrupt
 .text.USB_ReadDevAllInEpInterrupt
                0x08008ad8       0x10 build/debug/stm32f4xx_ll_usb.o
                0x08008ad8                USB_ReadDevAllInEpInterrupt
 .text.USB_ReadDevOutEPInterrupt
                0x08008ae8       0x12 build/debug/stm32f4xx_ll_usb.o
                0x08008ae8                USB_ReadDevOutEPInterrupt
 .text.USB_ReadDevInEPInterrupt
                0x08008afa       0x24 build/debug/stm32f4xx_ll_usb.o
                0x08008afa                USB_ReadDevInEPInterrupt
 .text.USB_GetMode
                0x08008b1e        0x8 build/debug/stm32f4xx_ll_usb.o
                0x08008b1e                USB_GetMode
 .text.USB_SetCurrentMode
                0x08008b26       0x62 build/debug/stm32f4xx_ll_usb.o
                0x08008b26                USB_SetCurrentMode
 .text.USB_ActivateSetup
                0x08008b88       0x1c build/debug/stm32f4xx_ll_usb.o
                0x08008b88                USB_ActivateSetup
 .text.USB_EP0_OutStart
                0x08008ba4       0x60 build/debug/stm32f4xx_ll_usb.o
                0x08008ba4                USB_EP0_OutStart
 .text.SystemInit
                0x08008c04       0x14 build/debug/system_stm32f4xx.o
                0x08008c04                SystemInit
 .text.MX_USB_DEVICE_Init
                0x08008c18       0x54 build/debug/usb_device.o
                0x08008c18                MX_USB_DEVICE_Init
 .text.HAL_PCD_MspInit
                0x08008c6c       0x88 build/debug/usbd_conf.o
                0x08008c6c                HAL_PCD_MspInit
 .text.HAL_PCD_SetupStageCallback
                0x08008cf4       0x10 build/debug/usbd_conf.o
                0x08008cf4                HAL_PCD_SetupStageCallback
 .text.HAL_PCD_DataOutStageCallback
                0x08008d04       0x18 build/debug/usbd_conf.o
                0x08008d04                HAL_PCD_DataOutStageCallback
 .text.HAL_PCD_DataInStageCallback
                0x08008d1c       0x16 build/debug/usbd_conf.o
                0x08008d1c                HAL_PCD_DataInStageCallback
 .text.HAL_PCD_SOFCallback
                0x08008d32        0xc build/debug/usbd_conf.o
                0x08008d32                HAL_PCD_SOFCallback
 .text.HAL_PCD_ResetCallback
                0x08008d3e       0x28 build/debug/usbd_conf.o
                0x08008d3e                HAL_PCD_ResetCallback
 *fill*         0x08008d66        0x2 
 .text.HAL_PCD_SuspendCallback
                0x08008d68       0x30 build/debug/usbd_conf.o
                0x08008d68                HAL_PCD_SuspendCallback
 .text.HAL_PCD_ResumeCallback
                0x08008d98        0xc build/debug/usbd_conf.o
                0x08008d98                HAL_PCD_ResumeCallback
 .text.HAL_PCD_ISOOUTIncompleteCallback
                0x08008da4        0xc build/debug/usbd_conf.o
                0x08008da4                HAL_PCD_ISOOUTIncompleteCallback
 .text.HAL_PCD_ISOINIncompleteCallback
                0x08008db0        0xc build/debug/usbd_conf.o
                0x08008db0                HAL_PCD_ISOINIncompleteCallback
 .text.HAL_PCD_ConnectCallback
                0x08008dbc        0xc build/debug/usbd_conf.o
                0x08008dbc                HAL_PCD_ConnectCallback
 .text.HAL_PCD_DisconnectCallback
                0x08008dc8        0xc build/debug/usbd_conf.o
                0x08008dc8                HAL_PCD_DisconnectCallback
 .text.USBD_LL_Init
                0x08008dd4       0x68 build/debug/usbd_conf.o
                0x08008dd4                USBD_LL_Init
 .text.USBD_LL_IsStallEP
                0x08008e3c       0x2c build/debug/usbd_conf.o
                0x08008e3c                USBD_LL_IsStallEP
 .text.USBD_LL_GetRxDataSize
                0x08008e68        0xc build/debug/usbd_conf.o
                0x08008e68                USBD_LL_GetRxDataSize
 .text.USBD_static_malloc
                0x08008e74        0x8 build/debug/usbd_conf.o
                0x08008e74                USBD_static_malloc
 .text.USBD_static_free
                0x08008e7c        0x2 build/debug/usbd_conf.o
                0x08008e7c                USBD_static_free
 .text.USBD_Get_USB_Status
                0x08008e7e       0x14 build/debug/usbd_conf.o
                0x08008e7e                USBD_Get_USB_Status
 .text.USBD_LL_Start
                0x08008e92       0x10 build/debug/usbd_conf.o
                0x08008e92                USBD_LL_Start
 .text.USBD_LL_OpenEP
                0x08008ea2       0x16 build/debug/usbd_conf.o
                0x08008ea2                USBD_LL_OpenEP
 .text.USBD_LL_CloseEP
                0x08008eb8       0x10 build/debug/usbd_conf.o
                0x08008eb8                USBD_LL_CloseEP
 .text.USBD_LL_FlushEP
                0x08008ec8       0x10 build/debug/usbd_conf.o
                0x08008ec8                USBD_LL_FlushEP
 .text.USBD_LL_StallEP
                0x08008ed8       0x10 build/debug/usbd_conf.o
                0x08008ed8                USBD_LL_StallEP
 .text.USBD_LL_ClearStallEP
                0x08008ee8       0x10 build/debug/usbd_conf.o
                0x08008ee8                USBD_LL_ClearStallEP
 .text.USBD_LL_SetUSBAddress
                0x08008ef8       0x10 build/debug/usbd_conf.o
                0x08008ef8                USBD_LL_SetUSBAddress
 .text.USBD_LL_Transmit
                0x08008f08       0x10 build/debug/usbd_conf.o
                0x08008f08                USBD_LL_Transmit
 .text.USBD_LL_PrepareReceive
                0x08008f18       0x10 build/debug/usbd_conf.o
                0x08008f18                USBD_LL_PrepareReceive
 .text.USBD_Init
                0x08008f28       0x2e build/debug/usbd_core.o
                0x08008f28                USBD_Init
 .text.USBD_RegisterClass
                0x08008f56       0x40 build/debug/usbd_core.o
                0x08008f56                USBD_RegisterClass
 .text.USBD_Start
                0x08008f96        0x8 build/debug/usbd_core.o
                0x08008f96                USBD_Start
 .text.USBD_SetClassConfig
                0x08008f9e       0x12 build/debug/usbd_core.o
                0x08008f9e                USBD_SetClassConfig
 .text.USBD_ClrClassConfig
                0x08008fb0       0x12 build/debug/usbd_core.o
                0x08008fb0                USBD_ClrClassConfig
 .text.USBD_LL_SetupStage
                0x08008fc2       0x58 build/debug/usbd_core.o
                0x08008fc2                USBD_LL_SetupStage
 .text.USBD_LL_Reset
                0x0800901a       0x66 build/debug/usbd_core.o
                0x0800901a                USBD_LL_Reset
 .text.USBD_LL_SetSpeed
                0x08009080        0x6 build/debug/usbd_core.o
                0x08009080                USBD_LL_SetSpeed
 .text.USBD_LL_Suspend
                0x08009086       0x1c build/debug/usbd_core.o
                0x08009086                USBD_LL_Suspend
 .text.USBD_LL_Resume
                0x080090a2       0x18 build/debug/usbd_core.o
                0x080090a2                USBD_LL_Resume
 .text.USBD_LL_SOF
                0x080090ba       0x20 build/debug/usbd_core.o
                0x080090ba                USBD_LL_SOF
 .text.USBD_LL_IsoINIncomplete
                0x080090da       0x2c build/debug/usbd_core.o
                0x080090da                USBD_LL_IsoINIncomplete
 .text.USBD_LL_IsoOUTIncomplete
                0x08009106       0x2c build/debug/usbd_core.o
                0x08009106                USBD_LL_IsoOUTIncomplete
 .text.USBD_LL_DevConnected
                0x08009132        0x4 build/debug/usbd_core.o
                0x08009132                USBD_LL_DevConnected
 .text.USBD_LL_DevDisconnected
                0x08009136       0x20 build/debug/usbd_core.o
                0x08009136                USBD_LL_DevDisconnected
 .text.USBD_CoreFindIF
                0x08009156        0x4 build/debug/usbd_core.o
                0x08009156                USBD_CoreFindIF
 .text.USBD_CoreFindEP
                0x0800915a        0x4 build/debug/usbd_core.o
                0x0800915a                USBD_CoreFindEP
 .text.USBD_LL_DataOutStage
                0x0800915e       0xc6 build/debug/usbd_core.o
                0x0800915e                USBD_LL_DataOutStage
 .text.USBD_LL_DataInStage
                0x08009224       0xd4 build/debug/usbd_core.o
                0x08009224                USBD_LL_DataInStage
 .text.USBD_GetNextDesc
                0x080092f8        0xe build/debug/usbd_core.o
                0x080092f8                USBD_GetNextDesc
 .text.USBD_GetEpDesc
                0x08009306       0x3e build/debug/usbd_core.o
                0x08009306                USBD_GetEpDesc
 .text.USBD_GetLen
                0x08009344       0x14 build/debug/usbd_ctlreq.o
 .text.USBD_ParseSetupRequest
                0x08009358       0x28 build/debug/usbd_ctlreq.o
                0x08009358                USBD_ParseSetupRequest
 .text.USBD_CtlError
                0x08009380       0x14 build/debug/usbd_ctlreq.o
                0x08009380                USBD_CtlError
 .text.USBD_GetDescriptor
                0x08009394      0x18a build/debug/usbd_ctlreq.o
 .text.USBD_SetAddress
                0x0800951e       0x4e build/debug/usbd_ctlreq.o
 .text.USBD_SetConfig
                0x0800956c       0xcc build/debug/usbd_ctlreq.o
 .text.USBD_GetConfig
                0x08009638       0x40 build/debug/usbd_ctlreq.o
 .text.USBD_GetStatus
                0x08009678       0x38 build/debug/usbd_ctlreq.o
 .text.USBD_SetFeature
                0x080096b0       0x2a build/debug/usbd_ctlreq.o
 .text.USBD_ClrFeature
                0x080096da       0x26 build/debug/usbd_ctlreq.o
 .text.USBD_StdDevReq
                0x08009700       0x76 build/debug/usbd_ctlreq.o
                0x08009700                USBD_StdDevReq
 .text.USBD_StdItfReq
                0x08009776       0x84 build/debug/usbd_ctlreq.o
                0x08009776                USBD_StdItfReq
 .text.USBD_StdEPReq
                0x080097fa      0x23a build/debug/usbd_ctlreq.o
                0x080097fa                USBD_StdEPReq
 .text.USBD_GetString
                0x08009a34       0x46 build/debug/usbd_ctlreq.o
                0x08009a34                USBD_GetString
 *fill*         0x08009a7a        0x2 
 .text.USBD_FS_DeviceDescriptor
                0x08009a7c        0xc build/debug/usbd_desc.o
                0x08009a7c                USBD_FS_DeviceDescriptor
 .text.USBD_FS_LangIDStrDescriptor
                0x08009a88        0xc build/debug/usbd_desc.o
                0x08009a88                USBD_FS_LangIDStrDescriptor
 .text.IntToUnicode
                0x08009a94       0x46 build/debug/usbd_desc.o
 *fill*         0x08009ada        0x2 
 .text.Get_SerialNum
                0x08009adc       0x38 build/debug/usbd_desc.o
 .text.USBD_FS_SerialStrDescriptor
                0x08009b14       0x14 build/debug/usbd_desc.o
                0x08009b14                USBD_FS_SerialStrDescriptor
 .text.USBD_FS_ProductStrDescriptor
                0x08009b28       0x24 build/debug/usbd_desc.o
                0x08009b28                USBD_FS_ProductStrDescriptor
 .text.USBD_FS_ManufacturerStrDescriptor
                0x08009b4c       0x1c build/debug/usbd_desc.o
                0x08009b4c                USBD_FS_ManufacturerStrDescriptor
 .text.USBD_FS_ConfigStrDescriptor
                0x08009b68       0x24 build/debug/usbd_desc.o
                0x08009b68                USBD_FS_ConfigStrDescriptor
 .text.USBD_FS_InterfaceStrDescriptor
                0x08009b8c       0x24 build/debug/usbd_desc.o
                0x08009b8c                USBD_FS_InterfaceStrDescriptor
 .text.USBD_CtlSendData
                0x08009bb0       0x1c build/debug/usbd_ioreq.o
                0x08009bb0                USBD_CtlSendData
 .text.USBD_CtlContinueSendData
                0x08009bcc       0x10 build/debug/usbd_ioreq.o
                0x08009bcc                USBD_CtlContinueSendData
 .text.USBD_CtlContinueRx
                0x08009bdc       0x10 build/debug/usbd_ioreq.o
                0x08009bdc                USBD_CtlContinueRx
 .text.USBD_CtlSendStatus
                0x08009bec       0x16 build/debug/usbd_ioreq.o
                0x08009bec                USBD_CtlSendStatus
 .text.USBD_CtlReceiveStatus
                0x08009c02       0x16 build/debug/usbd_ioreq.o
                0x08009c02                USBD_CtlReceiveStatus
 .text.USBD_MSC_GetDeviceQualifierDescriptor
                0x08009c18        0xc build/debug/usbd_msc.o
                0x08009c18                USBD_MSC_GetDeviceQualifierDescriptor
 .text.USBD_MSC_Init
                0x08009c24       0xcc build/debug/usbd_msc.o
                0x08009c24                USBD_MSC_Init
 .text.USBD_MSC_DeInit
                0x08009cf0       0x78 build/debug/usbd_msc.o
                0x08009cf0                USBD_MSC_DeInit
 .text.USBD_MSC_Setup
                0x08009d68      0x140 build/debug/usbd_msc.o
                0x08009d68                USBD_MSC_Setup
 .text.USBD_MSC_DataIn
                0x08009ea8        0xa build/debug/usbd_msc.o
                0x08009ea8                USBD_MSC_DataIn
 .text.USBD_MSC_DataOut
                0x08009eb2        0xa build/debug/usbd_msc.o
                0x08009eb2                USBD_MSC_DataOut
 .text.USBD_MSC_GetHSCfgDesc
                0x08009ebc       0x38 build/debug/usbd_msc.o
                0x08009ebc                USBD_MSC_GetHSCfgDesc
 .text.USBD_MSC_GetFSCfgDesc
                0x08009ef4       0x38 build/debug/usbd_msc.o
                0x08009ef4                USBD_MSC_GetFSCfgDesc
 .text.USBD_MSC_GetOtherSpeedCfgDesc
                0x08009f2c       0x38 build/debug/usbd_msc.o
                0x08009f2c                USBD_MSC_GetOtherSpeedCfgDesc
 .text.USBD_MSC_RegisterStorage
                0x08009f64       0x16 build/debug/usbd_msc.o
                0x08009f64                USBD_MSC_RegisterStorage
 *fill*         0x08009f7a        0x2 
 .text.MSC_BOT_SendData
                0x08009f7c       0x40 build/debug/usbd_msc_bot.o
 .text.MSC_BOT_Abort
                0x08009fbc       0x5c build/debug/usbd_msc_bot.o
 .text.MSC_BOT_Init
                0x0800a018       0x60 build/debug/usbd_msc_bot.o
                0x0800a018                MSC_BOT_Init
 .text.MSC_BOT_Reset
                0x0800a078       0x44 build/debug/usbd_msc_bot.o
                0x0800a078                MSC_BOT_Reset
 .text.MSC_BOT_DeInit
                0x0800a0bc       0x12 build/debug/usbd_msc_bot.o
                0x0800a0bc                MSC_BOT_DeInit
 *fill*         0x0800a0ce        0x2 
 .text.MSC_BOT_SendCSW
                0x0800a0d0       0x4c build/debug/usbd_msc_bot.o
                0x0800a0d0                MSC_BOT_SendCSW
 .text.MSC_BOT_DataIn
                0x0800a11c       0x44 build/debug/usbd_msc_bot.o
                0x0800a11c                MSC_BOT_DataIn
 .text.MSC_BOT_CBW_Decode
                0x0800a160       0xb8 build/debug/usbd_msc_bot.o
 .text.MSC_BOT_DataOut
                0x0800a218       0x3a build/debug/usbd_msc_bot.o
                0x0800a218                MSC_BOT_DataOut
 *fill*         0x0800a252        0x2 
 .text.MSC_BOT_CplClrFeature
                0x0800a254       0x48 build/debug/usbd_msc_bot.o
                0x0800a254                MSC_BOT_CplClrFeature
 .text.SCSI_AllowPreventRemovable
                0x0800a29c       0x28 build/debug/usbd_msc_scsi.o
 .text.SCSI_UpdateBotData
                0x0800a2c4       0x22 build/debug/usbd_msc_scsi.o
 *fill*         0x0800a2e6        0x2 
 .text.SCSI_ModeSense6
                0x0800a2e8       0x5c build/debug/usbd_msc_scsi.o
 .text.SCSI_ModeSense10
                0x0800a344       0x58 build/debug/usbd_msc_scsi.o
 .text.SCSI_ReceiveDiagnosticResults
                0x0800a39c       0x2c build/debug/usbd_msc_scsi.o
 .text.SCSI_ReportLuns
                0x0800a3c8       0x70 build/debug/usbd_msc_scsi.o
 .text.SCSI_SenseCode
                0x0800a438       0x38 build/debug/usbd_msc_scsi.o
                0x0800a438                SCSI_SenseCode
 .text.SCSI_TestUnitReady
                0x0800a470       0x76 build/debug/usbd_msc_scsi.o
 .text.SCSI_RequestSense
                0x0800a4e6       0x92 build/debug/usbd_msc_scsi.o
 .text.SCSI_Inquiry
                0x0800a578       0xa4 build/debug/usbd_msc_scsi.o
 .text.SCSI_StartStopUnit
                0x0800a61c       0x60 build/debug/usbd_msc_scsi.o
 .text.SCSI_ReadFormatCapacity
                0x0800a67c       0x94 build/debug/usbd_msc_scsi.o
 .text.SCSI_ReadCapacity10
                0x0800a710       0x7e build/debug/usbd_msc_scsi.o
 .text.SCSI_ReadCapacity16
                0x0800a78e       0xbe build/debug/usbd_msc_scsi.o
 .text.SCSI_CheckAddressRange
                0x0800a84c       0x36 build/debug/usbd_msc_scsi.o
 *fill*         0x0800a882        0x2 
 .text.SCSI_ProcessRead
                0x0800a884       0xc4 build/debug/usbd_msc_scsi.o
 .text.SCSI_Read10
                0x0800a948       0xf6 build/debug/usbd_msc_scsi.o
 .text.SCSI_Read12
                0x0800aa3e      0x102 build/debug/usbd_msc_scsi.o
 .text.SCSI_ProcessWrite
                0x0800ab40       0xd4 build/debug/usbd_msc_scsi.o
 .text.SCSI_Write10
                0x0800ac14      0x144 build/debug/usbd_msc_scsi.o
 .text.SCSI_Write12
                0x0800ad58      0x158 build/debug/usbd_msc_scsi.o
 .text.SCSI_Verify10
                0x0800aeb0       0x4a build/debug/usbd_msc_scsi.o
 .text.SCSI_ProcessCmd
                0x0800aefa      0x114 build/debug/usbd_msc_scsi.o
                0x0800aefa                SCSI_ProcessCmd
 .text.STORAGE_Init_FS
                0x0800b00e        0x4 build/debug/usbd_storage_if.o
 .text.STORAGE_GetCapacity_FS
                0x0800b012       0x10 build/debug/usbd_storage_if.o
 .text.STORAGE_IsReady_FS
                0x0800b022        0x4 build/debug/usbd_storage_if.o
 .text.STORAGE_IsWriteProtected_FS
                0x0800b026        0x4 build/debug/usbd_storage_if.o
 .text.STORAGE_GetMaxLun_FS
                0x0800b02a        0x4 build/debug/usbd_storage_if.o
 .text.STORAGE_Read_FS
                0x0800b02e       0x10 build/debug/usbd_storage_if.o
 *fill*         0x0800b03e        0x2 
 .text.STORAGE_Write_FS
                0x0800b040       0x7c build/debug/usbd_storage_if.o
 .text.USER_status
                0x0800b0bc       0x10 build/debug/user_diskio.o
                0x0800b0bc                USER_status
 .text.USER_initialize
                0x0800b0cc       0x20 build/debug/user_diskio.o
                0x0800b0cc                USER_initialize
 .text.USER_read
                0x0800b0ec       0x10 build/debug/user_diskio.o
                0x0800b0ec                USER_read
 .text.USER_write
                0x0800b0fc       0x7c build/debug/user_diskio.o
                0x0800b0fc                USER_write
 .text.USER_ioctl
                0x0800b178       0x38 build/debug/user_diskio.o
                0x0800b178                USER_ioctl
 .text.Reset_Handler
                0x0800b1b0       0x50 build/debug/startup_stm32f405xx.o
                0x0800b1b0                Reset_Handler
 .text.Default_Handler
                0x0800b200        0x2 build/debug/startup_stm32f405xx.o
                0x0800b200                RTC_Alarm_IRQHandler
                0x0800b200                HASH_RNG_IRQHandler
                0x0800b200                EXTI2_IRQHandler
                0x0800b200                TIM8_CC_IRQHandler
                0x0800b200                TIM1_CC_IRQHandler
                0x0800b200                DMA2_Stream5_IRQHandler
                0x0800b200                DMA1_Stream5_IRQHandler
                0x0800b200                PVD_IRQHandler
                0x0800b200                SDIO_IRQHandler
                0x0800b200                TAMP_STAMP_IRQHandler
                0x0800b200                CAN2_RX1_IRQHandler
                0x0800b200                EXTI3_IRQHandler
                0x0800b200                TIM8_TRG_COM_TIM14_IRQHandler
                0x0800b200                TIM1_UP_TIM10_IRQHandler
                0x0800b200                TIM8_UP_TIM13_IRQHandler
                0x0800b200                I2C3_ER_IRQHandler
                0x0800b200                EXTI0_IRQHandler
                0x0800b200                I2C2_EV_IRQHandler
                0x0800b200                DMA1_Stream2_IRQHandler
                0x0800b200                CAN1_RX0_IRQHandler
                0x0800b200                FPU_IRQHandler
                0x0800b200                OTG_HS_WKUP_IRQHandler
                0x0800b200                CAN2_SCE_IRQHandler
                0x0800b200                DMA2_Stream2_IRQHandler
                0x0800b200                SPI1_IRQHandler
                0x0800b200                TIM6_DAC_IRQHandler
                0x0800b200                TIM1_BRK_TIM9_IRQHandler
                0x0800b200                CAN2_RX0_IRQHandler
                0x0800b200                DMA2_Stream3_IRQHandler
                0x0800b200                USART6_IRQHandler
                0x0800b200                USART3_IRQHandler
                0x0800b200                CAN1_RX1_IRQHandler
                0x0800b200                UART5_IRQHandler
                0x0800b200                DMA2_Stream0_IRQHandler
                0x0800b200                TIM4_IRQHandler
                0x0800b200                I2C1_EV_IRQHandler
                0x0800b200                DMA1_Stream6_IRQHandler
                0x0800b200                DMA1_Stream1_IRQHandler
                0x0800b200                UART4_IRQHandler
                0x0800b200                RCC_IRQHandler
                0x0800b200                TIM8_BRK_TIM12_IRQHandler
                0x0800b200                Default_Handler
                0x0800b200                EXTI15_10_IRQHandler
                0x0800b200                ADC_IRQHandler
                0x0800b200                DMA1_Stream7_IRQHandler
                0x0800b200                CAN2_TX_IRQHandler
                0x0800b200                TIM5_IRQHandler
                0x0800b200                I2C3_EV_IRQHandler
                0x0800b200                EXTI9_5_IRQHandler
                0x0800b200                RTC_WKUP_IRQHandler
                0x0800b200                SPI2_IRQHandler
                0x0800b200                OTG_HS_EP1_IN_IRQHandler
                0x0800b200                DMA1_Stream0_IRQHandler
                0x0800b200                CAN1_TX_IRQHandler
                0x0800b200                EXTI4_IRQHandler
                0x0800b200                FSMC_IRQHandler
                0x0800b200                OTG_HS_EP1_OUT_IRQHandler
                0x0800b200                WWDG_IRQHandler
                0x0800b200                TIM2_IRQHandler
                0x0800b200                OTG_FS_WKUP_IRQHandler
                0x0800b200                TIM1_TRG_COM_TIM11_IRQHandler
                0x0800b200                OTG_HS_IRQHandler
                0x0800b200                EXTI1_IRQHandler
                0x0800b200                USART2_IRQHandler
                0x0800b200                I2C2_ER_IRQHandler
                0x0800b200                DMA2_Stream1_IRQHandler
                0x0800b200                CAN1_SCE_IRQHandler
                0x0800b200                FLASH_IRQHandler
                0x0800b200                DMA2_Stream4_IRQHandler
                0x0800b200                SPI3_IRQHandler
                0x0800b200                I2C1_ER_IRQHandler
                0x0800b200                DMA2_Stream6_IRQHandler
                0x0800b200                DMA1_Stream3_IRQHandler
 .text.memset   0x0800b202       0x10 C:/Program Files (x86)/Arm GNU Toolchain arm-none-eabi/14.2 rel1/bin/../lib/gcc/arm-none-eabi/14.2.1/thumb/v7e-m+fp/hard\libc_nano.a(libc_a-memset.o)
                0x0800b202                memset
 *fill*         0x0800b212        0x2 
 .text.__libc_init_array
                0x0800b214       0x48 C:/Program Files (x86)/Arm GNU Toolchain arm-none-eabi/14.2 rel1/bin/../lib/gcc/arm-none-eabi/14.2.1/thumb/v7e-m+fp/hard\libc_nano.a(libc_a-init.o)
                0x0800b214                __libc_init_array
 .text.memcpy   0x0800b25c       0x1c C:/Program Files (x86)/Arm GNU Toolchain arm-none-eabi/14.2 rel1/bin/../lib/gcc/arm-none-eabi/14.2.1/thumb/v7e-m+fp/hard\libc_nano.a(libc_a-memcpy-stub.o)
                0x0800b25c                memcpy
 .text.__udivmoddi4
                0x0800b278      0x2f8 C:/Program Files (x86)/Arm GNU Toolchain arm-none-eabi/14.2 rel1/bin/../lib/gcc/arm-none-eabi/14.2.1/thumb/v7e-m+fp/hard\libgcc.a(_udivmoddi4.o)
                0x0800b278                __udivmoddi4
 *(.glue_7)
 .glue_7        0x0800b570        0x0 linker stubs
 *(.glue_7t)
 .glue_7t       0x0800b570        0x0 linker stubs
 *(.eh_frame)
 .eh_frame      0x0800b570        0x0 C:/Program Files (x86)/Arm GNU Toolchain arm-none-eabi/14.2 rel1/bin/../lib/gcc/arm-none-eabi/14.2.1/thumb/v7e-m+fp/hard/crtbegin.o
 *(.init)
 .init          0x0800b570        0x4 C:/Program Files (x86)/Arm GNU Toolchain arm-none-eabi/14.2 rel1/bin/../lib/gcc/arm-none-eabi/14.2.1/thumb/v7e-m+fp/hard/crti.o
                0x0800b570                _init
 .init          0x0800b574        0x8 C:/Program Files (x86)/Arm GNU Toolchain arm-none-eabi/14.2 rel1/bin/../lib/gcc/arm-none-eabi/14.2.1/thumb/v7e-m+fp/hard/crtn.o
 *(.fini)
 .fini          0x0800b57c        0x4 C:/Program Files (x86)/Arm GNU Toolchain arm-none-eabi/14.2 rel1/bin/../lib/gcc/arm-none-eabi/14.2.1/thumb/v7e-m+fp/hard/crti.o
                0x0800b57c                _fini
 .fini          0x0800b580        0x8 C:/Program Files (x86)/Arm GNU Toolchain arm-none-eabi/14.2 rel1/bin/../lib/gcc/arm-none-eabi/14.2.1/thumb/v7e-m+fp/hard/crtn.o
                0x0800b588                        . = ALIGN (0x4)
                0x0800b588                        _etext = .

.vfp11_veneer   0x0800b588        0x0
 .vfp11_veneer  0x0800b588        0x0 linker stubs

.v4_bx          0x0800b588        0x0
 .v4_bx         0x0800b588        0x0 linker stubs

.iplt           0x0800b588        0x0
 .iplt          0x0800b588        0x0 C:/Program Files (x86)/Arm GNU Toolchain arm-none-eabi/14.2 rel1/bin/../lib/gcc/arm-none-eabi/14.2.1/thumb/v7e-m+fp/hard/crtbegin.o

.rodata         0x0800b588       0xf4
                0x0800b588                        . = ALIGN (0x4)
 *(.rodata)
 *(.rodata*)
 .rodata.getDeviceID
                0x0800b588        0x8 build/debug/GNSS.o
 .rodata.setGNSS
                0x0800b590       0x2c build/debug/GNSS.o
 .rodata.setNMEA410
                0x0800b5bc       0x1c build/debug/GNSS.o
 .rodata.configUBX
                0x0800b5d8       0x1c build/debug/GNSS.o
 .rodata.flagBitshiftOffset.0
                0x0800b5f4        0x8 build/debug/stm32f4xx_hal_dma.o
 .rodata.APBPrescTable
                0x0800b5fc        0x8 build/debug/system_stm32f4xx.o
                0x0800b5fc                APBPrescTable
 .rodata.AHBPrescTable
                0x0800b604       0x10 build/debug/system_stm32f4xx.o
                0x0800b604                AHBPrescTable
 .rodata.USBD_FS_ProductStrDescriptor.str1.4
                0x0800b614       0x42 build/debug/usbd_desc.o
                                 0x13 (size before relaxing)
 .rodata.USBD_FS_ManufacturerStrDescriptor.str1.4
                0x0800b656       0x13 build/debug/usbd_desc.o
 .rodata.USBD_FS_ConfigStrDescriptor.str1.4
                0x0800b656        0xb build/debug/usbd_desc.o
 .rodata.USBD_FS_InterfaceStrDescriptor.str1.4
                0x0800b656        0xe build/debug/usbd_desc.o
 *fill*         0x0800b656        0x2 
 .rodata.STORAGE_Inquirydata_FS
                0x0800b658       0x24 build/debug/usbd_storage_if.o
                0x0800b658                STORAGE_Inquirydata_FS
                0x0800b67c                        . = ALIGN (0x4)

.ARM.extab      0x0800b67c        0x0
                0x0800b67c                        . = ALIGN (0x4)
 *(.ARM.extab* .gnu.linkonce.armextab.*)
                0x0800b67c                        . = ALIGN (0x4)

.ARM            0x0800b67c        0x8
                0x0800b67c                        . = ALIGN (0x4)
                0x0800b67c                        __exidx_start = .
 *(.ARM.exidx*)
 .ARM.exidx.text.__udivmoddi4
                0x0800b67c        0x8 C:/Program Files (x86)/Arm GNU Toolchain arm-none-eabi/14.2 rel1/bin/../lib/gcc/arm-none-eabi/14.2.1/thumb/v7e-m+fp/hard\libgcc.a(_udivmoddi4.o)
                0x0800b684                        __exidx_end = .
                0x0800b684                        . = ALIGN (0x4)

.preinit_array  0x0800b684        0x0
                0x0800b684                        . = ALIGN (0x4)
                0x0800b684                        PROVIDE (__preinit_array_start = .)
 *(.preinit_array*)
                0x0800b684                        PROVIDE (__preinit_array_end = .)
                0x0800b684                        . = ALIGN (0x4)

.init_array     0x0800b684        0x4
                0x0800b684                        . = ALIGN (0x4)
                0x0800b684                        PROVIDE (__init_array_start = .)
 *(SORT_BY_NAME(.init_array.*))
 *(.init_array*)
 .init_array    0x0800b684        0x4 C:/Program Files (x86)/Arm GNU Toolchain arm-none-eabi/14.2 rel1/bin/../lib/gcc/arm-none-eabi/14.2.1/thumb/v7e-m+fp/hard/crtbegin.o
                0x0800b688                        PROVIDE (__init_array_end = .)
                0x0800b688                        . = ALIGN (0x4)

.fini_array     0x0800b688        0x4
                0x0800b688                        . = ALIGN (0x4)
                [!provide]                        PROVIDE (__fini_array_start = .)
 *(SORT_BY_NAME(.fini_array.*))
 *(.fini_array*)
 .fini_array    0x0800b688        0x4 C:/Program Files (x86)/Arm GNU Toolchain arm-none-eabi/14.2 rel1/bin/../lib/gcc/arm-none-eabi/14.2.1/thumb/v7e-m+fp/hard/crtbegin.o
                [!provide]                        PROVIDE (__fini_array_end = .)
                0x0800b68c                        . = ALIGN (0x4)
                0x0800b68c                        _sidata = LOADADDR (.data)

.rel.dyn        0x0800b68c        0x0
 .rel.iplt      0x0800b68c        0x0 C:/Program Files (x86)/Arm GNU Toolchain arm-none-eabi/14.2 rel1/bin/../lib/gcc/arm-none-eabi/14.2.1/thumb/v7e-m+fp/hard/crtbegin.o

.data           0x20000000      0x118 load address 0x0800b68c
                0x20000000                        . = ALIGN (0x4)
                0x20000000                        _sdata = .
 *(.data)
 *(.data*)
 .data.uwTickFreq
                0x20000000        0x1 build/debug/stm32f4xx_hal.o
                0x20000000                uwTickFreq
 *fill*         0x20000001        0x3 
 .data.uwTickPrio
                0x20000004        0x4 build/debug/stm32f4xx_hal.o
                0x20000004                uwTickPrio
 .data.SystemCoreClock
                0x20000008        0x4 build/debug/system_stm32f4xx.o
                0x20000008                SystemCoreClock
 .data.USBD_StringSerial
                0x2000000c       0x1a build/debug/usbd_desc.o
                0x2000000c                USBD_StringSerial
 *fill*         0x20000026        0x2 
 .data.USBD_LangIDDesc
                0x20000028        0x4 build/debug/usbd_desc.o
                0x20000028                USBD_LangIDDesc
 .data.USBD_FS_DeviceDesc
                0x2000002c       0x12 build/debug/usbd_desc.o
                0x2000002c                USBD_FS_DeviceDesc
 *fill*         0x2000003e        0x2 
 .data.FS_Desc  0x20000040       0x1c build/debug/usbd_desc.o
                0x20000040                FS_Desc
 .data.MSCOutEpAdd
                0x2000005c        0x1 build/debug/usbd_msc.o
                0x2000005c                MSCOutEpAdd
 .data.MSCInEpAdd
                0x2000005d        0x1 build/debug/usbd_msc.o
                0x2000005d                MSCInEpAdd
 *fill*         0x2000005e        0x2 
 .data.USBD_MSC_DeviceQualifierDesc
                0x20000060        0xa build/debug/usbd_msc.o
 *fill*         0x2000006a        0x2 
 .data.USBD_MSC_CfgDesc
                0x2000006c       0x20 build/debug/usbd_msc.o
 .data.USBD_MSC
                0x2000008c       0x38 build/debug/usbd_msc.o
                0x2000008c                USBD_MSC
 .data.MSC_Mode_Sense10_data
                0x200000c4        0x8 build/debug/usbd_msc_data.o
                0x200000c4                MSC_Mode_Sense10_data
 .data.MSC_Mode_Sense6_data
                0x200000cc        0x4 build/debug/usbd_msc_data.o
                0x200000cc                MSC_Mode_Sense6_data
 .data.MSC_Page80_Inquiry_Data
                0x200000d0        0x8 build/debug/usbd_msc_data.o
                0x200000d0                MSC_Page80_Inquiry_Data
 .data.MSC_Page00_Inquiry_Data
                0x200000d8        0x6 build/debug/usbd_msc_data.o
                0x200000d8                MSC_Page00_Inquiry_Data
 *fill*         0x200000de        0x2 
 .data.USBD_Storage_Interface_fops_FS
                0x200000e0       0x20 build/debug/usbd_storage_if.o
                0x200000e0                USBD_Storage_Interface_fops_FS
 .data.USER_Driver
                0x20000100       0x14 build/debug/user_diskio.o
                0x20000100                USER_Driver
 .data.Stat     0x20000114        0x1 build/debug/user_diskio.o
 *(.RamFunc)
 *(.RamFunc*)
                0x20000118                        . = ALIGN (0x4)
 *fill*         0x20000115        0x3 
                0x20000118                        _edata = .
                0x0800b7a4                        _siccmram = LOADADDR (.ccmram)

.tm_clone_table
                0x20000118        0x0 load address 0x0800b7a4
 .tm_clone_table
                0x20000118        0x0 C:/Program Files (x86)/Arm GNU Toolchain arm-none-eabi/14.2 rel1/bin/../lib/gcc/arm-none-eabi/14.2.1/thumb/v7e-m+fp/hard/crtbegin.o
 .tm_clone_table
                0x20000118        0x0 C:/Program Files (x86)/Arm GNU Toolchain arm-none-eabi/14.2 rel1/bin/../lib/gcc/arm-none-eabi/14.2.1/thumb/v7e-m+fp/hard/crtend.o

.igot.plt       0x20000118        0x0 load address 0x0800b7a4
 .igot.plt      0x20000118        0x0 C:/Program Files (x86)/Arm GNU Toolchain arm-none-eabi/14.2 rel1/bin/../lib/gcc/arm-none-eabi/14.2.1/thumb/v7e-m+fp/hard/crtbegin.o

.ccmram         0x10000000        0x0 load address 0x0800b7a4
                0x10000000                        . = ALIGN (0x4)
                0x10000000                        _sccmram = .
 *(.ccmram)
 *(.ccmram*)
                0x10000000                        . = ALIGN (0x4)
                0x10000000                        _eccmram = .
                0x10000000                        . = ALIGN (0x4)

.bss            0x20000118     0x37a0
                0x20000118                        _sbss = .
                0x20000118                        __bss_start__ = _sbss
 *(.bss)
 *(.bss*)
 .bss.completed.1
                0x20000118        0x1 C:/Program Files (x86)/Arm GNU Toolchain arm-none-eabi/14.2 rel1/bin/../lib/gcc/arm-none-eabi/14.2.1/thumb/v7e-m+fp/hard/crtbegin.o
 *fill*         0x20000119        0x3 
 .bss.object.0  0x2000011c       0x18 C:/Program Files (x86)/Arm GNU Toolchain arm-none-eabi/14.2 rel1/bin/../lib/gcc/arm-none-eabi/14.2.1/thumb/v7e-m+fp/hard/crtbegin.o
 .bss.iLong     0x20000134        0x4 build/debug/GNSS.o
                0x20000134                iLong
 .bss.uLong     0x20000138        0x4 build/debug/GNSS.o
                0x20000138                uLong
 .bss.uShort    0x2000013c        0x2 build/debug/GNSS.o
                0x2000013c                uShort
 .bss.err22     0x2000013e        0x1 build/debug/SX1262.o
                0x2000013e                err22
 .bss.inReceiveMode
                0x2000013f        0x1 build/debug/SX1262.o
                0x2000013f                inReceiveMode
 .bss.SX_stc    0x20000140      0x3cc build/debug/SX1262.o
                0x20000140                SX_stc
 .bss.answ      0x2000050c        0xa build/debug/SX1262.o
                0x2000050c                answ
 *fill*         0x20000516        0x2 
 .bss.cmnd      0x20000518        0xa build/debug/SX1262.o
                0x20000518                cmnd
 *fill*         0x20000522        0x2 
 .bss.USERPath  0x20000524        0x4 build/debug/fatfs.o
                0x20000524                USERPath
 .bss.retUSER   0x20000528        0x1 build/debug/fatfs.o
                0x20000528                retUSER
 *fill*         0x20000529        0x3 
 .bss.disk      0x2000052c        0xc build/debug/ff_gen_drv.o
                0x2000052c                disk
 .bss.buzz_state
                0x20000538        0x1 build/debug/main.o
                0x20000538                buzz_state
 *fill*         0x20000539        0x3 
 .bss.hservo1   0x2000053c        0x8 build/debug/main.o
                0x2000053c                hservo1
 .bss.hbuzz1    0x20000544        0x4 build/debug/main.o
                0x20000544                hbuzz1
 .bss.h24lc64   0x20000548       0x10 build/debug/main.o
                0x20000548                h24lc64
 .bss.hbmp388   0x20000558       0x40 build/debug/main.o
                0x20000558                hbmp388
 .bss.GNSS_Handle
                0x20000598       0xb0 build/debug/main.o
                0x20000598                GNSS_Handle
 .bss.hlsm6dso1
                0x20000648       0x38 build/debug/main.o
                0x20000648                hlsm6dso1
 .bss.hdma_usart1_tx
                0x20000680       0x60 build/debug/main.o
                0x20000680                hdma_usart1_tx
 .bss.huart1    0x200006e0       0x48 build/debug/main.o
                0x200006e0                huart1
 .bss.hdma_tim3_ch1_trig
                0x20000728       0x60 build/debug/main.o
                0x20000728                hdma_tim3_ch1_trig
 .bss.htim7     0x20000788       0x48 build/debug/main.o
                0x20000788                htim7
 .bss.htim5     0x200007d0       0x48 build/debug/main.o
                0x200007d0                htim5
 .bss.htim4     0x20000818       0x48 build/debug/main.o
                0x20000818                htim4
 .bss.htim3     0x20000860       0x48 build/debug/main.o
                0x20000860                htim3
 .bss.hspi3     0x200008a8       0x58 build/debug/main.o
                0x200008a8                hspi3
 .bss.hspi2     0x20000900       0x58 build/debug/main.o
                0x20000900                hspi2
 .bss.hspi1     0x20000958       0x58 build/debug/main.o
                0x20000958                hspi1
 .bss.hrtc      0x200009b0       0x20 build/debug/main.o
                0x200009b0                hrtc
 .bss.hi2c3     0x200009d0       0x54 build/debug/main.o
                0x200009d0                hi2c3
 .bss.hi2c2     0x20000a24       0x54 build/debug/main.o
                0x20000a24                hi2c2
 .bss.hi2c1     0x20000a78       0x54 build/debug/main.o
                0x20000a78                hi2c1
 .bss.hcrc      0x20000acc        0x8 build/debug/main.o
                0x20000acc                hcrc
 .bss.hadc1     0x20000ad4       0x48 build/debug/main.o
                0x20000ad4                hadc1
 .bss.dmaBuffer
                0x20000b1c      0x128 build/debug/neopixel.o
                0x20000b1c                dmaBuffer
 .bss.pixel     0x20000c44        0x4 build/debug/neopixel.o
                0x20000c44                pixel
 .bss.uwTick    0x20000c48        0x4 build/debug/stm32f4xx_hal.o
                0x20000c48                uwTick
 .bss.hUsbDeviceFS
                0x20000c4c      0x2dc build/debug/usb_device.o
                0x20000c4c                hUsbDeviceFS
 .bss.mem.0     0x20000f28      0x288 build/debug/usbd_conf.o
 .bss.hpcd_USB_OTG_FS
                0x200011b0      0x4e4 build/debug/usbd_conf.o
                0x200011b0                hpcd_USB_OTG_FS
 .bss.cfgidx.0  0x20001694        0x1 build/debug/usbd_ctlreq.o
 *fill*         0x20001695        0x3 
 .bss.USBD_StrDesc
                0x20001698      0x200 build/debug/usbd_desc.o
                0x20001698                USBD_StrDesc
 .bss.MSC_Diagnostic_Data
                0x20001898        0x8 build/debug/usbd_msc_data.o
                0x20001898                MSC_Diagnostic_Data
 .bss.lun_report.0
                0x200018a0       0x18 build/debug/usbd_msc_scsi.o
 .bss.sector_buf.0
                0x200018b8     0x1000 build/debug/usbd_storage_if.o
 .bss.sector_buf.0
                0x200028b8     0x1000 build/debug/user_diskio.o
 *(COMMON)
                0x200038b8                        . = ALIGN (0x4)
                0x200038b8                        _ebss = .
                0x200038b8                        __bss_end__ = _ebss

._user_heap_stack
                0x200038b8      0x600
                0x200038b8                        . = ALIGN (0x8)
                [!provide]                        PROVIDE (end = .)
                0x200038b8                        PROVIDE (_end = .)
                0x20003ab8                        . = (. + _Min_Heap_Size)
 *fill*         0x200038b8      0x200 
                0x20003eb8                        . = (. + _Min_Stack_Size)
 *fill*         0x20003ab8      0x400 
                0x20003eb8                        . = ALIGN (0x8)

/DISCARD/
 libc.a(*)
 libm.a(*)
 libgcc.a(*)
OUTPUT(build/debug/Flight_comp.elf elf32-littlearm)
LOAD linker stubs
LOAD C:/Program Files (x86)/Arm GNU Toolchain arm-none-eabi/14.2 rel1/bin/../lib/gcc/arm-none-eabi/14.2.1/thumb/v7e-m+fp/hard\libc.a
LOAD C:/Program Files (x86)/Arm GNU Toolchain arm-none-eabi/14.2 rel1/bin/../lib/gcc/arm-none-eabi/14.2.1/thumb/v7e-m+fp/hard\libm.a
LOAD C:/Program Files (x86)/Arm GNU Toolchain arm-none-eabi/14.2 rel1/bin/../lib/gcc/arm-none-eabi/14.2.1/thumb/v7e-m+fp/hard\libgcc.a

.ARM.attributes
                0x00000000       0x30
 .ARM.attributes
                0x00000000       0x22 C:/Program Files (x86)/Arm GNU Toolchain arm-none-eabi/14.2 rel1/bin/../lib/gcc/arm-none-eabi/14.2.1/thumb/v7e-m+fp/hard/crti.o
 .ARM.attributes
                0x00000022       0x34 C:/Program Files (x86)/Arm GNU Toolchain arm-none-eabi/14.2 rel1/bin/../lib/gcc/arm-none-eabi/14.2.1/thumb/v7e-m+fp/hard/crtbegin.o
 .ARM.attributes
                0x00000056       0x34 build/debug/25flash.o
 .ARM.attributes
                0x0000008a       0x34 build/debug/BMP388.o
 .ARM.attributes
                0x000000be       0x34 build/debug/GNSS.o
 .ARM.attributes
                0x000000f2       0x34 build/debug/SX1262.o
 .ARM.attributes
                0x00000126       0x34 build/debug/ee24.o
 .ARM.attributes
                0x0000015a       0x34 build/debug/fatfs.o
 .ARM.attributes
                0x0000018e       0x34 build/debug/ff_gen_drv.o
 .ARM.attributes
                0x000001c2       0x34 build/debug/lsm6dso.o
 .ARM.attributes
                0x000001f6       0x34 build/debug/lsm6dso_reg.o
 .ARM.attributes
                0x0000022a       0x34 build/debug/main.o
 .ARM.attributes
                0x0000025e       0x34 build/debug/neopixel.o
 .ARM.attributes
                0x00000292       0x34 build/debug/servo.o
 .ARM.attributes
                0x000002c6       0x34 build/debug/stm32f4xx_hal.o
 .ARM.attributes
                0x000002fa       0x34 build/debug/stm32f4xx_hal_adc.o
 .ARM.attributes
                0x0000032e       0x34 build/debug/stm32f4xx_hal_cortex.o
 .ARM.attributes
                0x00000362       0x34 build/debug/stm32f4xx_hal_crc.o
 .ARM.attributes
                0x00000396       0x34 build/debug/stm32f4xx_hal_dma.o
 .ARM.attributes
                0x000003ca       0x34 build/debug/stm32f4xx_hal_gpio.o
 .ARM.attributes
                0x000003fe       0x34 build/debug/stm32f4xx_hal_i2c.o
 .ARM.attributes
                0x00000432       0x34 build/debug/stm32f4xx_hal_msp.o
 .ARM.attributes
                0x00000466       0x34 build/debug/stm32f4xx_hal_pcd.o
 .ARM.attributes
                0x0000049a       0x34 build/debug/stm32f4xx_hal_pcd_ex.o
 .ARM.attributes
                0x000004ce       0x34 build/debug/stm32f4xx_hal_rcc.o
 .ARM.attributes
                0x00000502       0x34 build/debug/stm32f4xx_hal_rcc_ex.o
 .ARM.attributes
                0x00000536       0x34 build/debug/stm32f4xx_hal_rtc.o
 .ARM.attributes
                0x0000056a       0x34 build/debug/stm32f4xx_hal_spi.o
 .ARM.attributes
                0x0000059e       0x34 build/debug/stm32f4xx_hal_tim.o
 .ARM.attributes
                0x000005d2       0x34 build/debug/stm32f4xx_hal_tim_ex.o
 .ARM.attributes
                0x00000606       0x34 build/debug/stm32f4xx_hal_uart.o
 .ARM.attributes
                0x0000063a       0x34 build/debug/stm32f4xx_it.o
 .ARM.attributes
                0x0000066e       0x34 build/debug/stm32f4xx_ll_usb.o
 .ARM.attributes
                0x000006a2       0x34 build/debug/system_stm32f4xx.o
 .ARM.attributes
                0x000006d6       0x34 build/debug/usb_device.o
 .ARM.attributes
                0x0000070a       0x34 build/debug/usbd_conf.o
 .ARM.attributes
                0x0000073e       0x34 build/debug/usbd_core.o
 .ARM.attributes
                0x00000772       0x34 build/debug/usbd_ctlreq.o
 .ARM.attributes
                0x000007a6       0x34 build/debug/usbd_desc.o
 .ARM.attributes
                0x000007da       0x34 build/debug/usbd_ioreq.o
 .ARM.attributes
                0x0000080e       0x34 build/debug/usbd_msc.o
 .ARM.attributes
                0x00000842       0x34 build/debug/usbd_msc_bot.o
 .ARM.attributes
                0x00000876       0x34 build/debug/usbd_msc_data.o
 .ARM.attributes
                0x000008aa       0x34 build/debug/usbd_msc_scsi.o
 .ARM.attributes
                0x000008de       0x34 build/debug/usbd_storage_if.o
 .ARM.attributes
                0x00000912       0x34 build/debug/user_diskio.o
 .ARM.attributes
                0x00000946       0x21 build/debug/startup_stm32f405xx.o
 .ARM.attributes
                0x00000967       0x34 C:/Program Files (x86)/Arm GNU Toolchain arm-none-eabi/14.2 rel1/bin/../lib/gcc/arm-none-eabi/14.2.1/thumb/v7e-m+fp/hard\libc_nano.a(libc_a-memset.o)
 .ARM.attributes
                0x0000099b       0x34 C:/Program Files (x86)/Arm GNU Toolchain arm-none-eabi/14.2 rel1/bin/../lib/gcc/arm-none-eabi/14.2.1/thumb/v7e-m+fp/hard\libc_nano.a(libc_a-init.o)
 .ARM.attributes
                0x000009cf       0x34 C:/Program Files (x86)/Arm GNU Toolchain arm-none-eabi/14.2 rel1/bin/../lib/gcc/arm-none-eabi/14.2.1/thumb/v7e-m+fp/hard\libc_nano.a(libc_a-memcpy-stub.o)
 .ARM.attributes
                0x00000a03       0x22 C:/Program Files (x86)/Arm GNU Toolchain arm-none-eabi/14.2 rel1/bin/../lib/gcc/arm-none-eabi/14.2.1/thumb/v7e-m+fp/hard\libgcc.a(_arm_addsubdf3.o)
 .ARM.attributes
                0x00000a25       0x22 C:/Program Files (x86)/Arm GNU Toolchain arm-none-eabi/14.2 rel1/bin/../lib/gcc/arm-none-eabi/14.2.1/thumb/v7e-m+fp/hard\libgcc.a(_arm_muldivdf3.o)
 .ARM.attributes
                0x00000a47       0x22 C:/Program Files (x86)/Arm GNU Toolchain arm-none-eabi/14.2 rel1/bin/../lib/gcc/arm-none-eabi/14.2.1/thumb/v7e-m+fp/hard\libgcc.a(_arm_fixdfsi.o)
 .ARM.attributes
                0x00000a69       0x22 C:/Program Files (x86)/Arm GNU Toolchain arm-none-eabi/14.2 rel1/bin/../lib/gcc/arm-none-eabi/14.2.1/thumb/v7e-m+fp/hard\libgcc.a(_arm_fixunsdfsi.o)
 .ARM.attributes