Archive member included to satisfy reference by file (symbol)

C:/Program Files (x86)/Arm GNU Toolchain arm-none-eabi/14.2 rel1/bin/../lib/gcc/arm-none-eabi/14.2.1/thumb/v7e-m+fp/hard\libc_nano.a(libc_a-exit.o)
                              C:/Program Files (x86)/Arm GNU Toolchain arm-none-eabi/14.2 rel1/bin/../lib/gcc/arm-none-eabi/14.2.1/thumb/v7e-m+fp/hard/crt0.o (exit)
C:/Program Files (x86)/Arm GNU Toolchain arm-none-eabi/14.2 rel1/bin/../lib/gcc/arm-none-eabi/14.2.1/thumb/v7e-m+fp/hard\libc_nano.a(libc_a-findfp.o)
                              C:/Program Files (x86)/Arm GNU Toolchain arm-none-eabi/14.2 rel1/bin/../lib/gcc/arm-none-eabi/14.2.1/thumb/v7e-m+fp/hard\libc_nano.a(libc_a-exit.o) (__stdio_exit_handler)
C:/Program Files (x86)/Arm GNU Toolchain arm-none-eabi/14.2 rel1/bin/../lib/gcc/arm-none-eabi/14.2.1/thumb/v7e-m+fp/hard\libc_nano.a(libc_a-fwalk.o)
                              C:/Program Files (x86)/Arm GNU Toolchain arm-none-eabi/14.2 rel1/bin/../lib/gcc/arm-none-eabi/14.2.1/thumb/v7e-m+fp/hard\libc_nano.a(libc_a-findfp.o) (_fwalk_sglue)
C:/Program Files (x86)/Arm GNU Toolchain arm-none-eabi/14.2 rel1/bin/../lib/gcc/arm-none-eabi/14.2.1/thumb/v7e-m+fp/hard\libc_nano.a(libc_a-stdio.o)
                              C:/Program Files (x86)/Arm GNU Toolchain arm-none-eabi/14.2 rel1/bin/../lib/gcc/arm-none-eabi/14.2.1/thumb/v7e-m+fp/hard\libc_nano.a(libc_a-findfp.o) (__sread)
C:/Program Files (x86)/Arm GNU Toolchain arm-none-eabi/14.2 rel1/bin/../lib/gcc/arm-none-eabi/14.2.1/thumb/v7e-m+fp/hard\libc_nano.a(libc_a-memset.o)
                              C:/Program Files (x86)/Arm GNU Toolchain arm-none-eabi/14.2 rel1/bin/../lib/gcc/arm-none-eabi/14.2.1/thumb/v7e-m+fp/hard/crt0.o (memset)
C:/Program Files (x86)/Arm GNU Toolchain arm-none-eabi/14.2 rel1/bin/../lib/gcc/arm-none-eabi/14.2.1/thumb/v7e-m+fp/hard\libc_nano.a(libc_a-closer.o)
                              C:/Program Files (x86)/Arm GNU Toolchain arm-none-eabi/14.2 rel1/bin/../lib/gcc/arm-none-eabi/14.2.1/thumb/v7e-m+fp/hard\libc_nano.a(libc_a-stdio.o) (_close_r)
C:/Program Files (x86)/Arm GNU Toolchain arm-none-eabi/14.2 rel1/bin/../lib/gcc/arm-none-eabi/14.2.1/thumb/v7e-m+fp/hard\libc_nano.a(libc_a-reent.o)
                              C:/Program Files (x86)/Arm GNU Toolchain arm-none-eabi/14.2 rel1/bin/../lib/gcc/arm-none-eabi/14.2.1/thumb/v7e-m+fp/hard\libc_nano.a(libc_a-closer.o) (errno)
C:/Program Files (x86)/Arm GNU Toolchain arm-none-eabi/14.2 rel1/bin/../lib/gcc/arm-none-eabi/14.2.1/thumb/v7e-m+fp/hard\libc_nano.a(libc_a-impure.o)
                              C:/Program Files (x86)/Arm GNU Toolchain arm-none-eabi/14.2 rel1/bin/../lib/gcc/arm-none-eabi/14.2.1/thumb/v7e-m+fp/hard\libc_nano.a(libc_a-reent.o) (_impure_ptr)
C:/Program Files (x86)/Arm GNU Toolchain arm-none-eabi/14.2 rel1/bin/../lib/gcc/arm-none-eabi/14.2.1/thumb/v7e-m+fp/hard\libc_nano.a(libc_a-lseekr.o)
                              C:/Program Files (x86)/Arm GNU Toolchain arm-none-eabi/14.2 rel1/bin/../lib/gcc/arm-none-eabi/14.2.1/thumb/v7e-m+fp/hard\libc_nano.a(libc_a-stdio.o) (_lseek_r)
C:/Program Files (x86)/Arm GNU Toolchain arm-none-eabi/14.2 rel1/bin/../lib/gcc/arm-none-eabi/14.2.1/thumb/v7e-m+fp/hard\libc_nano.a(libc_a-readr.o)
                              C:/Program Files (x86)/Arm GNU Toolchain arm-none-eabi/14.2 rel1/bin/../lib/gcc/arm-none-eabi/14.2.1/thumb/v7e-m+fp/hard\libc_nano.a(libc_a-stdio.o) (_read_r)
C:/Program Files (x86)/Arm GNU Toolchain arm-none-eabi/14.2 rel1/bin/../lib/gcc/arm-none-eabi/14.2.1/thumb/v7e-m+fp/hard\libc_nano.a(libc_a-writer.o)
                              C:/Program Files (x86)/Arm GNU Toolchain arm-none-eabi/14.2 rel1/bin/../lib/gcc/arm-none-eabi/14.2.1/thumb/v7e-m+fp/hard\libc_nano.a(libc_a-stdio.o) (_write_r)
C:/Program Files (x86)/Arm GNU Toolchain arm-none-eabi/14.2 rel1/bin/../lib/gcc/arm-none-eabi/14.2.1/thumb/v7e-m+fp/hard\libc_nano.a(libc_a-errno.o)
                              build/debug/syscalls.o (__errno)
C:/Program Files (x86)/Arm GNU Toolchain arm-none-eabi/14.2 rel1/bin/../lib/gcc/arm-none-eabi/14.2.1/thumb/v7e-m+fp/hard\libc_nano.a(libc_a-init.o)
                              C:/Program Files (x86)/Arm GNU Toolchain arm-none-eabi/14.2 rel1/bin/../lib/gcc/arm-none-eabi/14.2.1/thumb/v7e-m+fp/hard/crt0.o (__libc_init_array)
C:/Program Files (x86)/Arm GNU Toolchain arm-none-eabi/14.2 rel1/bin/../lib/gcc/arm-none-eabi/14.2.1/thumb/v7e-m+fp/hard\libc_nano.a(libc_a-lock.o)
                              C:/Program Files (x86)/Arm GNU Toolchain arm-none-eabi/14.2 rel1/bin/../lib/gcc/arm-none-eabi/14.2.1/thumb/v7e-m+fp/hard\libc_nano.a(libc_a-findfp.o) (__retarget_lock_init_recursive)
C:/Program Files (x86)/Arm GNU Toolchain arm-none-eabi/14.2 rel1/bin/../lib/gcc/arm-none-eabi/14.2.1/thumb/v7e-m+fp/hard\libc_nano.a(libc_a-memcpy-stub.o)
                              build/debug/25flash.o (memcpy)
[...]
Memory Configuration

Name             Origin             Length             Attributes
RAM              0x20000000         0x00020000         xrw
CCMRAM           0x10000000         0x00010000         xrw
FLASH            0x08000000         0x00100000         xr
*default*        0x00000000         0xffffffff

Linker script and memory map

LOAD C:/Program Files (x86)/Arm GNU Toolchain arm-none-eabi/14.2 rel1/bin/../lib/gcc/arm-none-eabi/14.2.1/thumb/v7e-m+fp/hard/crti.o
LOAD C:/Program Files (x86)/Arm GNU Toolchain arm-none-eabi/14.2 rel1/bin/../lib/gcc/arm-none-eabi/14.2.1/thumb/v7e-m+fp/hard/crtbegin.o
LOAD C:/Program Files (x86)/Arm GNU Toolchain arm-none-eabi/14.2 rel1/bin/../lib/gcc/arm-none-eabi/14.2.1/thumb/v7e-m+fp/hard/crt0.o
LOAD build/debug/25flash.o
LOAD build/debug/BMP388.o
LOAD build/debug/GNSS.o
LOAD build/debug/SX1262.o
LOAD build/debug/ee24.o
LOAD build/debug/lsm6dso.o
LOAD build/debug/lsm6dso_reg.o
LOAD build/debug/main.o
LOAD build/debug/neopixel.o
LOAD build/debug/servo.o
LOAD build/debug/stm32f4xx_hal.o
LOAD build/debug/stm32f4xx_hal_adc.o
LOAD build/debug/stm32f4xx_hal_adc_ex.o
LOAD build/debug/stm32f4xx_hal_cortex.o
LOAD build/debug/stm32f4xx_hal_crc.o
LOAD build/debug/stm32f4xx_hal_dma.o
LOAD build/debug/stm32f4xx_hal_dma_ex.o
LOAD build/debug/stm32f4xx_hal_exti.o
LOAD build/debug/stm32f4xx_hal_flash.o
LOAD build/debug/stm32f4xx_hal_flash_ex.o
LOAD build/debug/stm32f4xx_hal_flash_ramfunc.o
LOAD build/debug/stm32f4xx_hal_gpio.o
LOAD build/debug/stm32f4xx_hal_i2c.o
LOAD build/debug/stm32f4xx_hal_i2c_ex.o
LOAD build/debug/stm32f4xx_hal_msp.o
LOAD build/debug/stm32f4xx_hal_pcd.o
LOAD build/debug/stm32f4xx_hal_pcd_ex.o
LOAD build/debug/stm32f4xx_hal_pwr.o
LOAD build/debug/stm32f4xx_hal_pwr_ex.o
LOAD build/debug/stm32f4xx_hal_rcc.o
LOAD build/debug/stm32f4xx_hal_rcc_ex.o
LOAD build/debug/stm32f4xx_hal_rtc.o
LOAD build/debug/stm32f4xx_hal_rtc_ex.o
LOAD build/debug/stm32f4xx_hal_spi.o
LOAD build/debug/stm32f4xx_hal_tim.o
LOAD build/debug/stm32f4xx_hal_tim_ex.o
LOAD build/debug/stm32f4xx_hal_uart.o
LOAD build/debug/stm32f4xx_it.o
LOAD build/debug/stm32f4xx_ll_usb.o
LOAD build/debug/syscalls.o
LOAD build/debug/sysmem.o
LOAD build/debug/system_stm32f4xx.o
LOAD build/debug/usb_device.o
LOAD build/debug/usbd_conf.o
LOAD build/debug/usbd_core.o
LOAD build/debug/usbd_ctlreq.o
LOAD build/debug/usbd_desc.o
LOAD build/debug/usbd_ioreq.o
LOAD build/debug/usbd_msc.o
LOAD build/debug/usbd_msc_bot.o
LOAD build/debug/usbd_msc_data.o
LOAD build/debug/usbd_msc_scsi.o
LOAD build/debug/usbd_storage_if.o
LOAD build/debug/startup_stm32f405xx.o
LOAD C:/Program Files (x86)/Arm GNU Toolchain arm-none-eabi/14.2 rel1/bin/../lib/gcc/arm-none-eabi/14.2.1/thumb/v7e-m+fp/hard\libc_nano.a
LOAD C:/Program Files (x86)/Arm GNU Toolchain arm-none-eabi/14.2 rel1/bin/../lib/gcc/arm-none-eabi/14.2.1/thumb/v7e-m+fp/hard\libm.a
LOAD C:/Program Files (x86)/Arm GNU Toolchain arm-none-eabi/14.2 rel1/bin/../lib/gcc/arm-none-eabi/14.2.1/thumb/v7e-m+fp/hard\libnosys.a
START GROUP
LOAD C:/Program Files (x86)/Arm GNU Toolchain arm-none-eabi/14.2 rel1/bin/../lib/gcc/arm-none-eabi/14.2.1/thumb/v7e-m+fp/hard\libgcc.a
LOAD C:/Program Files (x86)/Arm GNU Toolchain arm-none-eabi/14.2 rel1/bin/../lib/gcc/arm-none-eabi/14.2.1/thumb/v7e-m+fp/hard\libc_nano.a
END GROUP
START GROUP
LOAD C:/Program Files (x86)/Arm GNU Toolchain arm-none-eabi/14.2 rel1/bin/../lib/gcc/arm-none-eabi/14.2.1/thumb/v7e-m+fp/hard\libgcc.a
LOAD C:/Program Files (x86)/Arm GNU Toolchain arm-none-eabi/14.2 rel1/bin/../lib/gcc/arm-none-eabi/14.2.1/thumb/v7e-m+fp/hard\libc_nano.a
END GROUP
LOAD C:/Program Files (x86)/Arm GNU Toolchain arm-none-eabi/14.2 rel1/bin/../lib/gcc/arm-none-eabi/14.2.1/thumb/v7e-m+fp/hard/crtend.o
LOAD C:/Program Files (x86)/Arm GNU Toolchain arm-none-eabi/14.2 rel1/bin/../lib/gcc/arm-none-eabi/14.2.1/thumb/v7e-m+fp/hard/crtn.o
                0x20020000                        _estack = (ORIGIN (RAM) + LENGTH (RAM))
                0x00000200                        _Min_Heap_Size = 0x200
                0x00000400                        _Min_Stack_Size = 0x400

.isr_vector     0x08000000      0x188
                0x08000000                        . = ALIGN (0x4)
 *(.isr_vector)
 .isr_vector    0x08000000      0x188 build/debug/startup_stm32f405xx.o
                0x08000000                g_pfnVectors
                0x08000188                        . = ALIGN (0x4)

.text           0x08000188     0x8dd0
                0x08000188                        . = ALIGN (0x4)
 *(.text)
 .text          0x08000188       0x30 C:/Program Files (x86)/Arm GNU Toolchain arm-none-eabi/14.2 rel1/bin/../lib/gcc/arm-none-eabi/14.2.1/thumb/v7e-m+fp/hard\libgcc.a(_aeabi_uldivmod.o)
                0x08000188                __aeabi_uldivmod
 .text          0x080001b8        0x4 C:/Program Files (x86)/Arm GNU Toolchain arm-none-eabi/14.2 rel1/bin/../lib/gcc/arm-none-eabi/14.2.1/thumb/v7e-m+fp/hard\libgcc.a(_dvmd_tls.o)
                0x080001b8                __aeabi_idiv0
                0x080001b8                __aeabi_ldiv0
 *(.text*)
 .text.deregister_tm_clones
                0x080001bc       0x1c C:/Program Files (x86)/Arm GNU Toolchain arm-none-eabi/14.2 rel1/bin/../lib/gcc/arm-none-eabi/14.2.1/thumb/v7e-m+fp/hard/crtbegin.o
 .text.register_tm_clones
                0x080001d8       0x24 C:/Program Files (x86)/Arm GNU Toolchain arm-none-eabi/14.2 rel1/bin/../lib/gcc/arm-none-eabi/14.2.1/thumb/v7e-m+fp/hard/crtbegin.o
 .text.__do_global_dtors_aux
                0x080001fc       0x28 C:/Program Files (x86)/Arm GNU Toolchain arm-none-eabi/14.2 rel1/bin/../lib/gcc/arm-none-eabi/14.2.1/thumb/v7e-m+fp/hard/crtbegin.o
 .text.frame_dummy
                0x08000224       0x24 C:/Program Files (x86)/Arm GNU Toolchain arm-none-eabi/14.2 rel1/bin/../lib/gcc/arm-none-eabi/14.2.1/thumb/v7e-m+fp/hard/crtbegin.o
 .text.MX25FLASH_SPI_Write
                0x08000248       0x18 build/debug/25flash.o
                0x08000248                MX25FLASH_SPI_Write
 .text.MX25FLASH_SPI_Read
                0x08000260       0x18 build/debug/25flash.o
                0x08000260                MX25FLASH_SPI_Read
 .text.MX25FLASH_Read
                0x08000278       0x50 build/debug/25flash.o
                0x08000278                MX25FLASH_Read
 .text.MX25FLASH_WE
                0x080002c8       0x34 build/debug/25flash.o
                0x080002c8                MX25FLASH_WE
 .text.MX25FLASH_Read_Sector
                0x080002fc       0x1e build/debug/25flash.o
                0x080002fc                MX25FLASH_Read_Sector
 *fill*         0x0800031a        0x2 
 .text.MX25FLASH_WFE
                0x0800031c       0x5c build/debug/25flash.o
                0x0800031c                MX25FLASH_WFE
 .text.MX25FLASH_Sector_Erase
                0x08000378       0x4c build/debug/25flash.o
                0x08000378                MX25FLASH_Sector_Erase
 .text.MX25FLASH_Program_Sector
                0x080003c4       0x74 build/debug/25flash.o
                0x080003c4                MX25FLASH_Program_Sector
 .text.BMP388_SetTempOS
                0x08000438       0x18 build/debug/BMP388.o
                0x08000438                BMP388_SetTempOS
 .text.BMP388_SetPressOS
                0x08000450       0x16 build/debug/BMP388.o
                0x08000450                BMP388_SetPressOS
 .text.BMP388_SetIIRFilterCoeff
                0x08000466       0x10 build/debug/BMP388.o
                0x08000466                BMP388_SetIIRFilterCoeff
 .text.BMP388_SetOutputDataRate
                0x08000476        0xe build/debug/BMP388.o
                0x08000476                BMP388_SetOutputDataRate
 .text.BMP388_CompensateTemp
                0x08000484       0x2e build/debug/BMP388.o
                0x08000484                BMP388_CompensateTemp
 .text.BMP388_CompensatePress
                0x080004b2       0x9a build/debug/BMP388.o
                0x080004b2                BMP388_CompensatePress
 .text.BMP388_CompensateRawPressTemp
                0x0800054c       0x2e build/debug/BMP388.o
                0x0800054c                BMP388_CompensateRawPressTemp
 .text.BMP388_ReadBytes
                0x0800057a       0x1c build/debug/BMP388.o
                0x0800057a                BMP388_ReadBytes
 *fill*         0x08000596        0x2 
 .text.BMP388_GetCalibData
                0x08000598      0x1f0 build/debug/BMP388.o
                0x08000598                BMP388_GetCalibData
 .text.BMP388_WriteBytes
                0x08000788       0x1c build/debug/BMP388.o
                0x08000788                BMP388_WriteBytes
 .text.BMP388_ReadRawPressTempTime
                0x080007a4       0xbe build/debug/BMP388.o
                0x080007a4                BMP388_ReadRawPressTempTime
 .text.BMP388_SoftReset
                0x08000862       0x50 build/debug/BMP388.o
                0x08000862                BMP388_SoftReset
 .text.BMP388_Init
                0x080008b2       0x32 build/debug/BMP388.o
                0x080008b2                BMP388_Init
 .text.EE24_Delay
                0x080008e4        0x8 build/debug/ee24.o
                0x080008e4                EE24_Delay
 .text.EE24_Lock
                0x080008ec       0x18 build/debug/ee24.o
                0x080008ec                EE24_Lock
 .text.EE24_UnLock
                0x08000904        0x6 build/debug/ee24.o
                0x08000904                EE24_UnLock
 .text.EE24_Init
                0x0800090a       0x44 build/debug/ee24.o
                0x0800090a                EE24_Init
 .text.EE24_Read
                0x0800094e       0x3a build/debug/ee24.o
                0x0800094e                EE24_Read
 .text.LSM6DSO_Init
                0x08000988       0x9c build/debug/lsm6dso.o
                0x08000988                LSM6DSO_Init
 .text.LSM6DSO_ReadID
                0x08000a24       0x12 build/debug/lsm6dso.o
                0x08000a24                LSM6DSO_ReadID
 *fill*         0x08000a36        0x2 
 .text.LSM6DSO_ACC_GetSensitivity
                0x08000a38       0x58 build/debug/lsm6dso.o
                0x08000a38                LSM6DSO_ACC_GetSensitivity
 .text.LSM6DSO_ACC_GetAxes
                0x08000a90       0x7c build/debug/lsm6dso.o
                0x08000a90                LSM6DSO_ACC_GetAxes
 .text.lsm6dso_xl_full_scale_set
                0x08000b0c       0x32 build/debug/lsm6dso_reg.o
                0x08000b0c                lsm6dso_xl_full_scale_set
 .text.lsm6dso_xl_full_scale_get
                0x08000b3e       0x44 build/debug/lsm6dso_reg.o
                0x08000b3e                lsm6dso_xl_full_scale_get
 .text.lsm6dso_gy_full_scale_set
                0x08000b82       0x32 build/debug/lsm6dso_reg.o
                0x08000b82                lsm6dso_gy_full_scale_set
 .text.lsm6dso_block_data_update_set
                0x08000bb4       0x32 build/debug/lsm6dso_reg.o
                0x08000bb4                lsm6dso_block_data_update_set
 .text.lsm6dso_acceleration_raw_get
                0x08000be6       0x44 build/debug/lsm6dso_reg.o
                0x08000be6                lsm6dso_acceleration_raw_get
 .text.lsm6dso_mem_bank_set
                0x08000c2a       0x32 build/debug/lsm6dso_reg.o
                0x08000c2a                lsm6dso_mem_bank_set
 .text.lsm6dso_device_id_get
                0x08000c5c        0xe build/debug/lsm6dso_reg.o
                0x08000c5c                lsm6dso_device_id_get
 .text.lsm6dso_auto_increment_set
                0x08000c6a       0x32 build/debug/lsm6dso_reg.o
                0x08000c6a                lsm6dso_auto_increment_set
 .text.lsm6dso_i3c_disable_set
                0x08000c9c       0x6a build/debug/lsm6dso_reg.o
                0x08000c9c                lsm6dso_i3c_disable_set
 .text.lsm6dso_fifo_mode_set
                0x08000d06       0x32 build/debug/lsm6dso_reg.o
                0x08000d06                lsm6dso_fifo_mode_set
 .text.lsm6dso_fsm_enable_get
                0x08000d38       0x2a build/debug/lsm6dso_reg.o
                0x08000d38                lsm6dso_fsm_enable_get
 .text.lsm6dso_fsm_data_rate_get
                0x08000d62       0x5e build/debug/lsm6dso_reg.o
                0x08000d62                lsm6dso_fsm_data_rate_get
 .text.lsm6dso_xl_data_rate_set
                0x08000dc0      0x10a build/debug/lsm6dso_reg.o
                0x08000dc0                lsm6dso_xl_data_rate_set
 .text.lsm6dso_gy_data_rate_set
                0x08000eca      0x10a build/debug/lsm6dso_reg.o
                0x08000eca                lsm6dso_gy_data_rate_set
 .text.MX_GPIO_Init
                0x08000fd4      0x160 build/debug/main.o
 .text.MX_DMA_Init
                0x08001134       0x34 build/debug/main.o
 .text.lsm6dso_write_reg
                0x08001168       0x40 build/debug/main.o
                0x08001168                lsm6dso_write_reg
 .text.lsm6dso_read_reg
                0x080011a8       0x40 build/debug/main.o
                0x080011a8                lsm6dso_read_reg
 .text.Error_Handler
                0x080011e8        0x4 build/debug/main.o
                0x080011e8                Error_Handler
 .text.MX_ADC1_Init
                0x080011ec       0x68 build/debug/main.o
 .text.MX_I2C1_Init
                0x08001254       0x38 build/debug/main.o
 .text.MX_I2C2_Init
                0x0800128c       0x38 build/debug/main.o
 .text.MX_I2C3_Init
                0x080012c4       0x38 build/debug/main.o
 .text.MX_RTC_Init
                0x080012fc       0x30 build/debug/main.o
 .text.MX_SPI1_Init
                0x0800132c       0x40 build/debug/main.o
 .text.MX_SPI2_Init
                0x0800136c       0x40 build/debug/main.o
 .text.MX_SPI3_Init
                0x080013ac       0x40 build/debug/main.o
 .text.MX_TIM3_Init
                0x080013ec       0xa0 build/debug/main.o
 .text.MX_TIM4_Init
                0x0800148c       0xb4 build/debug/main.o
 .text.MX_TIM5_Init
                0x08001540       0xec build/debug/main.o
 .text.MX_USART1_UART_Init
                0x0800162c       0x34 build/debug/main.o
 .text.MX_CRC_Init
                0x08001660       0x1c build/debug/main.o
 .text.SystemClock_Config
                0x0800167c       0xac build/debug/main.o
                0x0800167c                SystemClock_Config
 .text.main     0x08001728      0x124 build/debug/main.o
                0x08001728                main
 .text.HAL_InitTick
                0x0800184c       0x4c build/debug/stm32f4xx_hal.o
                0x0800184c                HAL_InitTick
 .text.HAL_Init
                0x08001898       0x34 build/debug/stm32f4xx_hal.o
                0x08001898                HAL_Init
 .text.HAL_IncTick
                0x080018cc       0x18 build/debug/stm32f4xx_hal.o
                0x080018cc                HAL_IncTick
 .text.HAL_GetTick
                0x080018e4        0xc build/debug/stm32f4xx_hal.o
                0x080018e4                HAL_GetTick
 .text.HAL_Delay
                0x080018f0       0x28 build/debug/stm32f4xx_hal.o
                0x080018f0                HAL_Delay
 .text.ADC_Init
                0x08001918      0x134 build/debug/stm32f4xx_hal_adc.o
 .text.HAL_ADC_Init
                0x08001a4c       0x56 build/debug/stm32f4xx_hal_adc.o
                0x08001a4c                HAL_ADC_Init
 *fill*         0x08001aa2        0x2 
 .text.HAL_ADC_ConfigChannel
                0x08001aa4      0x194 build/debug/stm32f4xx_hal_adc.o
                0x08001aa4                HAL_ADC_ConfigChannel
 .text.__NVIC_EnableIRQ
                0x08001c38       0x1c build/debug/stm32f4xx_hal_cortex.o
 .text.__NVIC_SetPriority
                0x08001c54       0x28 build/debug/stm32f4xx_hal_cortex.o
 .text.NVIC_EncodePriority
                0x08001c7c       0x3e build/debug/stm32f4xx_hal_cortex.o
 *fill*         0x08001cba        0x2 
 .text.HAL_NVIC_SetPriorityGrouping
                0x08001cbc       0x24 build/debug/stm32f4xx_hal_cortex.o
                0x08001cbc                HAL_NVIC_SetPriorityGrouping
 .text.HAL_NVIC_SetPriority
                0x08001ce0       0x20 build/debug/stm32f4xx_hal_cortex.o
                0x08001ce0                HAL_NVIC_SetPriority
 .text.HAL_NVIC_EnableIRQ
                0x08001d00        0x8 build/debug/stm32f4xx_hal_cortex.o
                0x08001d00                HAL_NVIC_EnableIRQ
 .text.HAL_SYSTICK_Config
                0x08001d08       0x28 build/debug/stm32f4xx_hal_cortex.o
                0x08001d08                HAL_SYSTICK_Config
 .text.HAL_CRC_Init
                0x08001d30       0x1e build/debug/stm32f4xx_hal_crc.o
                0x08001d30                HAL_CRC_Init
 *fill*         0x08001d4e        0x2 
 .text.DMA_CalcBaseAndBitshift
                0x08001d50       0x3c build/debug/stm32f4xx_hal_dma.o
 .text.DMA_CheckFifoParam
                0x08001d8c       0x8e build/debug/stm32f4xx_hal_dma.o
 *fill*         0x08001e1a        0x2 
 .text.HAL_DMA_Init
                0x08001e1c       0xcc build/debug/stm32f4xx_hal_dma.o
                0x08001e1c                HAL_DMA_Init
 .text.HAL_DMA_IRQHandler
                0x08001ee8      0x1dc build/debug/stm32f4xx_hal_dma.o
                0x08001ee8                HAL_DMA_IRQHandler
 .text.HAL_GPIO_Init
                0x080020c4      0x1ec build/debug/stm32f4xx_hal_gpio.o
                0x080020c4                HAL_GPIO_Init
 .text.HAL_GPIO_WritePin
                0x080022b0        0xc build/debug/stm32f4xx_hal_gpio.o
                0x080022b0                HAL_GPIO_WritePin
 .text.I2C_IsAcknowledgeFailed
                0x080022bc       0x32 build/debug/stm32f4xx_hal_i2c.o
 .text.I2C_WaitOnFlagUntilTimeout
                0x080022ee       0xaa build/debug/stm32f4xx_hal_i2c.o
 .text.I2C_WaitOnMasterAddressFlagUntilTimeout
                0x08002398       0xd6 build/debug/stm32f4xx_hal_i2c.o
 .text.I2C_WaitOnTXEFlagUntilTimeout
                0x0800246e       0x5e build/debug/stm32f4xx_hal_i2c.o
 .text.I2C_RequestMemoryWrite
                0x080024cc       0xd8 build/debug/stm32f4xx_hal_i2c.o
 .text.I2C_RequestMemoryRead
                0x080025a4      0x154 build/debug/stm32f4xx_hal_i2c.o
 .text.I2C_WaitOnBTFFlagUntilTimeout
                0x080026f8       0x5e build/debug/stm32f4xx_hal_i2c.o
 .text.I2C_WaitOnRXNEFlagUntilTimeout
                0x08002756       0x78 build/debug/stm32f4xx_hal_i2c.o
 *fill*         0x080027ce        0x2 
 .text.HAL_I2C_Init
                0x080027d0      0x1bc build/debug/stm32f4xx_hal_i2c.o
                0x080027d0                HAL_I2C_Init
 .text.HAL_I2C_Mem_Write
                0x0800298c      0x160 build/debug/stm32f4xx_hal_i2c.o
                0x0800298c                HAL_I2C_Mem_Write
 .text.HAL_I2C_Mem_Read
                0x08002aec      0x2f8 build/debug/stm32f4xx_hal_i2c.o
                0x08002aec                HAL_I2C_Mem_Read
 .text.HAL_I2C_IsDeviceReady
                0x08002de4      0x18c build/debug/stm32f4xx_hal_i2c.o
                0x08002de4                HAL_I2C_IsDeviceReady
 .text.HAL_MspInit
                0x08002f70       0x38 build/debug/stm32f4xx_hal_msp.o
                0x08002f70                HAL_MspInit
 .text.HAL_ADC_MspInit
                0x08002fa8       0x68 build/debug/stm32f4xx_hal_msp.o
                0x08002fa8                HAL_ADC_MspInit
 .text.HAL_CRC_MspInit
                0x08003010       0x30 build/debug/stm32f4xx_hal_msp.o
                0x08003010                HAL_CRC_MspInit
 .text.HAL_I2C_MspInit
                0x08003040      0x168 build/debug/stm32f4xx_hal_msp.o
                0x08003040                HAL_I2C_MspInit
 .text.HAL_RTC_MspInit
                0x080031a8       0x48 build/debug/stm32f4xx_hal_msp.o
                0x080031a8                HAL_RTC_MspInit
 .text.HAL_SPI_MspInit
                0x080031f0      0x150 build/debug/stm32f4xx_hal_msp.o
                0x080031f0                HAL_SPI_MspInit
 .text.HAL_TIM_Base_MspInit
                0x08003340       0xcc build/debug/stm32f4xx_hal_msp.o
                0x08003340                HAL_TIM_Base_MspInit
 .text.HAL_TIM_MspPostInit
                0x0800340c       0xc8 build/debug/stm32f4xx_hal_msp.o
                0x0800340c                HAL_TIM_MspPostInit
 .text.HAL_UART_MspInit
                0x080034d4       0x74 build/debug/stm32f4xx_hal_msp.o
                0x080034d4                HAL_UART_MspInit
 .text.PCD_WriteEmptyTxFifo
                0x08003548       0xd0 build/debug/stm32f4xx_hal_pcd.o
 .text.HAL_PCD_Init
                0x08003618      0x102 build/debug/stm32f4xx_hal_pcd.o
                0x08003618                HAL_PCD_Init
 .text.HAL_PCD_Start
                0x0800371a       0x44 build/debug/stm32f4xx_hal_pcd.o
                0x0800371a                HAL_PCD_Start
 *fill*         0x0800375e        0x2 
 .text.PCD_EP_OutXfrComplete_int
                0x08003760      0x104 build/debug/stm32f4xx_hal_pcd.o
 .text.PCD_EP_OutSetupPacket_int
                0x08003864       0x50 build/debug/stm32f4xx_hal_pcd.o
 .text.HAL_PCD_SetAddress
                0x080038b4       0x26 build/debug/stm32f4xx_hal_pcd.o
                0x080038b4                HAL_PCD_SetAddress
 .text.HAL_PCD_EP_Open
                0x080038da       0x8c build/debug/stm32f4xx_hal_pcd.o
                0x080038da                HAL_PCD_EP_Open
 .text.HAL_PCD_EP_Close
                0x08003966       0x70 build/debug/stm32f4xx_hal_pcd.o
                0x08003966                HAL_PCD_EP_Close
 .text.HAL_PCD_EP_Receive
                0x080039d6       0x4a build/debug/stm32f4xx_hal_pcd.o
                0x080039d6                HAL_PCD_EP_Receive
 .text.HAL_PCD_EP_GetRxCount
                0x08003a20       0x12 build/debug/stm32f4xx_hal_pcd.o
                0x08003a20                HAL_PCD_EP_GetRxCount
 .text.HAL_PCD_EP_Transmit
                0x08003a32       0x4a build/debug/stm32f4xx_hal_pcd.o
                0x08003a32                HAL_PCD_EP_Transmit
 .text.HAL_PCD_EP_SetStall
                0x08003a7c       0x86 build/debug/stm32f4xx_hal_pcd.o
                0x08003a7c                HAL_PCD_EP_SetStall
 .text.HAL_PCD_EP_ClrStall
                0x08003b02       0x74 build/debug/stm32f4xx_hal_pcd.o
                0x08003b02                HAL_PCD_EP_ClrStall
 .text.HAL_PCD_EP_Abort
                0x08003b76       0x34 build/debug/stm32f4xx_hal_pcd.o
                0x08003b76                HAL_PCD_EP_Abort
 .text.HAL_PCD_IRQHandler
                0x08003baa      0x5be build/debug/stm32f4xx_hal_pcd.o
                0x08003baa                HAL_PCD_IRQHandler
 .text.HAL_PCD_EP_Flush
                0x08004168       0x36 build/debug/stm32f4xx_hal_pcd.o
                0x08004168                HAL_PCD_EP_Flush
 .text.HAL_PCDEx_SetTxFiFo
                0x0800419e       0x4c build/debug/stm32f4xx_hal_pcd_ex.o
                0x0800419e                HAL_PCDEx_SetTxFiFo
 .text.HAL_PCDEx_SetRxFiFo
                0x080041ea        0x8 build/debug/stm32f4xx_hal_pcd_ex.o
                0x080041ea                HAL_PCDEx_SetRxFiFo
 .text.HAL_PCDEx_LPM_Callback
                0x080041f2        0x2 build/debug/stm32f4xx_hal_pcd_ex.o
                0x080041f2                HAL_PCDEx_LPM_Callback
 .text.HAL_RCC_OscConfig
                0x080041f4      0x3f8 build/debug/stm32f4xx_hal_rcc.o
                0x080041f4                HAL_RCC_OscConfig
 .text.HAL_RCC_GetSysClockFreq
                0x080045ec       0xdc build/debug/stm32f4xx_hal_rcc.o
                0x080045ec                HAL_RCC_GetSysClockFreq
 .text.HAL_RCC_ClockConfig
                0x080046c8      0x160 build/debug/stm32f4xx_hal_rcc.o
                0x080046c8                HAL_RCC_ClockConfig
 .text.HAL_RCC_GetHCLKFreq
                0x08004828        0xc build/debug/stm32f4xx_hal_rcc.o
                0x08004828                HAL_RCC_GetHCLKFreq
 .text.HAL_RCC_GetPCLK1Freq
                0x08004834       0x20 build/debug/stm32f4xx_hal_rcc.o
                0x08004834                HAL_RCC_GetPCLK1Freq
 .text.HAL_RCC_GetPCLK2Freq
                0x08004854       0x20 build/debug/stm32f4xx_hal_rcc.o
                0x08004854                HAL_RCC_GetPCLK2Freq
 .text.HAL_RCCEx_PeriphCLKConfig
                0x08004874      0x154 build/debug/stm32f4xx_hal_rcc_ex.o
                0x08004874                HAL_RCCEx_PeriphCLKConfig
 .text.HAL_RTC_WaitForSynchro
                0x080049c8       0x34 build/debug/stm32f4xx_hal_rtc.o
                0x080049c8                HAL_RTC_WaitForSynchro
 .text.RTC_EnterInitMode
                0x080049fc       0x46 build/debug/stm32f4xx_hal_rtc.o
                0x080049fc                RTC_EnterInitMode
 .text.RTC_ExitInitMode
                0x08004a42       0x2a build/debug/stm32f4xx_hal_rtc.o
                0x08004a42                RTC_ExitInitMode
 .text.HAL_RTC_Init
                0x08004a6c       0x9e build/debug/stm32f4xx_hal_rtc.o
                0x08004a6c                HAL_RTC_Init
 *fill*         0x08004b0a        0x2 
 .text.SPI_WaitFlagStateUntilTimeout
                0x08004b0c       0xc8 build/debug/stm32f4xx_hal_spi.o
 .text.SPI_EndRxTxTransaction
                0x08004bd4       0x80 build/debug/stm32f4xx_hal_spi.o
 .text.SPI_EndRxTransaction
                0x08004c54       0x8c build/debug/stm32f4xx_hal_spi.o
 .text.HAL_SPI_Init
                0x08004ce0       0xbe build/debug/stm32f4xx_hal_spi.o
                0x08004ce0                HAL_SPI_Init
 .text.HAL_SPI_Transmit
                0x08004d9e      0x1c4 build/debug/stm32f4xx_hal_spi.o
                0x08004d9e                HAL_SPI_Transmit
 .text.HAL_SPI_TransmitReceive
                0x08004f62      0x252 build/debug/stm32f4xx_hal_spi.o
                0x08004f62                HAL_SPI_TransmitReceive
 .text.HAL_SPI_Receive
                0x080051b4      0x184 build/debug/stm32f4xx_hal_spi.o
                0x080051b4                HAL_SPI_Receive
 .text.TIM_OC1_SetConfig
                0x08005338       0x70 build/debug/stm32f4xx_hal_tim.o
 .text.TIM_OC3_SetConfig
                0x080053a8       0x70 build/debug/stm32f4xx_hal_tim.o
 .text.TIM_OC4_SetConfig
                0x08005418       0x50 build/debug/stm32f4xx_hal_tim.o
 .text.TIM_TI1_ConfigInputStage
                0x08005468       0x26 build/debug/stm32f4xx_hal_tim.o
 .text.TIM_TI2_ConfigInputStage
                0x0800548e       0x28 build/debug/stm32f4xx_hal_tim.o
 .text.TIM_ITRx_SetConfig
                0x080054b6       0x10 build/debug/stm32f4xx_hal_tim.o
 .text.HAL_TIM_OC_MspInit
                0x080054c6        0x2 build/debug/stm32f4xx_hal_tim.o
                0x080054c6                HAL_TIM_OC_MspInit
 .text.HAL_TIM_PWM_MspInit
                0x080054c8        0x2 build/debug/stm32f4xx_hal_tim.o
                0x080054c8                HAL_TIM_PWM_MspInit
 *fill*         0x080054ca        0x2 
 .text.TIM_Base_SetConfig
                0x080054cc       0xd0 build/debug/stm32f4xx_hal_tim.o
                0x080054cc                TIM_Base_SetConfig
 .text.HAL_TIM_Base_Init
                0x0800559c       0x58 build/debug/stm32f4xx_hal_tim.o
                0x0800559c                HAL_TIM_Base_Init
 .text.HAL_TIM_OC_Init
                0x080055f4       0x58 build/debug/stm32f4xx_hal_tim.o
                0x080055f4                HAL_TIM_OC_Init
 .text.HAL_TIM_PWM_Init
                0x0800564c       0x58 build/debug/stm32f4xx_hal_tim.o
                0x0800564c                HAL_TIM_PWM_Init
 .text.TIM_OC2_SetConfig
                0x080056a4       0x70 build/debug/stm32f4xx_hal_tim.o
                0x080056a4                TIM_OC2_SetConfig
 .text.HAL_TIM_OC_ConfigChannel
                0x08005714       0x5e build/debug/stm32f4xx_hal_tim.o
                0x08005714                HAL_TIM_OC_ConfigChannel
 .text.HAL_TIM_PWM_ConfigChannel
                0x08005772       0xdc build/debug/stm32f4xx_hal_tim.o
                0x08005772                HAL_TIM_PWM_ConfigChannel
 .text.TIM_ETR_SetConfig
                0x0800584e       0x1a build/debug/stm32f4xx_hal_tim.o
                0x0800584e                TIM_ETR_SetConfig
 .text.HAL_TIM_ConfigClockSource
                0x08005868       0xfe build/debug/stm32f4xx_hal_tim.o
                0x08005868                HAL_TIM_ConfigClockSource
 *fill*         0x08005966        0x2 
 .text.HAL_TIMEx_MasterConfigSynchronization
                0x08005968       0x8c build/debug/stm32f4xx_hal_tim_ex.o
                0x08005968                HAL_TIMEx_MasterConfigSynchronization
 .text.UART_SetConfig
                0x080059f4      0x110 build/debug/stm32f4xx_hal_uart.o
 .text.HAL_UART_Init
                0x08005b04       0x60 build/debug/stm32f4xx_hal_uart.o
                0x08005b04                HAL_UART_Init
 .text.NMI_Handler
                0x08005b64        0x2 build/debug/stm32f4xx_it.o
                0x08005b64                NMI_Handler
 .text.HardFault_Handler
                0x08005b66        0x2 build/debug/stm32f4xx_it.o
                0x08005b66                HardFault_Handler
 .text.MemManage_Handler
                0x08005b68        0x2 build/debug/stm32f4xx_it.o
                0x08005b68                MemManage_Handler
 .text.BusFault_Handler
                0x08005b6a        0x2 build/debug/stm32f4xx_it.o
                0x08005b6a                BusFault_Handler
 .text.UsageFault_Handler
                0x08005b6c        0x2 build/debug/stm32f4xx_it.o
                0x08005b6c                UsageFault_Handler
 .text.SVC_Handler
                0x08005b6e        0x2 build/debug/stm32f4xx_it.o
                0x08005b6e                SVC_Handler
 .text.DebugMon_Handler
                0x08005b70        0x2 build/debug/stm32f4xx_it.o
                0x08005b70                DebugMon_Handler
 .text.PendSV_Handler
                0x08005b72        0x2 build/debug/stm32f4xx_it.o
                0x08005b72                PendSV_Handler
 .text.SysTick_Handler
                0x08005b74        0x8 build/debug/stm32f4xx_it.o
                0x08005b74                SysTick_Handler
 .text.DMA1_Stream4_IRQHandler
                0x08005b7c       0x10 build/debug/stm32f4xx_it.o
                0x08005b7c                DMA1_Stream4_IRQHandler
 .text.OTG_FS_IRQHandler
                0x08005b8c       0x10 build/debug/stm32f4xx_it.o
                0x08005b8c                OTG_FS_IRQHandler
 .text.USB_CoreReset
                0x08005b9c       0x58 build/debug/stm32f4xx_ll_usb.o
 .text.USB_CoreInit
                0x08005bf4       0x92 build/debug/stm32f4xx_ll_usb.o
                0x08005bf4                USB_CoreInit
 *fill*         0x08005c86        0x2 
 .text.USB_SetTurnaroundTime
                0x08005c88       0xe4 build/debug/stm32f4xx_ll_usb.o
                0x08005c88                USB_SetTurnaroundTime
 .text.USB_EnableGlobalInt
                0x08005d6c        0xc build/debug/stm32f4xx_ll_usb.o
                0x08005d6c                USB_EnableGlobalInt
 .text.USB_DisableGlobalInt
                0x08005d78        0xc build/debug/stm32f4xx_ll_usb.o
                0x08005d78                USB_DisableGlobalInt
 .text.USB_FlushTxFifo
                0x08005d84       0x4a build/debug/stm32f4xx_ll_usb.o
                0x08005d84                USB_FlushTxFifo
 .text.USB_FlushRxFifo
                0x08005dce       0x46 build/debug/stm32f4xx_ll_usb.o
                0x08005dce                USB_FlushRxFifo
 .text.USB_SetDevSpeed
                0x08005e14        0xe build/debug/stm32f4xx_ll_usb.o
                0x08005e14                USB_SetDevSpeed
 *fill*         0x08005e22        0x2 
 .text.USB_DevInit
                0x08005e24      0x198 build/debug/stm32f4xx_ll_usb.o
                0x08005e24                USB_DevInit
 .text.USB_GetDevSpeed
                0x08005fbc       0x22 build/debug/stm32f4xx_ll_usb.o
                0x08005fbc                USB_GetDevSpeed
 .text.USB_ActivateEndpoint
                0x08005fde       0x9a build/debug/stm32f4xx_ll_usb.o
                0x08005fde                USB_ActivateEndpoint
 .text.USB_DeactivateEndpoint
                0x08006078       0xe0 build/debug/stm32f4xx_ll_usb.o
                0x08006078                USB_DeactivateEndpoint
 .text.USB_EPStopXfer
                0x08006158       0xbe build/debug/stm32f4xx_ll_usb.o
                0x08006158                USB_EPStopXfer
 .text.USB_WritePacket
                0x08006216       0x2e build/debug/stm32f4xx_ll_usb.o
                0x08006216                USB_WritePacket
 .text.USB_EPStartXfer
                0x08006244      0x244 build/debug/stm32f4xx_ll_usb.o
                0x08006244                USB_EPStartXfer
 .text.USB_ReadPacket
                0x08006488       0x46 build/debug/stm32f4xx_ll_usb.o
                0x08006488                USB_ReadPacket
 .text.USB_EPSetStall
                0x080064ce       0x5a build/debug/stm32f4xx_ll_usb.o
                0x080064ce                USB_EPSetStall
 .text.USB_EPClearStall
                0x08006528       0x5c build/debug/stm32f4xx_ll_usb.o
                0x08006528                USB_EPClearStall
 .text.USB_SetDevAddress
                0x08006584       0x20 build/debug/stm32f4xx_ll_usb.o
                0x08006584                USB_SetDevAddress
 .text.USB_DevConnect
                0x080065a4       0x1c build/debug/stm32f4xx_ll_usb.o
                0x080065a4                USB_DevConnect
 .text.USB_DevDisconnect
                0x080065c0       0x1c build/debug/stm32f4xx_ll_usb.o
                0x080065c0                USB_DevDisconnect
 .text.USB_ReadInterrupts
                0x080065dc        0x8 build/debug/stm32f4xx_ll_usb.o
                0x080065dc                USB_ReadInterrupts
 .text.USB_ReadDevAllOutEpInterrupt
                0x080065e4       0x10 build/debug/stm32f4xx_ll_usb.o
                0x080065e4                USB_ReadDevAllOutEpInterrupt
 .text.USB_ReadDevAllInEpInterrupt
                0x080065f4       0x10 build/debug/stm32f4xx_ll_usb.o
                0x080065f4                USB_ReadDevAllInEpInterrupt
 .text.USB_ReadDevOutEPInterrupt
                0x08006604       0x12 build/debug/stm32f4xx_ll_usb.o
                0x08006604                USB_ReadDevOutEPInterrupt
 .text.USB_ReadDevInEPInterrupt
                0x08006616       0x24 build/debug/stm32f4xx_ll_usb.o
                0x08006616                USB_ReadDevInEPInterrupt
 .text.USB_GetMode
                0x0800663a        0x8 build/debug/stm32f4xx_ll_usb.o
                0x0800663a                USB_GetMode
 .text.USB_SetCurrentMode
                0x08006642       0x62 build/debug/stm32f4xx_ll_usb.o
                0x08006642                USB_SetCurrentMode
 .text.USB_ActivateSetup
                0x080066a4       0x1c build/debug/stm32f4xx_ll_usb.o
                0x080066a4                USB_ActivateSetup
 .text.USB_EP0_OutStart
                0x080066c0       0x60 build/debug/stm32f4xx_ll_usb.o
                0x080066c0                USB_EP0_OutStart
 .text.SystemInit
                0x08006720       0x14 build/debug/system_stm32f4xx.o
                0x08006720                SystemInit
 .text.MX_USB_DEVICE_Init
                0x08006734       0x54 build/debug/usb_device.o
                0x08006734                MX_USB_DEVICE_Init
 .text.HAL_PCD_MspInit
                0x08006788       0x88 build/debug/usbd_conf.o
                0x08006788                HAL_PCD_MspInit
 .text.HAL_PCD_SetupStageCallback
                0x08006810       0x10 build/debug/usbd_conf.o
                0x08006810                HAL_PCD_SetupStageCallback
 .text.HAL_PCD_DataOutStageCallback
                0x08006820       0x18 build/debug/usbd_conf.o
                0x08006820                HAL_PCD_DataOutStageCallback
 .text.HAL_PCD_DataInStageCallback
                0x08006838       0x16 build/debug/usbd_conf.o
                0x08006838                HAL_PCD_DataInStageCallback
 .text.HAL_PCD_SOFCallback
                0x0800684e        0xc build/debug/usbd_conf.o
                0x0800684e                HAL_PCD_SOFCallback
 .text.HAL_PCD_ResetCallback
                0x0800685a       0x28 build/debug/usbd_conf.o
                0x0800685a                HAL_PCD_ResetCallback
 *fill*         0x08006882        0x2 
 .text.HAL_PCD_SuspendCallback
                0x08006884       0x30 build/debug/usbd_conf.o
                0x08006884                HAL_PCD_SuspendCallback
 .text.HAL_PCD_ResumeCallback
                0x080068b4        0xc build/debug/usbd_conf.o
                0x080068b4                HAL_PCD_ResumeCallback
 .text.HAL_PCD_ISOOUTIncompleteCallback
                0x080068c0        0xc build/debug/usbd_conf.o
                0x080068c0                HAL_PCD_ISOOUTIncompleteCallback
 .text.HAL_PCD_ISOINIncompleteCallback
                0x080068cc        0xc build/debug/usbd_conf.o
                0x080068cc                HAL_PCD_ISOINIncompleteCallback
 .text.HAL_PCD_ConnectCallback
                0x080068d8        0xc build/debug/usbd_conf.o
                0x080068d8                HAL_PCD_ConnectCallback
 .text.HAL_PCD_DisconnectCallback
                0x080068e4        0xc build/debug/usbd_conf.o
                0x080068e4                HAL_PCD_DisconnectCallback
 .text.USBD_LL_Init
                0x080068f0       0x68 build/debug/usbd_conf.o
                0x080068f0                USBD_LL_Init
 .text.USBD_LL_IsStallEP
                0x08006958       0x2c build/debug/usbd_conf.o
                0x08006958                USBD_LL_IsStallEP
 .text.USBD_LL_GetRxDataSize
                0x08006984        0xc build/debug/usbd_conf.o
                0x08006984                USBD_LL_GetRxDataSize
 .text.USBD_static_malloc
                0x08006990        0x8 build/debug/usbd_conf.o
                0x08006990                USBD_static_malloc
 .text.USBD_static_free
                0x08006998        0x2 build/debug/usbd_conf.o
                0x08006998                USBD_static_free
 .text.USBD_Get_USB_Status
                0x0800699a       0x14 build/debug/usbd_conf.o
                0x0800699a                USBD_Get_USB_Status
 .text.USBD_LL_Start
                0x080069ae       0x10 build/debug/usbd_conf.o
                0x080069ae                USBD_LL_Start
 .text.USBD_LL_OpenEP
                0x080069be       0x16 build/debug/usbd_conf.o
                0x080069be                USBD_LL_OpenEP
 .text.USBD_LL_CloseEP
                0x080069d4       0x10 build/debug/usbd_conf.o
                0x080069d4                USBD_LL_CloseEP
 .text.USBD_LL_FlushEP
                0x080069e4       0x10 build/debug/usbd_conf.o
                0x080069e4                USBD_LL_FlushEP
 .text.USBD_LL_StallEP
                0x080069f4       0x10 build/debug/usbd_conf.o
                0x080069f4                USBD_LL_StallEP
 .text.USBD_LL_ClearStallEP
                0x08006a04       0x10 build/debug/usbd_conf.o
                0x08006a04                USBD_LL_ClearStallEP
 .text.USBD_LL_SetUSBAddress
                0x08006a14       0x10 build/debug/usbd_conf.o
                0x08006a14                USBD_LL_SetUSBAddress
 .text.USBD_LL_Transmit
                0x08006a24       0x10 build/debug/usbd_conf.o
                0x08006a24                USBD_LL_Transmit
 .text.USBD_LL_PrepareReceive
                0x08006a34       0x10 build/debug/usbd_conf.o
                0x08006a34                USBD_LL_PrepareReceive
 .text.USBD_Init
                0x08006a44       0x2e build/debug/usbd_core.o
                0x08006a44                USBD_Init
 .text.USBD_RegisterClass
                0x08006a72       0x40 build/debug/usbd_core.o
                0x08006a72                USBD_RegisterClass
 .text.USBD_Start
                0x08006ab2        0x8 build/debug/usbd_core.o
                0x08006ab2                USBD_Start
 .text.USBD_SetClassConfig
                0x08006aba       0x12 build/debug/usbd_core.o
                0x08006aba                USBD_SetClassConfig
 .text.USBD_ClrClassConfig
                0x08006acc       0x12 build/debug/usbd_core.o
                0x08006acc                USBD_ClrClassConfig
 .text.USBD_LL_SetupStage
                0x08006ade       0x58 build/debug/usbd_core.o
                0x08006ade                USBD_LL_SetupStage
 .text.USBD_LL_Reset
                0x08006b36       0x66 build/debug/usbd_core.o
                0x08006b36                USBD_LL_Reset
 .text.USBD_LL_SetSpeed
                0x08006b9c        0x6 build/debug/usbd_core.o
                0x08006b9c                USBD_LL_SetSpeed
 .text.USBD_LL_Suspend
                0x08006ba2       0x1c build/debug/usbd_core.o
                0x08006ba2                USBD_LL_Suspend
 .text.USBD_LL_Resume
                0x08006bbe       0x18 build/debug/usbd_core.o
                0x08006bbe                USBD_LL_Resume
 .text.USBD_LL_SOF
                0x08006bd6       0x20 build/debug/usbd_core.o
                0x08006bd6                USBD_LL_SOF
 .text.USBD_LL_IsoINIncomplete
                0x08006bf6       0x2c build/debug/usbd_core.o
                0x08006bf6                USBD_LL_IsoINIncomplete
 .text.USBD_LL_IsoOUTIncomplete
                0x08006c22       0x2c build/debug/usbd_core.o
                0x08006c22                USBD_LL_IsoOUTIncomplete
 .text.USBD_LL_DevConnected
                0x08006c4e        0x4 build/debug/usbd_core.o
                0x08006c4e                USBD_LL_DevConnected
 .text.USBD_LL_DevDisconnected
                0x08006c52       0x20 build/debug/usbd_core.o
                0x08006c52                USBD_LL_DevDisconnected
 .text.USBD_CoreFindIF
                0x08006c72        0x4 build/debug/usbd_core.o
                0x08006c72                USBD_CoreFindIF
 .text.USBD_CoreFindEP
                0x08006c76        0x4 build/debug/usbd_core.o
                0x08006c76                USBD_CoreFindEP
 .text.USBD_LL_DataOutStage
                0x08006c7a       0xc6 build/debug/usbd_core.o
                0x08006c7a                USBD_LL_DataOutStage
 .text.USBD_LL_DataInStage
                0x08006d40       0xd4 build/debug/usbd_core.o
                0x08006d40                USBD_LL_DataInStage
 .text.USBD_GetNextDesc
                0x08006e14        0xe build/debug/usbd_core.o
                0x08006e14                USBD_GetNextDesc
 .text.USBD_GetEpDesc
                0x08006e22       0x3e build/debug/usbd_core.o
                0x08006e22                USBD_GetEpDesc
 .text.USBD_GetLen
                0x08006e60       0x14 build/debug/usbd_ctlreq.o
 .text.USBD_ParseSetupRequest
                0x08006e74       0x28 build/debug/usbd_ctlreq.o
                0x08006e74                USBD_ParseSetupRequest
 .text.USBD_CtlError
                0x08006e9c       0x14 build/debug/usbd_ctlreq.o
                0x08006e9c                USBD_CtlError
 .text.USBD_GetDescriptor
                0x08006eb0      0x18a build/debug/usbd_ctlreq.o
 .text.USBD_SetAddress
                0x0800703a       0x4e build/debug/usbd_ctlreq.o
 .text.USBD_SetConfig
                0x08007088       0xcc build/debug/usbd_ctlreq.o
 .text.USBD_GetConfig
                0x08007154       0x40 build/debug/usbd_ctlreq.o
 .text.USBD_GetStatus
                0x08007194       0x38 build/debug/usbd_ctlreq.o
 .text.USBD_SetFeature
                0x080071cc       0x2a build/debug/usbd_ctlreq.o
 .text.USBD_ClrFeature
                0x080071f6       0x26 build/debug/usbd_ctlreq.o
 .text.USBD_StdDevReq
                0x0800721c       0x76 build/debug/usbd_ctlreq.o
                0x0800721c                USBD_StdDevReq
 .text.USBD_StdItfReq
                0x08007292       0x84 build/debug/usbd_ctlreq.o
                0x08007292                USBD_StdItfReq
 .text.USBD_StdEPReq
                0x08007316      0x23a build/debug/usbd_ctlreq.o
                0x08007316                USBD_StdEPReq
 .text.USBD_GetString
                0x08007550       0x46 build/debug/usbd_ctlreq.o
                0x08007550                USBD_GetString
 *fill*         0x08007596        0x2 
 .text.USBD_FS_DeviceDescriptor
                0x08007598        0xc build/debug/usbd_desc.o
                0x08007598                USBD_FS_DeviceDescriptor
 .text.USBD_FS_LangIDStrDescriptor
                0x080075a4        0xc build/debug/usbd_desc.o
                0x080075a4                USBD_FS_LangIDStrDescriptor
 .text.IntToUnicode
                0x080075b0       0x46 build/debug/usbd_desc.o
 *fill*         0x080075f6        0x2 
 .text.Get_SerialNum
                0x080075f8       0x38 build/debug/usbd_desc.o
 .text.USBD_FS_SerialStrDescriptor
                0x08007630       0x14 build/debug/usbd_desc.o
                0x08007630                USBD_FS_SerialStrDescriptor
 .text.USBD_FS_ProductStrDescriptor
                0x08007644       0x24 build/debug/usbd_desc.o
                0x08007644                USBD_FS_ProductStrDescriptor
 .text.USBD_FS_ManufacturerStrDescriptor
                0x08007668       0x1c build/debug/usbd_desc.o
                0x08007668                USBD_FS_ManufacturerStrDescriptor
 .text.USBD_FS_ConfigStrDescriptor
                0x08007684       0x24 build/debug/usbd_desc.o
                0x08007684                USBD_FS_ConfigStrDescriptor
 .text.USBD_FS_InterfaceStrDescriptor
                0x080076a8       0x24 build/debug/usbd_desc.o
                0x080076a8                USBD_FS_InterfaceStrDescriptor
 .text.USBD_CtlSendData
                0x080076cc       0x1c build/debug/usbd_ioreq.o
                0x080076cc                USBD_CtlSendData
 .text.USBD_CtlContinueSendData
                0x080076e8       0x10 build/debug/usbd_ioreq.o
                0x080076e8                USBD_CtlContinueSendData
 .text.USBD_CtlContinueRx
                0x080076f8       0x10 build/debug/usbd_ioreq.o
                0x080076f8                USBD_CtlContinueRx
 .text.USBD_CtlSendStatus
                0x08007708       0x16 build/debug/usbd_ioreq.o
                0x08007708                USBD_CtlSendStatus
 .text.USBD_CtlReceiveStatus
                0x0800771e       0x16 build/debug/usbd_ioreq.o
                0x0800771e                USBD_CtlReceiveStatus
 .text.USBD_MSC_GetDeviceQualifierDescriptor
                0x08007734        0xc build/debug/usbd_msc.o
                0x08007734                USBD_MSC_GetDeviceQualifierDescriptor
 .text.USBD_MSC_Init
                0x08007740       0xcc build/debug/usbd_msc.o
                0x08007740                USBD_MSC_Init
 .text.USBD_MSC_DeInit
                0x0800780c       0x78 build/debug/usbd_msc.o
                0x0800780c                USBD_MSC_DeInit
 .text.USBD_MSC_Setup
                0x08007884      0x140 build/debug/usbd_msc.o
                0x08007884                USBD_MSC_Setup
 .text.USBD_MSC_DataIn
                0x080079c4        0xa build/debug/usbd_msc.o
                0x080079c4                USBD_MSC_DataIn
 .text.USBD_MSC_DataOut
                0x080079ce        0xa build/debug/usbd_msc.o
                0x080079ce                USBD_MSC_DataOut
 .text.USBD_MSC_GetHSCfgDesc
                0x080079d8       0x38 build/debug/usbd_msc.o
                0x080079d8                USBD_MSC_GetHSCfgDesc
 .text.USBD_MSC_GetFSCfgDesc
                0x08007a10       0x38 build/debug/usbd_msc.o
                0x08007a10                USBD_MSC_GetFSCfgDesc
 .text.USBD_MSC_GetOtherSpeedCfgDesc
                0x08007a48       0x38 build/debug/usbd_msc.o
                0x08007a48                USBD_MSC_GetOtherSpeedCfgDesc
 .text.USBD_MSC_RegisterStorage
                0x08007a80       0x16 build/debug/usbd_msc.o
                0x08007a80                USBD_MSC_RegisterStorage
 *fill*         0x08007a96        0x2 
 .text.MSC_BOT_SendData
                0x08007a98       0x40 build/debug/usbd_msc_bot.o
 .text.MSC_BOT_Abort
                0x08007ad8       0x5c build/debug/usbd_msc_bot.o
 .text.MSC_BOT_Init
                0x08007b34       0x60 build/debug/usbd_msc_bot.o
                0x08007b34                MSC_BOT_Init
 .text.MSC_BOT_Reset
                0x08007b94       0x44 build/debug/usbd_msc_bot.o
                0x08007b94                MSC_BOT_Reset
 .text.MSC_BOT_DeInit
                0x08007bd8       0x12 build/debug/usbd_msc_bot.o
                0x08007bd8                MSC_BOT_DeInit
 *fill*         0x08007bea        0x2 
 .text.MSC_BOT_SendCSW
                0x08007bec       0x4c build/debug/usbd_msc_bot.o
                0x08007bec                MSC_BOT_SendCSW
 .text.MSC_BOT_DataIn
                0x08007c38       0x44 build/debug/usbd_msc_bot.o
                0x08007c38                MSC_BOT_DataIn
 .text.MSC_BOT_CBW_Decode
                0x08007c7c       0xb8 build/debug/usbd_msc_bot.o
 .text.MSC_BOT_DataOut
                0x08007d34       0x3a build/debug/usbd_msc_bot.o
                0x08007d34                MSC_BOT_DataOut
 *fill*         0x08007d6e        0x2 
 .text.MSC_BOT_CplClrFeature
                0x08007d70       0x48 build/debug/usbd_msc_bot.o
                0x08007d70                MSC_BOT_CplClrFeature
 .text.SCSI_AllowPreventRemovable
                0x08007db8       0x28 build/debug/usbd_msc_scsi.o
 .text.SCSI_UpdateBotData
                0x08007de0       0x22 build/debug/usbd_msc_scsi.o
 *fill*         0x08007e02        0x2 
 .text.SCSI_ModeSense6
                0x08007e04       0x5c build/debug/usbd_msc_scsi.o
 .text.SCSI_ModeSense10
                0x08007e60       0x58 build/debug/usbd_msc_scsi.o
 .text.SCSI_ReceiveDiagnosticResults
                0x08007eb8       0x2c build/debug/usbd_msc_scsi.o
 .text.SCSI_ReportLuns
                0x08007ee4       0x70 build/debug/usbd_msc_scsi.o
 .text.SCSI_SenseCode
                0x08007f54       0x38 build/debug/usbd_msc_scsi.o
                0x08007f54                SCSI_SenseCode
 .text.SCSI_TestUnitReady
                0x08007f8c       0x76 build/debug/usbd_msc_scsi.o
 .text.SCSI_RequestSense
                0x08008002       0x92 build/debug/usbd_msc_scsi.o
 .text.SCSI_Inquiry
                0x08008094       0xa4 build/debug/usbd_msc_scsi.o
 .text.SCSI_StartStopUnit
                0x08008138       0x60 build/debug/usbd_msc_scsi.o
 .text.SCSI_ReadFormatCapacity
                0x08008198       0x94 build/debug/usbd_msc_scsi.o
 .text.SCSI_ReadCapacity10
                0x0800822c       0x7e build/debug/usbd_msc_scsi.o
 .text.SCSI_ReadCapacity16
                0x080082aa       0xbe build/debug/usbd_msc_scsi.o
 .text.SCSI_CheckAddressRange
                0x08008368       0x36 build/debug/usbd_msc_scsi.o
 *fill*         0x0800839e        0x2 
 .text.SCSI_ProcessRead
                0x080083a0       0xc4 build/debug/usbd_msc_scsi.o
 .text.SCSI_Read10
                0x08008464       0xf6 build/debug/usbd_msc_scsi.o
 .text.SCSI_Read12
                0x0800855a      0x102 build/debug/usbd_msc_scsi.o
 .text.SCSI_ProcessWrite
                0x0800865c       0xd4 build/debug/usbd_msc_scsi.o
 .text.SCSI_Write10
                0x08008730      0x144 build/debug/usbd_msc_scsi.o
 .text.SCSI_Write12
                0x08008874      0x158 build/debug/usbd_msc_scsi.o
 .text.SCSI_Verify10
                0x080089cc       0x4a build/debug/usbd_msc_scsi.o
 .text.SCSI_ProcessCmd
                0x08008a16      0x114 build/debug/usbd_msc_scsi.o
                0x08008a16                SCSI_ProcessCmd
 .text.STORAGE_Init_FS
                0x08008b2a        0x4 build/debug/usbd_storage_if.o
 .text.STORAGE_GetCapacity_FS
                0x08008b2e       0x10 build/debug/usbd_storage_if.o
 .text.STORAGE_IsReady_FS
                0x08008b3e        0x4 build/debug/usbd_storage_if.o
 .text.STORAGE_IsWriteProtected_FS
                0x08008b42        0x4 build/debug/usbd_storage_if.o
 .text.STORAGE_GetMaxLun_FS
                0x08008b46        0x4 build/debug/usbd_storage_if.o
 .text.STORAGE_Write_FS
                0x08008b4a       0x28 build/debug/usbd_storage_if.o
 .text.STORAGE_Read_FS
                0x08008b72        0xc build/debug/usbd_storage_if.o
 *fill*         0x08008b7e        0x2 
 .text.Reset_Handler
                0x08008b80       0x50 build/debug/startup_stm32f405xx.o
                0x08008b80                Reset_Handler
 .text.Default_Handler
                0x08008bd0        0x2 build/debug/startup_stm32f405xx.o
                0x08008bd0                RTC_Alarm_IRQHandler
                0x08008bd0                HASH_RNG_IRQHandler
                0x08008bd0                EXTI2_IRQHandler
                0x08008bd0                TIM8_CC_IRQHandler
                0x08008bd0                TIM1_CC_IRQHandler
                0x08008bd0                DMA2_Stream5_IRQHandler
                0x08008bd0                DMA1_Stream5_IRQHandler
                0x08008bd0                PVD_IRQHandler
                0x08008bd0                SDIO_IRQHandler
                0x08008bd0                TAMP_STAMP_IRQHandler
                0x08008bd0                CAN2_RX1_IRQHandler
                0x08008bd0                EXTI3_IRQHandler
                0x08008bd0                TIM8_TRG_COM_TIM14_IRQHandler
                0x08008bd0                TIM1_UP_TIM10_IRQHandler
                0x08008bd0                TIM8_UP_TIM13_IRQHandler
                0x08008bd0                I2C3_ER_IRQHandler
                0x08008bd0                EXTI0_IRQHandler
                0x08008bd0                I2C2_EV_IRQHandler
                0x08008bd0                DMA1_Stream2_IRQHandler
                0x08008bd0                CAN1_RX0_IRQHandler
                0x08008bd0                FPU_IRQHandler
                0x08008bd0                OTG_HS_WKUP_IRQHandler
                0x08008bd0                CAN2_SCE_IRQHandler
                0x08008bd0                DMA2_Stream2_IRQHandler
                0x08008bd0                SPI1_IRQHandler
                0x08008bd0                TIM6_DAC_IRQHandler
                0x08008bd0                TIM1_BRK_TIM9_IRQHandler
                0x08008bd0                CAN2_RX0_IRQHandler
                0x08008bd0                DMA2_Stream3_IRQHandler
                0x08008bd0                USART6_IRQHandler
                0x08008bd0                USART3_IRQHandler
                0x08008bd0                CAN1_RX1_IRQHandler
                0x08008bd0                UART5_IRQHandler
                0x08008bd0                DMA2_Stream0_IRQHandler
                0x08008bd0                TIM4_IRQHandler
                0x08008bd0                I2C1_EV_IRQHandler
                0x08008bd0                DMA1_Stream6_IRQHandler
                0x08008bd0                DMA1_Stream1_IRQHandler
                0x08008bd0                UART4_IRQHandler
                0x08008bd0                TIM3_IRQHandler
                0x08008bd0                RCC_IRQHandler
                0x08008bd0                TIM8_BRK_TIM12_IRQHandler
                0x08008bd0                Default_Handler
                0x08008bd0                EXTI15_10_IRQHandler
                0x08008bd0                ADC_IRQHandler
                0x08008bd0                DMA1_Stream7_IRQHandler
                0x08008bd0                TIM7_IRQHandler
                0x08008bd0                CAN2_TX_IRQHandler
                0x08008bd0                TIM5_IRQHandler
                0x08008bd0                DMA2_Stream7_IRQHandler
                0x08008bd0                I2C3_EV_IRQHandler
                0x08008bd0                EXTI9_5_IRQHandler
                0x08008bd0                RTC_WKUP_IRQHandler
                0x08008bd0                SPI2_IRQHandler
                0x08008bd0                OTG_HS_EP1_IN_IRQHandler
                0x08008bd0                DMA1_Stream0_IRQHandler
                0x08008bd0                CAN1_TX_IRQHandler
                0x08008bd0                EXTI4_IRQHandler
                0x08008bd0                FSMC_IRQHandler
                0x08008bd0                OTG_HS_EP1_OUT_IRQHandler
                0x08008bd0                WWDG_IRQHandler
                0x08008bd0                TIM2_IRQHandler
                0x08008bd0                OTG_FS_WKUP_IRQHandler
                0x08008bd0                TIM1_TRG_COM_TIM11_IRQHandler
                0x08008bd0                OTG_HS_IRQHandler
                0x08008bd0                EXTI1_IRQHandler
                0x08008bd0                USART2_IRQHandler
                0x08008bd0                I2C2_ER_IRQHandler
                0x08008bd0                DMA2_Stream1_IRQHandler
                0x08008bd0                CAN1_SCE_IRQHandler
                0x08008bd0                FLASH_IRQHandler
                0x08008bd0                DMA2_Stream4_IRQHandler
                0x08008bd0                USART1_IRQHandler
                0x08008bd0                SPI3_IRQHandler
                0x08008bd0                I2C1_ER_IRQHandler
                0x08008bd0                DMA2_Stream6_IRQHandler
                0x08008bd0                DMA1_Stream3_IRQHandler
 .text.memset   0x08008bd2       0x10 C:/Program Files (x86)/Arm GNU Toolchain arm-none-eabi/14.2 rel1/bin/../lib/gcc/arm-none-eabi/14.2.1/thumb/v7e-m+fp/hard\libc_nano.a(libc_a-memset.o)
                0x08008bd2                memset
 *fill*         0x08008be2        0x2 
 .text.__libc_init_array
                0x08008be4       0x48 C:/Program Files (x86)/Arm GNU Toolchain arm-none-eabi/14.2 rel1/bin/../lib/gcc/arm-none-eabi/14.2.1/thumb/v7e-m+fp/hard\libc_nano.a(libc_a-init.o)
                0x08008be4                __libc_init_array
 .text.memcpy   0x08008c2c       0x1c C:/Program Files (x86)/Arm GNU Toolchain arm-none-eabi/14.2 rel1/bin/../lib/gcc/arm-none-eabi/14.2.1/thumb/v7e-m+fp/hard\libc_nano.a(libc_a-memcpy-stub.o)
                0x08008c2c                memcpy
 .text.__udivmoddi4
                0x08008c48      0x2f8 C:/Program Files (x86)/Arm GNU Toolchain arm-none-eabi/14.2 rel1/bin/../lib/gcc/arm-none-eabi/14.2.1/thumb/v7e-m+fp/hard\libgcc.a(_udivmoddi4.o)
                0x08008c48                __udivmoddi4
 *(.glue_7)
 .glue_7        0x08008f40        0x0 linker stubs
 *(.glue_7t)
 .glue_7t       0x08008f40        0x0 linker stubs
 *(.eh_frame)
 .eh_frame      0x08008f40        0x0 C:/Program Files (x86)/Arm GNU Toolchain arm-none-eabi/14.2 rel1/bin/../lib/gcc/arm-none-eabi/14.2.1/thumb/v7e-m+fp/hard/crtbegin.o
 *(.init)
 .init          0x08008f40        0x4 C:/Program Files (x86)/Arm GNU Toolchain arm-none-eabi/14.2 rel1/bin/../lib/gcc/arm-none-eabi/14.2.1/thumb/v7e-m+fp/hard/crti.o
                0x08008f40                _init
 .init          0x08008f44        0x8 C:/Program Files (x86)/Arm GNU Toolchain arm-none-eabi/14.2 rel1/bin/../lib/gcc/arm-none-eabi/14.2.1/thumb/v7e-m+fp/hard/crtn.o
 *(.fini)
 .fini          0x08008f4c        0x4 C:/Program Files (x86)/Arm GNU Toolchain arm-none-eabi/14.2 rel1/bin/../lib/gcc/arm-none-eabi/14.2.1/thumb/v7e-m+fp/hard/crti.o
                0x08008f4c                _fini
 .fini          0x08008f50        0x8 C:/Program Files (x86)/Arm GNU Toolchain arm-none-eabi/14.2 rel1/bin/../lib/gcc/arm-none-eabi/14.2.1/thumb/v7e-m+fp/hard/crtn.o
                0x08008f58                        . = ALIGN (0x4)
                0x08008f58                        _etext = .

.vfp11_veneer   0x08008f58        0x0
 .vfp11_veneer  0x08008f58        0x0 linker stubs

.v4_bx          0x08008f58        0x0
 .v4_bx         0x08008f58        0x0 linker stubs

.iplt           0x08008f58        0x0
 .iplt          0x08008f58        0x0 C:/Program Files (x86)/Arm GNU Toolchain arm-none-eabi/14.2 rel1/bin/../lib/gcc/arm-none-eabi/14.2.1/thumb/v7e-m+fp/hard/crtbegin.o

.rodata         0x08008f58       0x88
                0x08008f58                        . = ALIGN (0x4)
 *(.rodata)
 *(.rodata*)
 .rodata.flagBitshiftOffset.0
                0x08008f58        0x8 build/debug/stm32f4xx_hal_dma.o
 .rodata.APBPrescTable
                0x08008f60        0x8 build/debug/system_stm32f4xx.o
                0x08008f60                APBPrescTable
 .rodata.AHBPrescTable
                0x08008f68       0x10 build/debug/system_stm32f4xx.o
                0x08008f68                AHBPrescTable
 .rodata.USBD_FS_ProductStrDescriptor.str1.4
                0x08008f78       0x42 build/debug/usbd_desc.o
                                 0x13 (size before relaxing)
 .rodata.USBD_FS_ManufacturerStrDescriptor.str1.4
                0x08008fba       0x13 build/debug/usbd_desc.o
 .rodata.USBD_FS_ConfigStrDescriptor.str1.4
                0x08008fba        0xb build/debug/usbd_desc.o
 .rodata.USBD_FS_InterfaceStrDescriptor.str1.4
                0x08008fba        0xe build/debug/usbd_desc.o
 *fill*         0x08008fba        0x2 
 .rodata.STORAGE_Inquirydata_FS
                0x08008fbc       0x24 build/debug/usbd_storage_if.o
                0x08008fbc                STORAGE_Inquirydata_FS
                0x08008fe0                        . = ALIGN (0x4)

.ARM.extab      0x08008fe0        0x0
                0x08008fe0                        . = ALIGN (0x4)
 *(.ARM.extab* .gnu.linkonce.armextab.*)
                0x08008fe0                        . = ALIGN (0x4)

.ARM            0x08008fe0        0x8
                0x08008fe0                        . = ALIGN (0x4)
                0x08008fe0                        __exidx_start = .
 *(.ARM.exidx*)
 .ARM.exidx.text.__udivmoddi4
                0x08008fe0        0x8 C:/Program Files (x86)/Arm GNU Toolchain arm-none-eabi/14.2 rel1/bin/../lib/gcc/arm-none-eabi/14.2.1/thumb/v7e-m+fp/hard\libgcc.a(_udivmoddi4.o)
                0x08008fe8                        __exidx_end = .
                0x08008fe8                        . = ALIGN (0x4)

.preinit_array  0x08008fe8        0x0
                0x08008fe8                        . = ALIGN (0x4)
                0x08008fe8                        PROVIDE (__preinit_array_start = .)
 *(.preinit_array*)
                0x08008fe8                        PROVIDE (__preinit_array_end = .)
                0x08008fe8                        . = ALIGN (0x4)

.init_array     0x08008fe8        0x4
                0x08008fe8                        . = ALIGN (0x4)
                0x08008fe8                        PROVIDE (__init_array_start = .)
 *(SORT_BY_NAME(.init_array.*))
 *(.init_array*)
 .init_array    0x08008fe8        0x4 C:/Program Files (x86)/Arm GNU Toolchain arm-none-eabi/14.2 rel1/bin/../lib/gcc/arm-none-eabi/14.2.1/thumb/v7e-m+fp/hard/crtbegin.o
                0x08008fec                        PROVIDE (__init_array_end = .)
                0x08008fec                        . = ALIGN (0x4)

.fini_array     0x08008fec        0x4
                0x08008fec                        . = ALIGN (0x4)
                [!provide]                        PROVIDE (__fini_array_start = .)
 *(SORT_BY_NAME(.fini_array.*))
 *(.fini_array*)
 .fini_array    0x08008fec        0x4 C:/Program Files (x86)/Arm GNU Toolchain arm-none-eabi/14.2 rel1/bin/../lib/gcc/arm-none-eabi/14.2.1/thumb/v7e-m+fp/hard/crtbegin.o
                [!provide]                        PROVIDE (__fini_array_end = .)
                0x08008ff0                        . = ALIGN (0x4)
                0x08008ff0                        _sidata = LOADADDR (.data)

.rel.dyn        0x08008ff0        0x0
 .rel.iplt      0x08008ff0        0x0 C:/Program Files (x86)/Arm GNU Toolchain arm-none-eabi/14.2 rel1/bin/../lib/gcc/arm-none-eabi/14.2.1/thumb/v7e-m+fp/hard/crtbegin.o

.data           0x20000000      0x100 load address 0x08008ff0
                0x20000000                        . = ALIGN (0x4)
                0x20000000                        _sdata = .
 *(.data)
 *(.data*)
 .data.uwTickFreq
                0x20000000        0x1 build/debug/stm32f4xx_hal.o
                0x20000000                uwTickFreq
 *fill*         0x20000001        0x3 
 .data.uwTickPrio
                0x20000004        0x4 build/debug/stm32f4xx_hal.o
                0x20000004                uwTickPrio
 .data.SystemCoreClock
                0x20000008        0x4 build/debug/system_stm32f4xx.o
                0x20000008                SystemCoreClock
 .data.USBD_StringSerial
                0x2000000c       0x1a build/debug/usbd_desc.o
                0x2000000c                USBD_StringSerial
 *fill*         0x20000026        0x2 
 .data.USBD_LangIDDesc
                0x20000028        0x4 build/debug/usbd_desc.o
                0x20000028                USBD_LangIDDesc
 .data.USBD_FS_DeviceDesc
                0x2000002c       0x12 build/debug/usbd_desc.o
                0x2000002c                USBD_FS_DeviceDesc
 *fill*         0x2000003e        0x2 
 .data.FS_Desc  0x20000040       0x1c build/debug/usbd_desc.o
                0x20000040                FS_Desc
 .data.MSCOutEpAdd
                0x2000005c        0x1 build/debug/usbd_msc.o
                0x2000005c                MSCOutEpAdd
 .data.MSCInEpAdd
                0x2000005d        0x1 build/debug/usbd_msc.o
                0x2000005d                MSCInEpAdd
 *fill*         0x2000005e        0x2 
 .data.USBD_MSC_DeviceQualifierDesc
                0x20000060        0xa build/debug/usbd_msc.o
 *fill*         0x2000006a        0x2 
 .data.USBD_MSC_CfgDesc
                0x2000006c       0x20 build/debug/usbd_msc.o
 .data.USBD_MSC
                0x2000008c       0x38 build/debug/usbd_msc.o
                0x2000008c                USBD_MSC
 .data.MSC_Mode_Sense10_data
                0x200000c4        0x8 build/debug/usbd_msc_data.o
                0x200000c4                MSC_Mode_Sense10_data
 .data.MSC_Mode_Sense6_data
                0x200000cc        0x4 build/debug/usbd_msc_data.o
                0x200000cc                MSC_Mode_Sense6_data
 .data.MSC_Page80_Inquiry_Data
                0x200000d0        0x8 build/debug/usbd_msc_data.o
                0x200000d0                MSC_Page80_Inquiry_Data
 .data.MSC_Page00_Inquiry_Data
                0x200000d8        0x6 build/debug/usbd_msc_data.o
                0x200000d8                MSC_Page00_Inquiry_Data
 *fill*         0x200000de        0x2 
 .data.USBD_Storage_Interface_fops_FS
                0x200000e0       0x20 build/debug/usbd_storage_if.o
                0x200000e0                USBD_Storage_Interface_fops_FS
 *(.RamFunc)
 *(.RamFunc*)
                0x20000100                        . = ALIGN (0x4)
                0x20000100                        _edata = .
                0x080090f0                        _siccmram = LOADADDR (.ccmram)

.tm_clone_table
                0x20000100        0x0 load address 0x080090f0
 .tm_clone_table
                0x20000100        0x0 C:/Program Files (x86)/Arm GNU Toolchain arm-none-eabi/14.2 rel1/bin/../lib/gcc/arm-none-eabi/14.2.1/thumb/v7e-m+fp/hard/crtbegin.o
 .tm_clone_table
                0x20000100        0x0 C:/Program Files (x86)/Arm GNU Toolchain arm-none-eabi/14.2 rel1/bin/../lib/gcc/arm-none-eabi/14.2.1/thumb/v7e-m+fp/hard/crtend.o

.igot.plt       0x20000100        0x0 load address 0x080090f0
 .igot.plt      0x20000100        0x0 C:/Program Files (x86)/Arm GNU Toolchain arm-none-eabi/14.2 rel1/bin/../lib/gcc/arm-none-eabi/14.2.1/thumb/v7e-m+fp/hard/crtbegin.o

.ccmram         0x10000000        0x0 load address 0x080090f0
                0x10000000                        . = ALIGN (0x4)
                0x10000000                        _sccmram = .
 *(.ccmram)
 *(.ccmram*)
                0x10000000                        . = ALIGN (0x4)
                0x10000000                        _eccmram = .
                0x10000000                        . = ALIGN (0x4)

.bss            0x20000100     0x1108
                0x20000100                        _sbss = .
                0x20000100                        __bss_start__ = _sbss
 *(.bss)
 *(.bss*)
 .bss.completed.1
                0x20000100        0x1 C:/Program Files (x86)/Arm GNU Toolchain arm-none-eabi/14.2 rel1/bin/../lib/gcc/arm-none-eabi/14.2.1/thumb/v7e-m+fp/hard/crtbegin.o
 *fill*         0x20000101        0x3 
 .bss.object.0  0x20000104       0x18 C:/Program Files (x86)/Arm GNU Toolchain arm-none-eabi/14.2 rel1/bin/../lib/gcc/arm-none-eabi/14.2.1/thumb/v7e-m+fp/hard/crtbegin.o
 .bss.h24lc64   0x2000011c       0x10 build/debug/main.o
                0x2000011c                h24lc64
 .bss.hbmp388   0x2000012c       0x40 build/debug/main.o
                0x2000012c                hbmp388
 .bss.hlsm6dso1
                0x2000016c       0x38 build/debug/main.o
                0x2000016c                hlsm6dso1
 .bss.huart1    0x200001a4       0x48 build/debug/main.o
                0x200001a4                huart1
 .bss.hdma_tim3_ch1_trig
                0x200001ec       0x60 build/debug/main.o
                0x200001ec                hdma_tim3_ch1_trig
 .bss.htim5     0x2000024c       0x48 build/debug/main.o
                0x2000024c                htim5
 .bss.htim4     0x20000294       0x48 build/debug/main.o
                0x20000294                htim4
 .bss.htim3     0x200002dc       0x48 build/debug/main.o
                0x200002dc                htim3
 .bss.hspi3     0x20000324       0x58 build/debug/main.o
                0x20000324                hspi3
 .bss.hspi2     0x2000037c       0x58 build/debug/main.o
                0x2000037c                hspi2
 .bss.hspi1     0x200003d4       0x58 build/debug/main.o
                0x200003d4                hspi1
 .bss.hrtc      0x2000042c       0x20 build/debug/main.o
                0x2000042c                hrtc
 .bss.hi2c3     0x2000044c       0x54 build/debug/main.o
                0x2000044c                hi2c3
 .bss.hi2c2     0x200004a0       0x54 build/debug/main.o
                0x200004a0                hi2c2
 .bss.hi2c1     0x200004f4       0x54 build/debug/main.o
                0x200004f4                hi2c1
 .bss.hcrc      0x20000548        0x8 build/debug/main.o
                0x20000548                hcrc
 .bss.hadc1     0x20000550       0x48 build/debug/main.o
                0x20000550                hadc1
 .bss.uwTick    0x20000598        0x4 build/debug/stm32f4xx_hal.o
                0x20000598                uwTick
 .bss.hUsbDeviceFS
                0x2000059c      0x2dc build/debug/usb_device.o
                0x2000059c                hUsbDeviceFS
 .bss.mem.0     0x20000878      0x288 build/debug/usbd_conf.o
 .bss.hpcd_USB_OTG_FS
                0x20000b00      0x4e4 build/debug/usbd_conf.o
                0x20000b00                hpcd_USB_OTG_FS
 .bss.cfgidx.0  0x20000fe4        0x1 build/debug/usbd_ctlreq.o
 *fill*         0x20000fe5        0x3 
 .bss.USBD_StrDesc
                0x20000fe8      0x200 build/debug/usbd_desc.o
                0x20000fe8                USBD_StrDesc
 .bss.MSC_Diagnostic_Data
                0x200011e8        0x8 build/debug/usbd_msc_data.o
                0x200011e8                MSC_Diagnostic_Data
 .bss.lun_report.0
                0x200011f0       0x18 build/debug/usbd_msc_scsi.o
 *(COMMON)
                0x20001208                        . = ALIGN (0x4)
                0x20001208                        _ebss = .
                0x20001208                        __bss_end__ = _ebss

._user_heap_stack
                0x20001208      0x600
                0x20001208                        . = ALIGN (0x8)
                [!provide]                        PROVIDE (end = .)
                0x20001208                        PROVIDE (_end = .)
                0x20001408                        . = (. + _Min_Heap_Size)
 *fill*         0x20001208      0x200 
                0x20001808                        . = (. + _Min_Stack_Size)
 *fill*         0x20001408      0x400 
                0x20001808                        . = ALIGN (0x8)

/DISCARD/
 libc.a(*)
 libm.a(*)
 libgcc.a(*)
OUTPUT(build/debug/Flight_comp.elf elf32-littlearm)
LOAD linker stubs
LOAD C:/Program Files (x86)/Arm GNU Toolchain arm-none-eabi/14.2 rel1/bin/../lib/gcc/arm-none-eabi/14.2.1/thumb/v7e-m+fp/hard\libc.a
LOAD C:/Program Files (x86)/Arm GNU Toolchain arm-none-eabi/14.2 rel1/bin/../lib/gcc/arm-none-eabi/14.2.1/thumb/v7e-m+fp/hard\libm.a
LOAD C:/Program Files (x86)/Arm GNU Toolchain arm-none-eabi/14.2 rel1/bin/../lib/gcc/arm-none-eabi/14.2.1/thumb/v7e-m+fp/hard\libgcc.a

.ARM.attributes
                0x00000000       0x30
 .ARM.attributes
                0x00000000       0x22 C:/Program Files (x86)/Arm GNU Toolchain arm-none-eabi/14.2 rel1/bin/../lib/gcc/arm-none-eabi/14.2.1/thumb/v7e-m+fp/hard/crti.o
 .ARM.attributes
                0x00000022       0x34 C:/Program Files (x86)/Arm GNU Toolchain arm-none-eabi/14.2 rel1/bin/../lib/gcc/arm-none-eabi/14.2.1/thumb/v7e-m+fp/hard/crtbegin.o
 .ARM.attributes
                0x00000056       0x34 build/debug/25flash.o
 .ARM.attributes
                0x0000008a       0x34 build/debug/BMP388.o
 .ARM.attributes
                0x000000be       0x34 build/debug/ee24.o
 .ARM.attributes
                0x000000f2       0x34 build/debug/lsm6dso.o
 .ARM.attributes
                0x00000126       0x34 build/debug/lsm6dso_reg.o
 .ARM.attributes
                0x0000015a       0x34 build/debug/main.o
 .ARM.attributes
                0x0000018e       0x34 build/debug/stm32f4xx_hal.o
 .ARM.attributes
                0x000001c2       0x34 build/debug/stm32f4xx_hal_adc.o
 .ARM.attributes
                0x000001f6       0x34 build/debug/stm32f4xx_hal_cortex.o
 .ARM.attributes
                0x0000022a       0x34 build/debug/stm32f4xx_hal_crc.o
 .ARM.attributes
                0x0000025e       0x34 build/debug/stm32f4xx_hal_dma.o
 .ARM.attributes
                0x00000292       0x34 build/debug/stm32f4xx_hal_gpio.o
 .ARM.attributes
                0x000002c6       0x34 build/debug/stm32f4xx_hal_i2c.o
 .ARM.attributes
                0x000002fa       0x34 build/debug/stm32f4xx_hal_msp.o
 .ARM.attributes
                0x0000032e       0x34 build/debug/stm32f4xx_hal_pcd.o
 .ARM.attributes
                0x00000362       0x34 build/debug/stm32f4xx_hal_pcd_ex.o
 .ARM.attributes
                0x00000396       0x34 build/debug/stm32f4xx_hal_rcc.o
 .ARM.attributes
                0x000003ca       0x34 build/debug/stm32f4xx_hal_rcc_ex.o
 .ARM.attributes
                0x000003fe       0x34 build/debug/stm32f4xx_hal_rtc.o
 .ARM.attributes
                0x00000432       0x34 build/debug/stm32f4xx_hal_spi.o
 .ARM.attributes
                0x00000466       0x34 build/debug/stm32f4xx_hal_tim.o
 .ARM.attributes
                0x0000049a       0x34 build/debug/stm32f4xx_hal_tim_ex.o
 .ARM.attributes
                0x000004ce       0x34 build/debug/stm32f4xx_hal_uart.o
 .ARM.attributes
                0x00000502       0x34 build/debug/stm32f4xx_it.o
 .ARM.attributes
                0x00000536       0x34 build/debug/stm32f4xx_ll_usb.o
 .ARM.attributes
                0x0000056a       0x34 build/debug/system_stm32f4xx.o
 .ARM.attributes
                0x0000059e       0x34 build/debug/usb_device.o
 .ARM.attributes
                0x000005d2       0x34 build/debug/usbd_conf.o
 .ARM.attributes
                0x00000606       0x34 build/debug/usbd_core.o
 .ARM.attributes
                0x0000063a       0x34 build/debug/usbd_ctlreq.o
 .ARM.attributes
                0x0000066e       0x34 build/debug/usbd_desc.o
 .ARM.attributes
                0x000006a2       0x34 build/debug/usbd_ioreq.o
 .ARM.attributes
                0x000006d6       0x34 build/debug/usbd_msc.o
 .ARM.attributes
                0x0000070a       0x34 build/debug/usbd_msc_bot.o
 .ARM.attributes
                0x0000073e       0x34 build/debug/usbd_msc_data.o
 .ARM.attributes
                0x00000772       0x34 build/debug/usbd_msc_scsi.o
 .ARM.attributes
                0x000007a6       0x34 build/debug/usbd_storage_if.o
 .ARM.attributes
                0x000007da       0x21 build/debug/startup_stm32f405xx.o
 .ARM.attributes
                0x000007fb       0x34 C:/Program Files (x86)/Arm GNU Toolchain arm-none-eabi/14.2 rel1/bin/../lib/gcc/arm-none-eabi/14.2.1/thumb/v7e-m+fp/hard\libc_nano.a(libc_a-memset.o)
 .ARM.attributes
                0x0000082f       0x34 C:/Program Files (x86)/Arm GNU Toolchain arm-none-eabi/14.2 rel1/bin/../lib/gcc/arm-none-eabi/14.2.1/thumb/v7e-m+fp/hard\libc_nano.a(libc_a-init.o)
 .ARM.attributes
                0x00000863       0x34 C:/Program Files (x86)/Arm GNU Toolchain arm-none-eabi/14.2 rel1/bin/../lib/gcc/arm-none-eabi/14.2.1/thumb/v7e-m+fp/hard\libc_nano.a(libc_a-memcpy-stub.o)
 .ARM.attributes
                0x00000897       0x22 C:/Program Files (x86)/Arm GNU Toolchain arm-none-eabi/14.2 rel1/bin/../lib/gcc/arm-none-eabi/14.2.1/thumb/v7e-m+fp/hard\libgcc.a(_aeabi_uldivmod.o)
 .ARM.attributes
                0x000008b9       0x34 C:/Program Files (x86)/Arm GNU Toolchain arm-none-eabi/14.2 rel1/bin/../lib/gcc/arm-none-eabi/14.2.1/thumb/v7e-m+fp/hard\libgcc.a(_udivmoddi4.o)
 .ARM.attributes
                0x000008ed       0x22 C:/Program Files (x86)/Arm GNU Toolchain arm-none-eabi/14.2 rel1/bin/../lib/gcc/arm-none-eabi/14.2.1/thumb/v7e-m+fp/hard\libgcc.a(_dvmd_tls.o)
 .ARM.attributes
                0x0000090f       0x34 C:/Program Files (x86)/Arm GNU Toolchain arm-none-eabi/14.2 rel1/bin/../lib/gcc/arm-none-eabi/14.2.1/thumb/v7e-m+fp/hard/crtend.o
 .ARM.attributes
                0x00000943       0x22 C:/Program Files (x86)/Arm GNU Toolchain arm-none-eabi/14.2 rel1/bin/../lib/gcc/arm-none-eabi/14.2.1/thumb/v7e-m+fp/hard/crtn.o

.comment        0x00000000       0x45
 .comment       0x00000000       0x45 build/debug/25flash.o
                                 0x46 (size before relaxing)
 .comment       0x00000045       0x46 build/debug/BMP388.o
 .comment       0x00000045       0x46 build/debug/ee24.o
 .comment       0x00000045       0x46 build/debug/lsm6dso.o
 .comment       0x00000045       0x46 build/debug/lsm6dso_reg.o
 .comment       0x00000045       0x46 build/debug/main.o
 .comment       0x00000045       0x46 build/debug/stm32f4xx_hal.o
 .comment       0x00000045       0x46 build/debug/stm32f4xx_hal_adc.o
 .comment       0x00000045       0x46 build/debug/stm32f4xx_hal_cortex.o
 .comment       0x00000045       0x46 build/debug/stm32f4xx_hal_crc.o
 .comment       0x00000045       0x46 build/debug/stm32f4xx_hal_dma.o
 .comment       0x00000045       0x46 build/debug/stm32f4xx_hal_gpio.o
 .comment       0x00000045       0x46 build/debug/stm32f4xx_hal_i2c.o
 .comment       0x00000045       0x46 build/debug/stm32f4xx_hal_msp.o
 .comment       0x00000045       0x46 build/debug/stm32f4xx_hal_pcd.o
 .comment       0x00000045       0x46 build/debug/stm32f4xx_hal_pcd_ex.o
 .comment       0x00000045       0x46 build/debug/stm32f4xx_hal_rcc.o
 .comment       0x00000045       0x46 build/debug/stm32f4xx_hal_rcc_ex.o
 .comment       0x00000045       0x46 build/debug/stm32f4xx_hal_rtc.o
 .comment       0x00000045       0x46 build/debug/stm32f4xx_hal_spi.o
 .comment       0x00000045       0x46 build/debug/stm32f4xx_hal_tim.o
 .comment       0x00000045       0x46 build/debug/stm32f4xx_hal_tim_ex.o
 .comment       0x00000045       0x46 build/debug/stm32f4xx_hal_uart.o
 .comment       0x00000045       0x46 build/debug/stm32f4xx_it.o
 .comment       0x00000045       0x46 build/debug/stm32f4xx_ll_usb.o
 .comment       0x00000045       0x46 build/debug/system_stm32f4xx.o
 .comment       0x00000045       0x46 build/debug/usb_device.o
 .comment       0x00000045       0x46 build/debug/usbd_conf.o
 .comment       0x00000045       0x46 build/debug/usbd_core.o
 .comment       0x00000045       0x46 build/debug/usbd_ctlreq.o
 .comment       0x00000045       0x46 build/debug/usbd_desc.o
 .comment       0x00000045       0x46 build/debug/usbd_ioreq.o
 .comment       0x00000045       0x46 build/debug/usbd_msc.o
 .comment       0x00000045       0x46 build/debug/usbd_msc_bot.o
 .comment       0x00000045       0x46 build/debug/usbd_msc_data.o
 .comment       0x00000045       0x46 build/debug/usbd_msc_scsi.o
 .comment       0x00000045       0x46 build/debug/usbd_storage_if.o

.debug_info     0x00000000    0x48c97
 .debug_info    0x00000000      0xe98 build/debug/25flash.o
 .debug_info    0x00000e98     0x14f3 build/debug/BMP388.o
 .debug_info    0x0000238b      0xb65 build/debug/ee24.o
 .debug_info    0x00002ef0     0x8aac build/debug/lsm6dso.o
 .debug_info    0x0000b99c    0x13c5f build/debug/lsm6dso_reg.o
 .debug_info    0x0001f5fb     0x390d build/debug/main.o
 .debug_info    0x00022f08      0x9d0 build/debug/stm32f4xx_hal.o
 .debug_info    0x000238d8      0xe96 build/debug/stm32f4xx_hal_adc.o
 .debug_info    0x0002476e      0xfe3 build/debug/stm32f4xx_hal_cortex.o
 .debug_info    0x00025751      0x3bc build/debug/stm32f4xx_hal_crc.o
 .debug_info    0x00025b0d      0xad9 build/debug/stm32f4xx_hal_dma.o
 .debug_info    0x000265e6      0x704 build/debug/stm32f4xx_hal_gpio.o
 .debug_info    0x00026cea     0x3805 build/debug/stm32f4xx_hal_i2c.o
 .debug_info    0x0002a4ef     0x20a9 build/debug/stm32f4xx_hal_msp.o
 .debug_info    0x0002c598     0x1c14 build/debug/stm32f4xx_hal_pcd.o
 .debug_info    0x0002e1ac      0x6f9 build/debug/stm32f4xx_hal_pcd_ex.o
 .debug_info    0x0002e8a5      0xa81 build/debug/stm32f4xx_hal_rcc.o
 .debug_info    0x0002f326      0x651 build/debug/stm32f4xx_hal_rcc_ex.o
 .debug_info    0x0002f977      0xfc1 build/debug/stm32f4xx_hal_rtc.o
 .debug_info    0x00030938     0x1ccc build/debug/stm32f4xx_hal_spi.o
 .debug_info    0x00032604     0x3c53 build/debug/stm32f4xx_hal_tim.o
 .debug_info    0x00036257     0x1ade build/debug/stm32f4xx_hal_tim_ex.o
 .debug_info    0x00037d35     0x4018 build/debug/stm32f4xx_hal_uart.o
 .debug_info    0x0003bd4d      0x8b7 build/debug/stm32f4xx_it.o
 .debug_info    0x0003c604     0x1e82 build/debug/stm32f4xx_ll_usb.o
 .debug_info    0x0003e486      0x527 build/debug/system_stm32f4xx.o
 .debug_info    0x0003e9ad      0x7cd build/debug/usb_device.o
 .debug_info    0x0003f17a     0x215d build/debug/usbd_conf.o
 .debug_info    0x000412d7     0x123f build/debug/usbd_core.o
 .debug_info    0x00042516     0x1456 build/debug/usbd_ctlreq.o
 .debug_info    0x0004396c      0x5dd build/debug/usbd_desc.o
 .debug_info    0x00043f49      0x8f6 build/debug/usbd_ioreq.o
 .debug_info    0x0004483f     0x113b build/debug/usbd_msc.o
 .debug_info    0x0004597a      0xfd8 build/debug/usbd_msc_bot.o
 .debug_info    0x00046952      0x129 build/debug/usbd_msc_data.o
 .debug_info    0x00046a7b     0x1d7c build/debug/usbd_msc_scsi.o
 .debug_info    0x000487f7      0x470 build/debug/usbd_storage_if.o
 .debug_info    0x00048c67       0x30 build/debug/startup_stm32f405xx.o

.debug_abbrev   0x00000000     0x5e0a
 .debug_abbrev  0x00000000      0x2a0 build/debug/25flash.o
 .debug_abbrev  0x000002a0      0x313 build/debug/BMP388.o
 .debug_abbrev  0x000005b3      0x238 build/debug/ee24.o
 .debug_abbrev  0x000007eb      0x3b0 build/debug/lsm6dso.o
 .debug_abbrev  0x00000b9b      0x31a build/debug/lsm6dso_reg.o
 .debug_abbrev  0x00000eb5      0x3ea build/debug/main.o
 .debug_abbrev  0x0000129f      0x240 build/debug/stm32f4xx_hal.o
 .debug_abbrev  0x000014df      0x278 build/debug/stm32f4xx_hal_adc.o
 .debug_abbrev  0x00001757      0x391 build/debug/stm32f4xx_hal_cortex.o
 .debug_abbrev  0x00001ae8      0x1d7 build/debug/stm32f4xx_hal_crc.o
 .debug_abbrev  0x00001cbf      0x2c0 build/debug/stm32f4xx_hal_dma.o
 .debug_abbrev  0x00001f7f      0x202 build/debug/stm32f4xx_hal_gpio.o
 .debug_abbrev  0x00002181      0x2c3 build/debug/stm32f4xx_hal_i2c.o
 .debug_abbrev  0x00002444      0x28b build/debug/stm32f4xx_hal_msp.o
 .debug_abbrev  0x000026cf      0x2db build/debug/stm32f4xx_hal_pcd.o
 .debug_abbrev  0x000029aa      0x1f3 build/debug/stm32f4xx_hal_pcd_ex.o
 .debug_abbrev  0x00002b9d      0x2c7 build/debug/stm32f4xx_hal_rcc.o
 .debug_abbrev  0x00002e64      0x1c4 build/debug/stm32f4xx_hal_rcc_ex.o
 .debug_abbrev  0x00003028      0x1f3 build/debug/stm32f4xx_hal_rtc.o
 .debug_abbrev  0x0000321b      0x272 build/debug/stm32f4xx_hal_spi.o
 .debug_abbrev  0x0000348d      0x271 build/debug/stm32f4xx_hal_tim.o
 .debug_abbrev  0x000036fe      0x26f build/debug/stm32f4xx_hal_tim_ex.o
 .debug_abbrev  0x0000396d      0x326 build/debug/stm32f4xx_hal_uart.o
 .debug_abbrev  0x00003c93      0x1db build/debug/stm32f4xx_it.o
 .debug_abbrev  0x00003e6e      0x329 build/debug/stm32f4xx_ll_usb.o
 .debug_abbrev  0x00004197      0x11e build/debug/system_stm32f4xx.o
 .debug_abbrev  0x000042b5      0x1af build/debug/usb_device.o
 .debug_abbrev  0x00004464      0x33e build/debug/usbd_conf.o
 .debug_abbrev  0x000047a2      0x2f8 build/debug/usbd_core.o
 .debug_abbrev  0x00004a9a      0x343 build/debug/usbd_ctlreq.o
 .debug_abbrev  0x00004ddd      0x1ec build/debug/usbd_desc.o
 .debug_abbrev  0x00004fc9      0x1b0 build/debug/usbd_ioreq.o
 .debug_abbrev  0x00005179      0x36d build/debug/usbd_msc.o
 .debug_abbrev  0x000054e6      0x30e build/debug/usbd_msc_bot.o
 .debug_abbrev  0x000057f4       0x6d build/debug/usbd_msc_data.o
 .debug_abbrev  0x00005861      0x37b build/debug/usbd_msc_scsi.o
 .debug_abbrev  0x00005bdc      0x20a build/debug/usbd_storage_if.o
 .debug_abbrev  0x00005de6       0x24 build/debug/startup_stm32f405xx.o

.debug_loclists
                0x00000000    0x20ed8
 .debug_loclists
                0x00000000      0x231 build/debug/25flash.o
 .debug_loclists
                0x00000231      0x8e9 build/debug/BMP388.o
 .debug_loclists
                0x00000b1a      0x33c build/debug/ee24.o
 .debug_loclists
                0x00000e56     0x22d4 build/debug/lsm6dso.o
 .debug_loclists
                0x0000312a     0x73d8 build/debug/lsm6dso_reg.o
 .debug_loclists
                0x0000a502      0x1c1 build/debug/main.o
 .debug_loclists
                0x0000a6c3       0xe1 build/debug/stm32f4xx_hal.o
 .debug_loclists
                0x0000a7a4      0x915 build/debug/stm32f4xx_hal_adc.o
 .debug_loclists
                0x0000b0b9      0x54d build/debug/stm32f4xx_hal_cortex.o
 .debug_loclists
                0x0000b606      0x153 build/debug/stm32f4xx_hal_crc.o
 .debug_loclists
                0x0000b759      0x88a build/debug/stm32f4xx_hal_dma.o
 .debug_loclists
                0x0000bfe3      0x386 build/debug/stm32f4xx_hal_gpio.o
 .debug_loclists
                0x0000c369     0x3174 build/debug/stm32f4xx_hal_i2c.o
 .debug_loclists
                0x0000f4dd      0x35d build/debug/stm32f4xx_hal_msp.o
 .debug_loclists
                0x0000f83a      0xdb6 build/debug/stm32f4xx_hal_pcd.o
 .debug_loclists
                0x000105f0       0xb3 build/debug/stm32f4xx_hal_pcd_ex.o
 .debug_loclists
                0x000106a3      0x3db build/debug/stm32f4xx_hal_rcc.o
 .debug_loclists
                0x00010a7e      0x252 build/debug/stm32f4xx_hal_rcc_ex.o
 .debug_loclists
                0x00010cd0      0xa13 build/debug/stm32f4xx_hal_rtc.o
 .debug_loclists
                0x000116e3     0x14b9 build/debug/stm32f4xx_hal_spi.o
 .debug_loclists
                0x00012b9c     0x37c1 build/debug/stm32f4xx_hal_tim.o
 .debug_loclists
                0x0001635d     0x1402 build/debug/stm32f4xx_hal_tim_ex.o
 .debug_loclists
                0x0001775f     0x2cda build/debug/stm32f4xx_hal_uart.o
 .debug_loclists
                0x0001a439     0x1902 build/debug/stm32f4xx_ll_usb.o
 .debug_loclists
                0x0001bd3b       0x70 build/debug/system_stm32f4xx.o
 .debug_loclists
                0x0001bdab      0x8c6 build/debug/usbd_conf.o
 .debug_loclists
                0x0001c671      0x98f build/debug/usbd_core.o
 .debug_loclists
                0x0001d000     0x104c build/debug/usbd_ctlreq.o
 .debug_loclists
                0x0001e04c      0x299 build/debug/usbd_desc.o
 .debug_loclists
                0x0001e2e5      0x214 build/debug/usbd_ioreq.o
 .debug_loclists
                0x0001e4f9      0x4ba build/debug/usbd_msc.o
 .debug_loclists
                0x0001e9b3      0x3b0 build/debug/usbd_msc_bot.o
 .debug_loclists
                0x0001ed63     0x201f build/debug/usbd_msc_scsi.o
 .debug_loclists
                0x00020d82      0x156 build/debug/usbd_storage_if.o

.debug_aranges  0x00000000     0x2ae0
 .debug_aranges
                0x00000000       0x70 build/debug/25flash.o
 .debug_aranges
                0x00000070       0xa0 build/debug/BMP388.o
 .debug_aranges
                0x00000110       0x48 build/debug/ee24.o
 .debug_aranges
                0x00000158      0x308 build/debug/lsm6dso.o
 .debug_aranges
                0x00000460      0xa78 build/debug/lsm6dso_reg.o
 .debug_aranges
                0x00000ed8       0xd0 build/debug/main.o
 .debug_aranges
                0x00000fa8       0xf0 build/debug/stm32f4xx_hal.o
 .debug_aranges
                0x00001098       0xe8 build/debug/stm32f4xx_hal_adc.o
 .debug_aranges
                0x00001180       0xf8 build/debug/stm32f4xx_hal_cortex.o
 .debug_aranges
                0x00001278       0x50 build/debug/stm32f4xx_hal_crc.o
 .debug_aranges
                0x000012c8       0x90 build/debug/stm32f4xx_hal_dma.o
 .debug_aranges
                0x00001358       0x58 build/debug/stm32f4xx_hal_gpio.o
 .debug_aranges
                0x000013b0      0x2a8 build/debug/stm32f4xx_hal_i2c.o
 .debug_aranges
                0x00001658       0x98 build/debug/stm32f4xx_hal_msp.o
 .debug_aranges
                0x000016f0      0x148 build/debug/stm32f4xx_hal_pcd.o
 .debug_aranges
                0x00001838       0x38 build/debug/stm32f4xx_hal_pcd_ex.o
 .debug_aranges
                0x00001870       0x88 build/debug/stm32f4xx_hal_rcc.o
 .debug_aranges
                0x000018f8       0x48 build/debug/stm32f4xx_hal_rcc_ex.o
 .debug_aranges
                0x00001940       0xe8 build/debug/stm32f4xx_hal_rtc.o
 .debug_aranges
                0x00001a28      0x1d0 build/debug/stm32f4xx_hal_spi.o
 .debug_aranges
                0x00001bf8      0x3d0 build/debug/stm32f4xx_hal_tim.o
 .debug_aranges
                0x00001fc8      0x168 build/debug/stm32f4xx_hal_tim_ex.o
 .debug_aranges
                0x00002130      0x208 build/debug/stm32f4xx_hal_uart.o
 .debug_aranges
                0x00002338       0x70 build/debug/stm32f4xx_it.o
 .debug_aranges
                0x000023a8      0x1a0 build/debug/stm32f4xx_ll_usb.o
 .debug_aranges
                0x00002548       0x28 build/debug/system_stm32f4xx.o
 .debug_aranges
                0x00002570       0x20 build/debug/usb_device.o
 .debug_aranges
                0x00002590      0x110 build/debug/usbd_conf.o
 .debug_aranges
                0x000026a0       0xd8 build/debug/usbd_core.o
 .debug_aranges
                0x00002778       0x88 build/debug/usbd_ctlreq.o
 .debug_aranges
                0x00002800       0x60 build/debug/usbd_desc.o
 .debug_aranges
                0x00002860       0x50 build/debug/usbd_ioreq.o
 .debug_aranges
                0x000028b0       0x68 build/debug/usbd_msc.o
 .debug_aranges
                0x00002918       0x68 build/debug/usbd_msc_bot.o
 .debug_aranges
                0x00002980       0x18 build/debug/usbd_msc_data.o
 .debug_aranges
                0x00002998       0xd0 build/debug/usbd_msc_scsi.o
 .debug_aranges
                0x00002a68       0x50 build/debug/usbd_storage_if.o
 .debug_aranges
                0x00002ab8       0x28 build/debug/startup_stm32f405xx.o

.debug_rnglists
                0x00000000     0x210e
 .debug_rnglists
                0x00000000       0x4f build/debug/25flash.o
 .debug_rnglists
                0x0000004f       0x77 build/debug/BMP388.o
 .debug_rnglists
                0x000000c6       0x42 build/debug/ee24.o
 .debug_rnglists
                0x00000108      0x2b7 build/debug/lsm6dso.o
 .debug_rnglists
                0x000003bf      0x7f9 build/debug/lsm6dso_reg.o
 .debug_rnglists
                0x00000bb8       0x9d build/debug/main.o
 .debug_rnglists
                0x00000c55       0xaf build/debug/stm32f4xx_hal.o
 .debug_rnglists
                0x00000d04       0xb0 build/debug/stm32f4xx_hal_adc.o
 .debug_rnglists
                0x00000db4       0xb5 build/debug/stm32f4xx_hal_cortex.o
 .debug_rnglists
                0x00000e69       0x37 build/debug/stm32f4xx_hal_crc.o
 .debug_rnglists
                0x00000ea0       0x6c build/debug/stm32f4xx_hal_dma.o
 .debug_rnglists
                0x00000f0c       0x3f build/debug/stm32f4xx_hal_gpio.o
 .debug_rnglists
                0x00000f4b      0x236 build/debug/stm32f4xx_hal_i2c.o
 .debug_rnglists
                0x00001181       0x73 build/debug/stm32f4xx_hal_msp.o
 .debug_rnglists
                0x000011f4       0xf7 build/debug/stm32f4xx_hal_pcd.o
 .debug_rnglists
                0x000012eb       0x25 build/debug/stm32f4xx_hal_pcd_ex.o
 .debug_rnglists
                0x00001310       0x75 build/debug/stm32f4xx_hal_rcc.o
 .debug_rnglists
                0x00001385       0x33 build/debug/stm32f4xx_hal_rcc_ex.o
 .debug_rnglists
                0x000013b8       0xb0 build/debug/stm32f4xx_hal_rtc.o
 .debug_rnglists
                0x00001468      0x16a build/debug/stm32f4xx_hal_spi.o
 .debug_rnglists
                0x000015d2      0x302 build/debug/stm32f4xx_hal_tim.o
 .debug_rnglists
                0x000018d4      0x11b build/debug/stm32f4xx_hal_tim_ex.o
 .debug_rnglists
                0x000019ef      0x195 build/debug/stm32f4xx_hal_uart.o
 .debug_rnglists
                0x00001b84       0x4f build/debug/stm32f4xx_it.o
 .debug_rnglists
                0x00001bd3      0x141 build/debug/stm32f4xx_ll_usb.o
 .debug_rnglists
                0x00001d14       0x1a build/debug/system_stm32f4xx.o
 .debug_rnglists
                0x00001d2e       0x13 build/debug/usb_device.o
 .debug_rnglists
                0x00001d41       0xc8 build/debug/usbd_conf.o
 .debug_rnglists
                0x00001e09       0x9f build/debug/usbd_core.o
 .debug_rnglists
                0x00001ea8       0x65 build/debug/usbd_ctlreq.o
 .debug_rnglists
                0x00001f0d       0x43 build/debug/usbd_desc.o
 .debug_rnglists
                0x00001f50       0x37 build/debug/usbd_ioreq.o
 .debug_rnglists
                0x00001f87       0x4b build/debug/usbd_msc.o
 .debug_rnglists
                0x00001fd2       0x4a build/debug/usbd_msc_bot.o
 .debug_rnglists
                0x0000201c       0xa2 build/debug/usbd_msc_scsi.o
 .debug_rnglists
                0x000020be       0x37 build/debug/usbd_storage_if.o
 .debug_rnglists
                0x000020f5       0x19 build/debug/startup_stm32f405xx.o

.debug_line     0x00000000    0x2ddd3
 .debug_line    0x00000000      0x531 build/debug/25flash.o
 .debug_line    0x00000531      0x949 build/debug/BMP388.o
 .debug_line    0x00000e7a      0x430 build/debug/ee24.o